01:04:31 **** Incremental Build of configuration Debug for project BMP280 ****
make -j8 all 
arm-none-eabi-gcc "../Core/Src/main.c" -mcpu=cortex-m4 -std=gnu11 -g3 -DDEBUG -DUSE_HAL_DRIVER -DSTM32F401xE -c -I../Core/Inc -I../Drivers/STM32F4xx_HAL_Driver/Inc -I../Drivers/STM32F4xx_HAL_Driver/Inc/Legacy -I../Drivers/CMSIS/Device/ST/STM32F4xx/Include -I../Drivers/CMSIS/Include -I"C:/Users/USUARIO/Desktop/Royer/universidad/PDM1/BMP280/Drivers/API" -O0 -ffunction-sections -fdata-sections -Wall -fstack-usage -fcyclomatic-complexity -MMD -MP -MF"Core/Src/main.d" -MT"Core/Src/main.o" --specs=nano.specs -mfpu=fpv4-sp-d16 -mfloat-abi=hard -mthumb -o "Core/Src/main.o"
../Core/Src/main.c: In function 'main':
../Core/Src/main.c:117:24: warning: implicit declaration of function 'sprintf' [-Wimplicit-function-declaration]
  117 |                 size = sprintf((char *)Data, "BMP280 initialization failed\n");
      |                        ^~~~~~~
../Core/Src/main.c:29:1: note: include '<stdio.h>' or provide a declaration of 'sprintf'
   28 | #include <stdlib.h>
  +++ |+#include <stdio.h>
   29 | #include "stm32f4xx_hal.h"
../Core/Src/main.c:117:24: warning: incompatible implicit declaration of built-in function 'sprintf' [-Wbuiltin-declaration-mismatch]
  117 |                 size = sprintf((char *)Data, "BMP280 initialization failed\n");
      |                        ^~~~~~~
../Core/Src/main.c:117:24: note: include '<stdio.h>' or provide a declaration of 'sprintf'
../Core/Src/main.c:118:64: warning: pointer targets in passing argument 1 of 'strlen' differ in signedness [-Wpointer-sign]
  118 |                 HAL_UART_Transmit(&huart2,(char *)Data, strlen(Data), HAL_MAX_DELAY);
      |                                                                ^~~~
      |                                                                |
      |                                                                uint8_t * {aka unsigned char *}
In file included from ../Core/Src/main.c:25:
C:\ST\STM32CubeIDE_1.13.2\STM32CubeIDE\plugins\com.st.stm32cube.ide.mcu.externaltools.gnu-tools-for-stm32.11.3.rel1.win32_1.1.1.202309131626\tools\bin/../lib/gcc/arm-none-eabi/11.3.1/../../../../arm-none-eabi/include/string.h:41:18: note: expected 'const char *' but argument is of type 'uint8_t *' {aka 'unsigned char *'}
   41 | size_t   strlen (const char *);
      |                  ^~~~~~~~~~~~
../Core/Src/main.c:118:43: warning: pointer targets in passing argument 2 of 'HAL_UART_Transmit' differ in signedness [-Wpointer-sign]
  118 |                 HAL_UART_Transmit(&huart2,(char *)Data, strlen(Data), HAL_MAX_DELAY);
      |                                           ^~~~~~~~~~~~
      |                                           |
      |                                           char *
In file included from ../Core/Inc/stm32f4xx_hal_conf.h:411,
                 from ../Drivers/STM32F4xx_HAL_Driver/Inc/stm32f4xx_hal.h:29,
                 from ../Core/Inc/main.h:30,
                 from ../Core/Src/main.c:20:
../Drivers/STM32F4xx_HAL_Driver/Inc/stm32f4xx_hal_uart.h:722:79: note: expected 'const uint8_t *' {aka 'const unsigned char *'} but argument is of type 'char *'
  722 | HAL_StatusTypeDef HAL_UART_Transmit(UART_HandleTypeDef *huart, const uint8_t *pData, uint16_t Size, uint32_t Timeout);
      |                                                                ~~~~~~~~~~~~~~~^~~~~
../Core/Src/main.c:123:16: warning: incompatible implicit declaration of built-in function 'sprintf' [-Wbuiltin-declaration-mismatch]
  123 |         size = sprintf((char *)Data, "BMP280: found %s\n", bme280p ? "BME280" : "BMP280");
      |                ^~~~~~~
../Core/Src/main.c:123:16: note: include '<stdio.h>' or provide a declaration of 'sprintf'
arm-none-eabi-gcc -o "BMP280.elf" @"objects.list"   -mcpu=cortex-m4 -T"C:\Users\USUARIO\Desktop\Royer\universidad\PDM1\BMP280\STM32F401RETX_FLASH.ld" --specs=nosys.specs -Wl,-Map="BMP280.map" -Wl,--gc-sections -static --specs=nano.specs -mfpu=fpv4-sp-d16 -mfloat-abi=hard -mthumb -Wl,--start-group -lc -lm -Wl,--end-group
Finished building target: BMP280.elf
 
arm-none-eabi-size   BMP280.elf 
arm-none-eabi-objdump -h -S  BMP280.elf  > "BMP280.list"
   text	   data	    bss	    dec	    hex	filename
  19016	    100	   2364	  21480	   53e8	BMP280.elf
Finished building: default.size.stdout
 
Finished building: BMP280.list
 

01:04:33 Build Finished. 0 errors, 5 warnings. (took 1s.854ms)

