13:21:40 **** Incremental Build of configuration Debug for project PRACT3 ****
make -j8 all 
arm-none-eabi-size   PRACT3.elf 
   text	   data	    bss	    dec	    hex	filename
   5164	     20	   1572	   6756	   1a64	PRACT3.elf
Finished building: default.size.stdout
 
13:22:14 **** Incremental Build of configuration Debug for project PRACT3 ****
make -j8 all 
arm-none-eabi-gcc "../Core/Src/main.c" -mcpu=cortex-m4 -std=gnu11 -g3 -DDEBUG -DUSE_HAL_DRIVER -DSTM32F401xE -c -I../Core/Inc -I../Drivers/STM32F4xx_HAL_Driver/Inc -I../Drivers/STM32F4xx_HAL_Driver/Inc/Legacy -I../Drivers/CMSIS/Device/ST/STM32F4xx/Include -I../Drivers/CMSIS/Include -I"C:/Users/USUARIO/Desktop/Royer/universidad/PDM1/PRACT3/Drivers/API" -I"C:/Users/USUARIO/Desktop/Royer/universidad/PDM1/PRACT3/Drivers/API/Inc" -I"C:/Users/USUARIO/Desktop/Royer/universidad/PDM1/PRACT3/Drivers/API/Src" -O0 -ffunction-sections -fdata-sections -Wall -fstack-usage -fcyclomatic-complexity -MMD -MP -MF"Core/Src/main.d" -MT"Core/Src/main.o" --specs=nano.specs -mfpu=fpv4-sp-d16 -mfloat-abi=hard -mthumb -o "Core/Src/main.o"
arm-none-eabi-gcc -o "PRACT3.elf" @"objects.list"   -mcpu=cortex-m4 -T"C:\Users\USUARIO\Desktop\Royer\universidad\PDM1\PRACT3\STM32F401RETX_FLASH.ld" --specs=nosys.specs -Wl,-Map="PRACT3.map" -Wl,--gc-sections -static --specs=nano.specs -mfpu=fpv4-sp-d16 -mfloat-abi=hard -mthumb -Wl,--start-group -lc -lm -Wl,--end-group
Finished building target: PRACT3.elf
 
arm-none-eabi-size   PRACT3.elf 
arm-none-eabi-objdump -h -S  PRACT3.elf  > "PRACT3.list"
   text	   data	    bss	    dec	    hex	filename
   5164	     20	   1572	   6756	   1a64	PRACT3.elf
Finished building: default.size.stdout
 
Finished building: PRACT3.list
 
13:23:38 **** Incremental Build of configuration Debug for project PRACT3 ****
make -j8 all 
arm-none-eabi-gcc "../Core/Src/gpio.c" -mcpu=cortex-m4 -std=gnu11 -g3 -DDEBUG -DUSE_HAL_DRIVER -DSTM32F401xE -c -I../Core/Inc -I../Drivers/STM32F4xx_HAL_Driver/Inc -I../Drivers/STM32F4xx_HAL_Driver/Inc/Legacy -I../Drivers/CMSIS/Device/ST/STM32F4xx/Include -I../Drivers/CMSIS/Include -I"C:/Users/USUARIO/Desktop/Royer/universidad/PDM1/PRACT3/Drivers/API" -I"C:/Users/USUARIO/Desktop/Royer/universidad/PDM1/PRACT3/Drivers/API/Inc" -I"C:/Users/USUARIO/Desktop/Royer/universidad/PDM1/PRACT3/Drivers/API/Src" -O0 -ffunction-sections -fdata-sections -Wall -fstack-usage -fcyclomatic-complexity -MMD -MP -MF"Core/Src/gpio.d" -MT"Core/Src/gpio.o" --specs=nano.specs -mfpu=fpv4-sp-d16 -mfloat-abi=hard -mthumb -o "Core/Src/gpio.o"
arm-none-eabi-gcc "../Core/Src/main.c" -mcpu=cortex-m4 -std=gnu11 -g3 -DDEBUG -DUSE_HAL_DRIVER -DSTM32F401xE -c -I../Core/Inc -I../Drivers/STM32F4xx_HAL_Driver/Inc -I../Drivers/STM32F4xx_HAL_Driver/Inc/Legacy -I../Drivers/CMSIS/Device/ST/STM32F4xx/Include -I../Drivers/CMSIS/Include -I"C:/Users/USUARIO/Desktop/Royer/universidad/PDM1/PRACT3/Drivers/API" -I"C:/Users/USUARIO/Desktop/Royer/universidad/PDM1/PRACT3/Drivers/API/Inc" -I"C:/Users/USUARIO/Desktop/Royer/universidad/PDM1/PRACT3/Drivers/API/Src" -O0 -ffunction-sections -fdata-sections -Wall -fstack-usage -fcyclomatic-complexity -MMD -MP -MF"Core/Src/main.d" -MT"Core/Src/main.o" --specs=nano.specs -mfpu=fpv4-sp-d16 -mfloat-abi=hard -mthumb -o "Core/Src/main.o"
arm-none-eabi-gcc "../Core/Src/stm32f4xx_hal_msp.c" -mcpu=cortex-m4 -std=gnu11 -g3 -DDEBUG -DUSE_HAL_DRIVER -DSTM32F401xE -c -I../Core/Inc -I../Drivers/STM32F4xx_HAL_Driver/Inc -I../Drivers/STM32F4xx_HAL_Driver/Inc/Legacy -I../Drivers/CMSIS/Device/ST/STM32F4xx/Include -I../Drivers/CMSIS/Include -I"C:/Users/USUARIO/Desktop/Royer/universidad/PDM1/PRACT3/Drivers/API" -I"C:/Users/USUARIO/Desktop/Royer/universidad/PDM1/PRACT3/Drivers/API/Inc" -I"C:/Users/USUARIO/Desktop/Royer/universidad/PDM1/PRACT3/Drivers/API/Src" -O0 -ffunction-sections -fdata-sections -Wall -fstack-usage -fcyclomatic-complexity -MMD -MP -MF"Core/Src/stm32f4xx_hal_msp.d" -MT"Core/Src/stm32f4xx_hal_msp.o" --specs=nano.specs -mfpu=fpv4-sp-d16 -mfloat-abi=hard -mthumb -o "Core/Src/stm32f4xx_hal_msp.o"
arm-none-eabi-gcc "../Core/Src/stm32f4xx_it.c" -mcpu=cortex-m4 -std=gnu11 -g3 -DDEBUG -DUSE_HAL_DRIVER -DSTM32F401xE -c -I../Core/Inc -I../Drivers/STM32F4xx_HAL_Driver/Inc -I../Drivers/STM32F4xx_HAL_Driver/Inc/Legacy -I../Drivers/CMSIS/Device/ST/STM32F4xx/Include -I../Drivers/CMSIS/Include -I"C:/Users/USUARIO/Desktop/Royer/universidad/PDM1/PRACT3/Drivers/API" -I"C:/Users/USUARIO/Desktop/Royer/universidad/PDM1/PRACT3/Drivers/API/Inc" -I"C:/Users/USUARIO/Desktop/Royer/universidad/PDM1/PRACT3/Drivers/API/Src" -O0 -ffunction-sections -fdata-sections -Wall -fstack-usage -fcyclomatic-complexity -MMD -MP -MF"Core/Src/stm32f4xx_it.d" -MT"Core/Src/stm32f4xx_it.o" --specs=nano.specs -mfpu=fpv4-sp-d16 -mfloat-abi=hard -mthumb -o "Core/Src/stm32f4xx_it.o"
arm-none-eabi-gcc "../Core/Src/syscalls.c" -mcpu=cortex-m4 -std=gnu11 -g3 -DDEBUG -DUSE_HAL_DRIVER -DSTM32F401xE -c -I../Core/Inc -I../Drivers/STM32F4xx_HAL_Driver/Inc -I../Drivers/STM32F4xx_HAL_Driver/Inc/Legacy -I../Drivers/CMSIS/Device/ST/STM32F4xx/Include -I../Drivers/CMSIS/Include -I"C:/Users/USUARIO/Desktop/Royer/universidad/PDM1/PRACT3/Drivers/API" -I"C:/Users/USUARIO/Desktop/Royer/universidad/PDM1/PRACT3/Drivers/API/Inc" -I"C:/Users/USUARIO/Desktop/Royer/universidad/PDM1/PRACT3/Drivers/API/Src" -O0 -ffunction-sections -fdata-sections -Wall -fstack-usage -fcyclomatic-complexity -MMD -MP -MF"Core/Src/syscalls.d" -MT"Core/Src/syscalls.o" --specs=nano.specs -mfpu=fpv4-sp-d16 -mfloat-abi=hard -mthumb -o "Core/Src/syscalls.o"
arm-none-eabi-gcc "../Core/Src/sysmem.c" -mcpu=cortex-m4 -std=gnu11 -g3 -DDEBUG -DUSE_HAL_DRIVER -DSTM32F401xE -c -I../Core/Inc -I../Drivers/STM32F4xx_HAL_Driver/Inc -I../Drivers/STM32F4xx_HAL_Driver/Inc/Legacy -I../Drivers/CMSIS/Device/ST/STM32F4xx/Include -I../Drivers/CMSIS/Include -I"C:/Users/USUARIO/Desktop/Royer/universidad/PDM1/PRACT3/Drivers/API" -I"C:/Users/USUARIO/Desktop/Royer/universidad/PDM1/PRACT3/Drivers/API/Inc" -I"C:/Users/USUARIO/Desktop/Royer/universidad/PDM1/PRACT3/Drivers/API/Src" -O0 -ffunction-sections -fdata-sections -Wall -fstack-usage -fcyclomatic-complexity -MMD -MP -MF"Core/Src/sysmem.d" -MT"Core/Src/sysmem.o" --specs=nano.specs -mfpu=fpv4-sp-d16 -mfloat-abi=hard -mthumb -o "Core/Src/sysmem.o"
arm-none-eabi-gcc "../Core/Src/system_stm32f4xx.c" -mcpu=cortex-m4 -std=gnu11 -g3 -DDEBUG -DUSE_HAL_DRIVER -DSTM32F401xE -c -I../Core/Inc -I../Drivers/STM32F4xx_HAL_Driver/Inc -I../Drivers/STM32F4xx_HAL_Driver/Inc/Legacy -I../Drivers/CMSIS/Device/ST/STM32F4xx/Include -I../Drivers/CMSIS/Include -I"C:/Users/USUARIO/Desktop/Royer/universidad/PDM1/PRACT3/Drivers/API" -I"C:/Users/USUARIO/Desktop/Royer/universidad/PDM1/PRACT3/Drivers/API/Inc" -I"C:/Users/USUARIO/Desktop/Royer/universidad/PDM1/PRACT3/Drivers/API/Src" -O0 -ffunction-sections -fdata-sections -Wall -fstack-usage -fcyclomatic-complexity -MMD -MP -MF"Core/Src/system_stm32f4xx.d" -MT"Core/Src/system_stm32f4xx.o" --specs=nano.specs -mfpu=fpv4-sp-d16 -mfloat-abi=hard -mthumb -o "Core/Src/system_stm32f4xx.o"
../Core/Src/main.c: In function 'main':
../Core/Src/main.c:67:1: error: unknown type name 'delay_t'
   67 | delay_t Retardo;
      | ^~~~~~~
../Core/Src/main.c:68:9: error: unknown type name 'tick_t'
   68 |         tick_t period[]={50,100,500};
      |         ^~~~~~
../Core/Src/main.c:69:9: error: unknown type name 'tick_t'
   69 |         tick_t step =1;
      |         ^~~~~~
../Core/Src/main.c:70:9: error: unknown type name 'tick_t'
   70 |         tick_t Number_cicles=0;
      |         ^~~~~~
../Core/Src/main.c:71:1: error: unknown type name 'tick_t'
   71 | tick_t final_cicles=10;
      | ^~~~~~
../Core/Src/main.c:72:1: warning: implicit declaration of function 'delayInit' [-Wimplicit-function-declaration]
   72 | delayInit(&Retardo, period[0]);
      | ^~~~~~~~~
../Core/Src/main.c:103:27: warning: implicit declaration of function 'delayWrite' [-Wimplicit-function-declaration]
  103 |                           delayWrite(&Retardo, period[0]);
      |                           ^~~~~~~~~~
../Core/Src/main.c:105:22: warning: implicit declaration of function 'delayRead' [-Wimplicit-function-declaration]
  105 |                   if(delayRead(&Retardo))
      |                      ^~~~~~~~~
make: *** [Core/Src/subdir.mk:37: Core/Src/main.o] Error 1
make: *** Waiting for unfinished jobs....
"make -j8 all" terminated with exit code 2. Build might be incomplete.
13:24:41 **** Incremental Build of configuration Debug for project PRACT3 ****
make -j8 all 
arm-none-eabi-gcc "../Core/Src/main.c" -mcpu=cortex-m4 -std=gnu11 -g3 -DDEBUG -DUSE_HAL_DRIVER -DSTM32F401xE -c -I../Core/Inc -I../Drivers/STM32F4xx_HAL_Driver/Inc -I../Drivers/STM32F4xx_HAL_Driver/Inc/Legacy -I../Drivers/CMSIS/Device/ST/STM32F4xx/Include -I../Drivers/CMSIS/Include -I"C:/Users/USUARIO/Desktop/Royer/universidad/PDM1/PRACT3/Drivers/API" -I"C:/Users/USUARIO/Desktop/Royer/universidad/PDM1/PRACT3/Drivers/API/Inc" -I"C:/Users/USUARIO/Desktop/Royer/universidad/PDM1/PRACT3/Drivers/API/Src" -O0 -ffunction-sections -fdata-sections -Wall -fstack-usage -fcyclomatic-complexity -MMD -MP -MF"Core/Src/main.d" -MT"Core/Src/main.o" --specs=nano.specs -mfpu=fpv4-sp-d16 -mfloat-abi=hard -mthumb -o "Core/Src/main.o"
arm-none-eabi-gcc -o "PRACT3.elf" @"objects.list"   -mcpu=cortex-m4 -T"C:\Users\USUARIO\Desktop\Royer\universidad\PDM1\PRACT3\STM32F401RETX_FLASH.ld" --specs=nosys.specs -Wl,-Map="PRACT3.map" -Wl,--gc-sections -static --specs=nano.specs -mfpu=fpv4-sp-d16 -mfloat-abi=hard -mthumb -Wl,--start-group -lc -lm -Wl,--end-group
Finished building target: PRACT3.elf
 
arm-none-eabi-size   PRACT3.elf 
arm-none-eabi-objdump -h -S  PRACT3.elf  > "PRACT3.list"
   text	   data	    bss	    dec	    hex	filename
   6096	     20	   1572	   7688	   1e08	PRACT3.elf
Finished building: default.size.stdout
 
Finished building: PRACT3.list
 
13:29:48 **** Incremental Build of configuration Debug for project PRACT3 ****
make -j8 all 
arm-none-eabi-gcc "../Core/Src/main.c" -mcpu=cortex-m4 -std=gnu11 -g3 -DDEBUG -DUSE_HAL_DRIVER -DSTM32F401xE -c -I../Core/Inc -I../Drivers/STM32F4xx_HAL_Driver/Inc -I../Drivers/STM32F4xx_HAL_Driver/Inc/Legacy -I../Drivers/CMSIS/Device/ST/STM32F4xx/Include -I../Drivers/CMSIS/Include -I"C:/Users/USUARIO/Desktop/Royer/universidad/PDM1/PRACT3/Drivers/API" -I"C:/Users/USUARIO/Desktop/Royer/universidad/PDM1/PRACT3/Drivers/API/Inc" -I"C:/Users/USUARIO/Desktop/Royer/universidad/PDM1/PRACT3/Drivers/API/Src" -O0 -ffunction-sections -fdata-sections -Wall -fstack-usage -fcyclomatic-complexity -MMD -MP -MF"Core/Src/main.d" -MT"Core/Src/main.o" --specs=nano.specs -mfpu=fpv4-sp-d16 -mfloat-abi=hard -mthumb -o "Core/Src/main.o"
arm-none-eabi-gcc -o "PRACT3.elf" @"objects.list"   -mcpu=cortex-m4 -T"C:\Users\USUARIO\Desktop\Royer\universidad\PDM1\PRACT3\STM32F401RETX_FLASH.ld" --specs=nosys.specs -Wl,-Map="PRACT3.map" -Wl,--gc-sections -static --specs=nano.specs -mfpu=fpv4-sp-d16 -mfloat-abi=hard -mthumb -Wl,--start-group -lc -lm -Wl,--end-group
Finished building target: PRACT3.elf
 
arm-none-eabi-size   PRACT3.elf 
arm-none-eabi-objdump -h -S  PRACT3.elf  > "PRACT3.list"
   text	   data	    bss	    dec	    hex	filename
   6096	     20	   1572	   7688	   1e08	PRACT3.elf
Finished building: default.size.stdout
 
Finished building: PRACT3.list
 
