13:44:06 **** Incremental Build of configuration Debug for project PROYECTO_FINAL ****
make -j8 all 
arm-none-eabi-gcc "../Drivers/API/Src/API_Uart.c" -mcpu=cortex-m4 -std=gnu11 -g3 -DDEBUG -DUSE_HAL_DRIVER -DSTM32F401xE -c -I../Core/Inc -I../Drivers/STM32F4xx_HAL_Driver/Inc -I../Drivers/STM32F4xx_HAL_Driver/Inc/Legacy -I../Drivers/CMSIS/Device/ST/STM32F4xx/Include -I../Drivers/CMSIS/Include -I"C:/Users/USUARIO/Desktop/Royer/universidad/PDM1/PROYECTO_FINAL/Drivers/API" -I"C:/Users/USUARIO/Desktop/Royer/universidad/PDM1/PROYECTO_FINAL/Drivers/API/Inc" -I"C:/Users/USUARIO/Desktop/Royer/universidad/PDM1/PROYECTO_FINAL/Drivers/API/Src" -O0 -ffunction-sections -fdata-sections -Wall -fstack-usage -fcyclomatic-complexity -MMD -MP -MF"Drivers/API/Src/API_Uart.d" -MT"Drivers/API/Src/API_Uart.o" --specs=nano.specs -mfpu=fpv4-sp-d16 -mfloat-abi=hard -mthumb -o "Drivers/API/Src/API_Uart.o"
arm-none-eabi-gcc "../Core/Src/main.c" -mcpu=cortex-m4 -std=gnu11 -g3 -DDEBUG -DUSE_HAL_DRIVER -DSTM32F401xE -c -I../Core/Inc -I../Drivers/STM32F4xx_HAL_Driver/Inc -I../Drivers/STM32F4xx_HAL_Driver/Inc/Legacy -I../Drivers/CMSIS/Device/ST/STM32F4xx/Include -I../Drivers/CMSIS/Include -I"C:/Users/USUARIO/Desktop/Royer/universidad/PDM1/PROYECTO_FINAL/Drivers/API" -I"C:/Users/USUARIO/Desktop/Royer/universidad/PDM1/PROYECTO_FINAL/Drivers/API/Inc" -I"C:/Users/USUARIO/Desktop/Royer/universidad/PDM1/PROYECTO_FINAL/Drivers/API/Src" -O0 -ffunction-sections -fdata-sections -Wall -fstack-usage -fcyclomatic-complexity -MMD -MP -MF"Core/Src/main.d" -MT"Core/Src/main.o" --specs=nano.specs -mfpu=fpv4-sp-d16 -mfloat-abi=hard -mthumb -o "Core/Src/main.o"
../Drivers/API/Src/API_Uart.c: In function 'UART_Mef':
../Drivers/API/Src/API_Uart.c:112:1: warning: control reaches end of non-void function [-Wreturn-type]
  112 | }
      | ^
../Core/Src/main.c: In function 'main':
../Core/Src/main.c:104:12: warning: unused variable 'b' [-Wunused-variable]
  104 | UARTRead_t b=UART_Status_button();
      |            ^
arm-none-eabi-gcc -o "PROYECTO_FINAL.elf" @"objects.list"   -mcpu=cortex-m4 -T"C:\Users\USUARIO\Desktop\Royer\universidad\PDM1\PROYECTO_FINAL\STM32F401RETX_FLASH.ld" --specs=nosys.specs -Wl,-Map="PROYECTO_FINAL.map" -Wl,--gc-sections -static --specs=nano.specs -mfpu=fpv4-sp-d16 -mfloat-abi=hard -mthumb -Wl,--start-group -lc -lm -Wl,--end-group
Finished building target: PROYECTO_FINAL.elf
 
arm-none-eabi-size   PROYECTO_FINAL.elf 
arm-none-eabi-objdump -h -S  PROYECTO_FINAL.elf  > "PROYECTO_FINAL.list"
   text	   data	    bss	    dec	    hex	filename
  12448	    232	   1984	  14664	   3948	PROYECTO_FINAL.elf
Finished building: default.size.stdout
 
Finished building: PROYECTO_FINAL.list
 
13:46:12 **** Incremental Build of configuration Debug for project PROYECTO_FINAL ****
make -j8 all 
arm-none-eabi-gcc "../Drivers/API/Src/API_Uart.c" -mcpu=cortex-m4 -std=gnu11 -g3 -DDEBUG -DUSE_HAL_DRIVER -DSTM32F401xE -c -I../Core/Inc -I../Drivers/STM32F4xx_HAL_Driver/Inc -I../Drivers/STM32F4xx_HAL_Driver/Inc/Legacy -I../Drivers/CMSIS/Device/ST/STM32F4xx/Include -I../Drivers/CMSIS/Include -I"C:/Users/USUARIO/Desktop/Royer/universidad/PDM1/PROYECTO_FINAL/Drivers/API" -I"C:/Users/USUARIO/Desktop/Royer/universidad/PDM1/PROYECTO_FINAL/Drivers/API/Inc" -I"C:/Users/USUARIO/Desktop/Royer/universidad/PDM1/PROYECTO_FINAL/Drivers/API/Src" -O0 -ffunction-sections -fdata-sections -Wall -fstack-usage -fcyclomatic-complexity -MMD -MP -MF"Drivers/API/Src/API_Uart.d" -MT"Drivers/API/Src/API_Uart.o" --specs=nano.specs -mfpu=fpv4-sp-d16 -mfloat-abi=hard -mthumb -o "Drivers/API/Src/API_Uart.o"
arm-none-eabi-gcc "../Core/Src/main.c" -mcpu=cortex-m4 -std=gnu11 -g3 -DDEBUG -DUSE_HAL_DRIVER -DSTM32F401xE -c -I../Core/Inc -I../Drivers/STM32F4xx_HAL_Driver/Inc -I../Drivers/STM32F4xx_HAL_Driver/Inc/Legacy -I../Drivers/CMSIS/Device/ST/STM32F4xx/Include -I../Drivers/CMSIS/Include -I"C:/Users/USUARIO/Desktop/Royer/universidad/PDM1/PROYECTO_FINAL/Drivers/API" -I"C:/Users/USUARIO/Desktop/Royer/universidad/PDM1/PROYECTO_FINAL/Drivers/API/Inc" -I"C:/Users/USUARIO/Desktop/Royer/universidad/PDM1/PROYECTO_FINAL/Drivers/API/Src" -O0 -ffunction-sections -fdata-sections -Wall -fstack-usage -fcyclomatic-complexity -MMD -MP -MF"Core/Src/main.d" -MT"Core/Src/main.o" --specs=nano.specs -mfpu=fpv4-sp-d16 -mfloat-abi=hard -mthumb -o "Core/Src/main.o"
../Core/Src/main.c: In function 'main':
../Core/Src/main.c:105:12: warning: unused variable 'c' [-Wunused-variable]
  105 | UARTRead_t c=UART_Mef();
      |            ^
../Core/Src/main.c:104:12: warning: unused variable 'b' [-Wunused-variable]
  104 | UARTRead_t b=UART_Status_button();
      |            ^
../Drivers/API/Src/API_Uart.c: In function 'UART_Mef':
../Drivers/API/Src/API_Uart.c:112:1: warning: control reaches end of non-void function [-Wreturn-type]
  112 | }
      | ^
../Drivers/API/Src/API_Uart.c: In function 'UART_Status_button':
../Drivers/API/Src/API_Uart.c:129:8: warning: 'UART_status_date' is used uninitialized [-Wuninitialized]
  129 | return UART_status_date;
      |        ^~~~~~~~~~~~~~~~
../Drivers/API/Src/API_Uart.c:124:20: note: 'UART_status_date' declared here
  124 |         UARTRead_t UART_status_date;
      |                    ^~~~~~~~~~~~~~~~
arm-none-eabi-gcc -o "PROYECTO_FINAL.elf" @"objects.list"   -mcpu=cortex-m4 -T"C:\Users\USUARIO\Desktop\Royer\universidad\PDM1\PROYECTO_FINAL\STM32F401RETX_FLASH.ld" --specs=nosys.specs -Wl,-Map="PROYECTO_FINAL.map" -Wl,--gc-sections -static --specs=nano.specs -mfpu=fpv4-sp-d16 -mfloat-abi=hard -mthumb -Wl,--start-group -lc -lm -Wl,--end-group
Finished building target: PROYECTO_FINAL.elf
 
arm-none-eabi-size   PROYECTO_FINAL.elf 
arm-none-eabi-objdump -h -S  PROYECTO_FINAL.elf  > "PROYECTO_FINAL.list"
   text	   data	    bss	    dec	    hex	filename
  12444	    232	   1984	  14660	   3944	PROYECTO_FINAL.elf
Finished building: default.size.stdout
 
Finished building: PROYECTO_FINAL.list
 
13:48:56 **** Incremental Build of configuration Debug for project PROYECTO_FINAL ****
make -j8 all 
arm-none-eabi-gcc "../Drivers/API/Src/API_Uart.c" -mcpu=cortex-m4 -std=gnu11 -g3 -DDEBUG -DUSE_HAL_DRIVER -DSTM32F401xE -c -I../Core/Inc -I../Drivers/STM32F4xx_HAL_Driver/Inc -I../Drivers/STM32F4xx_HAL_Driver/Inc/Legacy -I../Drivers/CMSIS/Device/ST/STM32F4xx/Include -I../Drivers/CMSIS/Include -I"C:/Users/USUARIO/Desktop/Royer/universidad/PDM1/PROYECTO_FINAL/Drivers/API" -I"C:/Users/USUARIO/Desktop/Royer/universidad/PDM1/PROYECTO_FINAL/Drivers/API/Inc" -I"C:/Users/USUARIO/Desktop/Royer/universidad/PDM1/PROYECTO_FINAL/Drivers/API/Src" -O0 -ffunction-sections -fdata-sections -Wall -fstack-usage -fcyclomatic-complexity -MMD -MP -MF"Drivers/API/Src/API_Uart.d" -MT"Drivers/API/Src/API_Uart.o" --specs=nano.specs -mfpu=fpv4-sp-d16 -mfloat-abi=hard -mthumb -o "Drivers/API/Src/API_Uart.o"
../Drivers/API/Src/API_Uart.c: In function 'UART_Mef':
../Drivers/API/Src/API_Uart.c:114:1: warning: control reaches end of non-void function [-Wreturn-type]
  114 | }
      | ^
../Drivers/API/Src/API_Uart.c: In function 'UART_Status_button':
../Drivers/API/Src/API_Uart.c:131:8: warning: 'UART_status_date' is used uninitialized [-Wuninitialized]
  131 | return UART_status_date;
      |        ^~~~~~~~~~~~~~~~
../Drivers/API/Src/API_Uart.c:126:20: note: 'UART_status_date' declared here
  126 |         UARTRead_t UART_status_date;
      |                    ^~~~~~~~~~~~~~~~
arm-none-eabi-gcc -o "PROYECTO_FINAL.elf" @"objects.list"   -mcpu=cortex-m4 -T"C:\Users\USUARIO\Desktop\Royer\universidad\PDM1\PROYECTO_FINAL\STM32F401RETX_FLASH.ld" --specs=nosys.specs -Wl,-Map="PROYECTO_FINAL.map" -Wl,--gc-sections -static --specs=nano.specs -mfpu=fpv4-sp-d16 -mfloat-abi=hard -mthumb -Wl,--start-group -lc -lm -Wl,--end-group
Finished building target: PROYECTO_FINAL.elf
 
arm-none-eabi-size   PROYECTO_FINAL.elf 
arm-none-eabi-objdump -h -S  PROYECTO_FINAL.elf  > "PROYECTO_FINAL.list"
   text	   data	    bss	    dec	    hex	filename
  12472	    252	   1988	  14712	   3978	PROYECTO_FINAL.elf
Finished building: default.size.stdout
 
Finished building: PROYECTO_FINAL.list
 
13:50:20 **** Incremental Build of configuration Debug for project PROYECTO_FINAL ****
make -j8 all 
arm-none-eabi-size   PROYECTO_FINAL.elf 
   text	   data	    bss	    dec	    hex	filename
  12472	    252	   1988	  14712	   3978	PROYECTO_FINAL.elf
Finished building: default.size.stdout
 
13:52:02 **** Incremental Build of configuration Debug for project PROYECTO_FINAL ****
make -j8 all 
arm-none-eabi-gcc "../Drivers/API/Src/API_Uart.c" -mcpu=cortex-m4 -std=gnu11 -g3 -DDEBUG -DUSE_HAL_DRIVER -DSTM32F401xE -c -I../Core/Inc -I../Drivers/STM32F4xx_HAL_Driver/Inc -I../Drivers/STM32F4xx_HAL_Driver/Inc/Legacy -I../Drivers/CMSIS/Device/ST/STM32F4xx/Include -I../Drivers/CMSIS/Include -I"C:/Users/USUARIO/Desktop/Royer/universidad/PDM1/PROYECTO_FINAL/Drivers/API" -I"C:/Users/USUARIO/Desktop/Royer/universidad/PDM1/PROYECTO_FINAL/Drivers/API/Inc" -I"C:/Users/USUARIO/Desktop/Royer/universidad/PDM1/PROYECTO_FINAL/Drivers/API/Src" -O0 -ffunction-sections -fdata-sections -Wall -fstack-usage -fcyclomatic-complexity -MMD -MP -MF"Drivers/API/Src/API_Uart.d" -MT"Drivers/API/Src/API_Uart.o" --specs=nano.specs -mfpu=fpv4-sp-d16 -mfloat-abi=hard -mthumb -o "Drivers/API/Src/API_Uart.o"
../Drivers/API/Src/API_Uart.c:37:35: error: invalid initializer
   37 | static UARTRead_t set_temperature=1;
      |                                   ^
../Drivers/API/Src/API_Uart.c:38:48: error: invalid initializer
   38 | static UARTRead_t set_temperature_confirmation=0;
      |                                                ^
../Drivers/API/Src/API_Uart.c: In function 'UART_Status_button':
../Drivers/API/Src/API_Uart.c:129:33: error: incompatible types when assigning to type 'UARTRead_t' from type 'int'
  129 |                 set_temperature=1;
      |                                 ^
../Drivers/API/Src/API_Uart.c:130:46: error: incompatible types when assigning to type 'UARTRead_t' from type 'int'
  130 |                 set_temperature_confirmation=0;
      |                                              ^
../Drivers/API/Src/API_Uart.c: In function 'UART_Mef':
../Drivers/API/Src/API_Uart.c:114:1: warning: control reaches end of non-void function [-Wreturn-type]
  114 | }
      | ^
make: *** [Drivers/API/Src/subdir.mk:25: Drivers/API/Src/API_Uart.o] Error 1
"make -j8 all" terminated with exit code 2. Build might be incomplete.
13:54:46 **** Incremental Build of configuration Debug for project PROYECTO_FINAL ****
make -j8 all 
arm-none-eabi-gcc "../Drivers/API/Src/API_Uart.c" -mcpu=cortex-m4 -std=gnu11 -g3 -DDEBUG -DUSE_HAL_DRIVER -DSTM32F401xE -c -I../Core/Inc -I../Drivers/STM32F4xx_HAL_Driver/Inc -I../Drivers/STM32F4xx_HAL_Driver/Inc/Legacy -I../Drivers/CMSIS/Device/ST/STM32F4xx/Include -I../Drivers/CMSIS/Include -I"C:/Users/USUARIO/Desktop/Royer/universidad/PDM1/PROYECTO_FINAL/Drivers/API" -I"C:/Users/USUARIO/Desktop/Royer/universidad/PDM1/PROYECTO_FINAL/Drivers/API/Inc" -I"C:/Users/USUARIO/Desktop/Royer/universidad/PDM1/PROYECTO_FINAL/Drivers/API/Src" -O0 -ffunction-sections -fdata-sections -Wall -fstack-usage -fcyclomatic-complexity -MMD -MP -MF"Drivers/API/Src/API_Uart.d" -MT"Drivers/API/Src/API_Uart.o" --specs=nano.specs -mfpu=fpv4-sp-d16 -mfloat-abi=hard -mthumb -o "Drivers/API/Src/API_Uart.o"
../Drivers/API/Src/API_Uart.c: In function 'UART_Mef':
../Drivers/API/Src/API_Uart.c:114:1: warning: control reaches end of non-void function [-Wreturn-type]
  114 | }
      | ^
../Drivers/API/Src/API_Uart.c: In function 'UART_Status_button':
../Drivers/API/Src/API_Uart.c:133:8: warning: 'UART_status_date' is used uninitialized [-Wuninitialized]
  133 | return UART_status_date;
      |        ^~~~~~~~~~~~~~~~
../Drivers/API/Src/API_Uart.c:126:20: note: 'UART_status_date' declared here
  126 |         UARTRead_t UART_status_date;
      |                    ^~~~~~~~~~~~~~~~
arm-none-eabi-gcc -o "PROYECTO_FINAL.elf" @"objects.list"   -mcpu=cortex-m4 -T"C:\Users\USUARIO\Desktop\Royer\universidad\PDM1\PROYECTO_FINAL\STM32F401RETX_FLASH.ld" --specs=nosys.specs -Wl,-Map="PROYECTO_FINAL.map" -Wl,--gc-sections -static --specs=nano.specs -mfpu=fpv4-sp-d16 -mfloat-abi=hard -mthumb -Wl,--start-group -lc -lm -Wl,--end-group
Finished building target: PROYECTO_FINAL.elf
 
arm-none-eabi-size   PROYECTO_FINAL.elf 
arm-none-eabi-objdump -h -S  PROYECTO_FINAL.elf  > "PROYECTO_FINAL.list"
   text	   data	    bss	    dec	    hex	filename
  12492	    252	   1988	  14732	   398c	PROYECTO_FINAL.elf
Finished building: default.size.stdout
 
Finished building: PROYECTO_FINAL.list
 
13:56:20 **** Incremental Build of configuration Debug for project PROYECTO_FINAL ****
make -j8 all 
arm-none-eabi-gcc "../Drivers/API/Src/API_Uart.c" -mcpu=cortex-m4 -std=gnu11 -g3 -DDEBUG -DUSE_HAL_DRIVER -DSTM32F401xE -c -I../Core/Inc -I../Drivers/STM32F4xx_HAL_Driver/Inc -I../Drivers/STM32F4xx_HAL_Driver/Inc/Legacy -I../Drivers/CMSIS/Device/ST/STM32F4xx/Include -I../Drivers/CMSIS/Include -I"C:/Users/USUARIO/Desktop/Royer/universidad/PDM1/PROYECTO_FINAL/Drivers/API" -I"C:/Users/USUARIO/Desktop/Royer/universidad/PDM1/PROYECTO_FINAL/Drivers/API/Inc" -I"C:/Users/USUARIO/Desktop/Royer/universidad/PDM1/PROYECTO_FINAL/Drivers/API/Src" -O0 -ffunction-sections -fdata-sections -Wall -fstack-usage -fcyclomatic-complexity -MMD -MP -MF"Drivers/API/Src/API_Uart.d" -MT"Drivers/API/Src/API_Uart.o" --specs=nano.specs -mfpu=fpv4-sp-d16 -mfloat-abi=hard -mthumb -o "Drivers/API/Src/API_Uart.o"
arm-none-eabi-gcc "../Core/Src/main.c" -mcpu=cortex-m4 -std=gnu11 -g3 -DDEBUG -DUSE_HAL_DRIVER -DSTM32F401xE -c -I../Core/Inc -I../Drivers/STM32F4xx_HAL_Driver/Inc -I../Drivers/STM32F4xx_HAL_Driver/Inc/Legacy -I../Drivers/CMSIS/Device/ST/STM32F4xx/Include -I../Drivers/CMSIS/Include -I"C:/Users/USUARIO/Desktop/Royer/universidad/PDM1/PROYECTO_FINAL/Drivers/API" -I"C:/Users/USUARIO/Desktop/Royer/universidad/PDM1/PROYECTO_FINAL/Drivers/API/Inc" -I"C:/Users/USUARIO/Desktop/Royer/universidad/PDM1/PROYECTO_FINAL/Drivers/API/Src" -O0 -ffunction-sections -fdata-sections -Wall -fstack-usage -fcyclomatic-complexity -MMD -MP -MF"Core/Src/main.d" -MT"Core/Src/main.o" --specs=nano.specs -mfpu=fpv4-sp-d16 -mfloat-abi=hard -mthumb -o "Core/Src/main.o"
In file included from ../Drivers/API/Src/API_Uart.c:8:
C:/Users/USUARIO/Desktop/Royer/universidad/PDM1/PROYECTO_FINAL/Drivers/API/Inc/API_UART.h:39:1: warning: data definition has no type or storage class
   39 | UART_Status_button(void);
      | ^~~~~~~~~~~~~~~~~~
C:/Users/USUARIO/Desktop/Royer/universidad/PDM1/PROYECTO_FINAL/Drivers/API/Inc/API_UART.h:39:1: warning: type defaults to 'int' in declaration of 'UART_Status_button' [-Wimplicit-int]
../Drivers/API/Src/API_Uart.c:125:6: error: conflicting types for 'UART_Status_button'; have 'void(void)'
  125 | void UART_Status_button(void){
      |      ^~~~~~~~~~~~~~~~~~
In file included from ../Drivers/API/Src/API_Uart.c:8:
C:/Users/USUARIO/Desktop/Royer/universidad/PDM1/PROYECTO_FINAL/Drivers/API/Inc/API_UART.h:39:1: note: previous declaration of 'UART_Status_button' with type 'int(void)'
   39 | UART_Status_button(void);
      | ^~~~~~~~~~~~~~~~~~
../Drivers/API/Src/API_Uart.c: In function 'UART_Mef':
../Drivers/API/Src/API_Uart.c:114:1: warning: control reaches end of non-void function [-Wreturn-type]
  114 | }
      | ^
make: *** [Drivers/API/Src/subdir.mk:25: Drivers/API/Src/API_Uart.o] Error 1
make: *** Waiting for unfinished jobs....
In file included from ../Core/Src/main.c:25:
C:/Users/USUARIO/Desktop/Royer/universidad/PDM1/PROYECTO_FINAL/Drivers/API/Inc/API_UART.h:39:1: warning: data definition has no type or storage class
   39 | UART_Status_button(void);
      | ^~~~~~~~~~~~~~~~~~
C:/Users/USUARIO/Desktop/Royer/universidad/PDM1/PROYECTO_FINAL/Drivers/API/Inc/API_UART.h:39:1: warning: type defaults to 'int' in declaration of 'UART_Status_button' [-Wimplicit-int]
../Core/Src/main.c: In function 'main':
../Core/Src/main.c:105:12: warning: unused variable 'c' [-Wunused-variable]
  105 | UARTRead_t c=UART_Mef();
      |            ^
"make -j8 all" terminated with exit code 2. Build might be incomplete.
13:56:39 **** Incremental Build of configuration Debug for project PROYECTO_FINAL ****
make -j8 all 
arm-none-eabi-gcc "../Drivers/API/Src/API_Uart.c" -mcpu=cortex-m4 -std=gnu11 -g3 -DDEBUG -DUSE_HAL_DRIVER -DSTM32F401xE -c -I../Core/Inc -I../Drivers/STM32F4xx_HAL_Driver/Inc -I../Drivers/STM32F4xx_HAL_Driver/Inc/Legacy -I../Drivers/CMSIS/Device/ST/STM32F4xx/Include -I../Drivers/CMSIS/Include -I"C:/Users/USUARIO/Desktop/Royer/universidad/PDM1/PROYECTO_FINAL/Drivers/API" -I"C:/Users/USUARIO/Desktop/Royer/universidad/PDM1/PROYECTO_FINAL/Drivers/API/Inc" -I"C:/Users/USUARIO/Desktop/Royer/universidad/PDM1/PROYECTO_FINAL/Drivers/API/Src" -O0 -ffunction-sections -fdata-sections -Wall -fstack-usage -fcyclomatic-complexity -MMD -MP -MF"Drivers/API/Src/API_Uart.d" -MT"Drivers/API/Src/API_Uart.o" --specs=nano.specs -mfpu=fpv4-sp-d16 -mfloat-abi=hard -mthumb -o "Drivers/API/Src/API_Uart.o"
arm-none-eabi-gcc "../Core/Src/main.c" -mcpu=cortex-m4 -std=gnu11 -g3 -DDEBUG -DUSE_HAL_DRIVER -DSTM32F401xE -c -I../Core/Inc -I../Drivers/STM32F4xx_HAL_Driver/Inc -I../Drivers/STM32F4xx_HAL_Driver/Inc/Legacy -I../Drivers/CMSIS/Device/ST/STM32F4xx/Include -I../Drivers/CMSIS/Include -I"C:/Users/USUARIO/Desktop/Royer/universidad/PDM1/PROYECTO_FINAL/Drivers/API" -I"C:/Users/USUARIO/Desktop/Royer/universidad/PDM1/PROYECTO_FINAL/Drivers/API/Inc" -I"C:/Users/USUARIO/Desktop/Royer/universidad/PDM1/PROYECTO_FINAL/Drivers/API/Src" -O0 -ffunction-sections -fdata-sections -Wall -fstack-usage -fcyclomatic-complexity -MMD -MP -MF"Core/Src/main.d" -MT"Core/Src/main.o" --specs=nano.specs -mfpu=fpv4-sp-d16 -mfloat-abi=hard -mthumb -o "Core/Src/main.o"
../Core/Src/main.c: In function 'main':
../Core/Src/main.c:105:12: warning: unused variable 'c' [-Wunused-variable]
  105 | UARTRead_t c=UART_Mef();
      |            ^
../Drivers/API/Src/API_Uart.c: In function 'UART_Mef':
../Drivers/API/Src/API_Uart.c:114:1: warning: control reaches end of non-void function [-Wreturn-type]
  114 | }
      | ^
arm-none-eabi-gcc -o "PROYECTO_FINAL.elf" @"objects.list"   -mcpu=cortex-m4 -T"C:\Users\USUARIO\Desktop\Royer\universidad\PDM1\PROYECTO_FINAL\STM32F401RETX_FLASH.ld" --specs=nosys.specs -Wl,-Map="PROYECTO_FINAL.map" -Wl,--gc-sections -static --specs=nano.specs -mfpu=fpv4-sp-d16 -mfloat-abi=hard -mthumb -Wl,--start-group -lc -lm -Wl,--end-group
Finished building target: PROYECTO_FINAL.elf
 
arm-none-eabi-size   PROYECTO_FINAL.elf 
arm-none-eabi-objdump -h -S  PROYECTO_FINAL.elf  > "PROYECTO_FINAL.list"
   text	   data	    bss	    dec	    hex	filename
  12460	    252	   1988	  14700	   396c	PROYECTO_FINAL.elf
Finished building: default.size.stdout
 
Finished building: PROYECTO_FINAL.list
 
13:58:06 **** Incremental Build of configuration Debug for project PROYECTO_FINAL ****
make -j8 all 
arm-none-eabi-gcc "../Drivers/API/Src/API_Uart.c" -mcpu=cortex-m4 -std=gnu11 -g3 -DDEBUG -DUSE_HAL_DRIVER -DSTM32F401xE -c -I../Core/Inc -I../Drivers/STM32F4xx_HAL_Driver/Inc -I../Drivers/STM32F4xx_HAL_Driver/Inc/Legacy -I../Drivers/CMSIS/Device/ST/STM32F4xx/Include -I../Drivers/CMSIS/Include -I"C:/Users/USUARIO/Desktop/Royer/universidad/PDM1/PROYECTO_FINAL/Drivers/API" -I"C:/Users/USUARIO/Desktop/Royer/universidad/PDM1/PROYECTO_FINAL/Drivers/API/Inc" -I"C:/Users/USUARIO/Desktop/Royer/universidad/PDM1/PROYECTO_FINAL/Drivers/API/Src" -O0 -ffunction-sections -fdata-sections -Wall -fstack-usage -fcyclomatic-complexity -MMD -MP -MF"Drivers/API/Src/API_Uart.d" -MT"Drivers/API/Src/API_Uart.o" --specs=nano.specs -mfpu=fpv4-sp-d16 -mfloat-abi=hard -mthumb -o "Drivers/API/Src/API_Uart.o"
../Drivers/API/Src/API_Uart.c: In function 'UART_Mef':
../Drivers/API/Src/API_Uart.c:114:1: warning: control reaches end of non-void function [-Wreturn-type]
  114 | }
      | ^
arm-none-eabi-gcc -o "PROYECTO_FINAL.elf" @"objects.list"   -mcpu=cortex-m4 -T"C:\Users\USUARIO\Desktop\Royer\universidad\PDM1\PROYECTO_FINAL\STM32F401RETX_FLASH.ld" --specs=nosys.specs -Wl,-Map="PROYECTO_FINAL.map" -Wl,--gc-sections -static --specs=nano.specs -mfpu=fpv4-sp-d16 -mfloat-abi=hard -mthumb -Wl,--start-group -lc -lm -Wl,--end-group
Finished building target: PROYECTO_FINAL.elf
 
arm-none-eabi-size   PROYECTO_FINAL.elf 
arm-none-eabi-objdump -h -S  PROYECTO_FINAL.elf  > "PROYECTO_FINAL.list"
   text	   data	    bss	    dec	    hex	filename
  12440	    252	   1988	  14680	   3958	PROYECTO_FINAL.elf
Finished building: default.size.stdout
 
Finished building: PROYECTO_FINAL.list
 
13:59:42 **** Incremental Build of configuration Debug for project PROYECTO_FINAL ****
make -j8 all 
arm-none-eabi-gcc "../Drivers/API/Src/API_debounce.c" -mcpu=cortex-m4 -std=gnu11 -g3 -DDEBUG -DUSE_HAL_DRIVER -DSTM32F401xE -c -I../Core/Inc -I../Drivers/STM32F4xx_HAL_Driver/Inc -I../Drivers/STM32F4xx_HAL_Driver/Inc/Legacy -I../Drivers/CMSIS/Device/ST/STM32F4xx/Include -I../Drivers/CMSIS/Include -I"C:/Users/USUARIO/Desktop/Royer/universidad/PDM1/PROYECTO_FINAL/Drivers/API" -I"C:/Users/USUARIO/Desktop/Royer/universidad/PDM1/PROYECTO_FINAL/Drivers/API/Inc" -I"C:/Users/USUARIO/Desktop/Royer/universidad/PDM1/PROYECTO_FINAL/Drivers/API/Src" -O0 -ffunction-sections -fdata-sections -Wall -fstack-usage -fcyclomatic-complexity -MMD -MP -MF"Drivers/API/Src/API_debounce.d" -MT"Drivers/API/Src/API_debounce.o" --specs=nano.specs -mfpu=fpv4-sp-d16 -mfloat-abi=hard -mthumb -o "Drivers/API/Src/API_debounce.o"
../Drivers/API/Src/API_debounce.c: In function 'debounceFSM_update':
../Drivers/API/Src/API_debounce.c:23:33: warning: comparison between 'enum <anonymous>' and 'GPIO_PinState' [-Wenum-compare]
   23 |                         if(RESET==HAL_GPIO_ReadPin(GPIOC, GPIO_PIN_13)){
      |                                 ^~
../Drivers/API/Src/API_debounce.c:29:39: warning: comparison between 'enum <anonymous>' and 'GPIO_PinState' [-Wenum-compare]
   29 |                                 if(SET==HAL_GPIO_ReadPin(GPIOC, GPIO_PIN_13)){
      |                                       ^~
../Drivers/API/Src/API_debounce.c:41:32: warning: comparison between 'enum <anonymous>' and 'GPIO_PinState' [-Wenum-compare]
   41 |                         if (SET==HAL_GPIO_ReadPin(GPIOC, GPIO_PIN_13)){
      |                                ^~
../Drivers/API/Src/API_debounce.c:48:33: warning: comparison between 'enum <anonymous>' and 'GPIO_PinState' [-Wenum-compare]
   48 |                         if(RESET==HAL_GPIO_ReadPin(GPIOC, GPIO_PIN_13)){
      |                                 ^~
arm-none-eabi-gcc -o "PROYECTO_FINAL.elf" @"objects.list"   -mcpu=cortex-m4 -T"C:\Users\USUARIO\Desktop\Royer\universidad\PDM1\PROYECTO_FINAL\STM32F401RETX_FLASH.ld" --specs=nosys.specs -Wl,-Map="PROYECTO_FINAL.map" -Wl,--gc-sections -static --specs=nano.specs -mfpu=fpv4-sp-d16 -mfloat-abi=hard -mthumb -Wl,--start-group -lc -lm -Wl,--end-group
Finished building target: PROYECTO_FINAL.elf
 
arm-none-eabi-size   PROYECTO_FINAL.elf 
arm-none-eabi-objdump -h -S  PROYECTO_FINAL.elf  > "PROYECTO_FINAL.list"
   text	   data	    bss	    dec	    hex	filename
  12440	    252	   1988	  14680	   3958	PROYECTO_FINAL.elf
Finished building: default.size.stdout
 
Finished building: PROYECTO_FINAL.list
 
14:02:28 **** Incremental Build of configuration Debug for project PROYECTO_FINAL ****
make -j8 all 
arm-none-eabi-gcc "../Drivers/API/Src/API_Uart.c" -mcpu=cortex-m4 -std=gnu11 -g3 -DDEBUG -DUSE_HAL_DRIVER -DSTM32F401xE -c -I../Core/Inc -I../Drivers/STM32F4xx_HAL_Driver/Inc -I../Drivers/STM32F4xx_HAL_Driver/Inc/Legacy -I../Drivers/CMSIS/Device/ST/STM32F4xx/Include -I../Drivers/CMSIS/Include -I"C:/Users/USUARIO/Desktop/Royer/universidad/PDM1/PROYECTO_FINAL/Drivers/API" -I"C:/Users/USUARIO/Desktop/Royer/universidad/PDM1/PROYECTO_FINAL/Drivers/API/Inc" -I"C:/Users/USUARIO/Desktop/Royer/universidad/PDM1/PROYECTO_FINAL/Drivers/API/Src" -O0 -ffunction-sections -fdata-sections -Wall -fstack-usage -fcyclomatic-complexity -MMD -MP -MF"Drivers/API/Src/API_Uart.d" -MT"Drivers/API/Src/API_Uart.o" --specs=nano.specs -mfpu=fpv4-sp-d16 -mfloat-abi=hard -mthumb -o "Drivers/API/Src/API_Uart.o"
arm-none-eabi-gcc "../Drivers/API/Src/API_debounce.c" -mcpu=cortex-m4 -std=gnu11 -g3 -DDEBUG -DUSE_HAL_DRIVER -DSTM32F401xE -c -I../Core/Inc -I../Drivers/STM32F4xx_HAL_Driver/Inc -I../Drivers/STM32F4xx_HAL_Driver/Inc/Legacy -I../Drivers/CMSIS/Device/ST/STM32F4xx/Include -I../Drivers/CMSIS/Include -I"C:/Users/USUARIO/Desktop/Royer/universidad/PDM1/PROYECTO_FINAL/Drivers/API" -I"C:/Users/USUARIO/Desktop/Royer/universidad/PDM1/PROYECTO_FINAL/Drivers/API/Inc" -I"C:/Users/USUARIO/Desktop/Royer/universidad/PDM1/PROYECTO_FINAL/Drivers/API/Src" -O0 -ffunction-sections -fdata-sections -Wall -fstack-usage -fcyclomatic-complexity -MMD -MP -MF"Drivers/API/Src/API_debounce.d" -MT"Drivers/API/Src/API_debounce.o" --specs=nano.specs -mfpu=fpv4-sp-d16 -mfloat-abi=hard -mthumb -o "Drivers/API/Src/API_debounce.o"
../Drivers/API/Src/API_debounce.c: In function 'debounceFSM_update':
../Drivers/API/Src/API_debounce.c:23:33: warning: comparison between 'enum <anonymous>' and 'GPIO_PinState' [-Wenum-compare]
   23 |                         if(RESET==HAL_GPIO_ReadPin(GPIOC, GPIO_PIN_13)){
      |                                 ^~
../Drivers/API/Src/API_debounce.c:29:39: warning: comparison between 'enum <anonymous>' and 'GPIO_PinState' [-Wenum-compare]
   29 |                                 if(SET==HAL_GPIO_ReadPin(GPIOC, GPIO_PIN_13)){
      |                                       ^~
../Drivers/API/Src/API_debounce.c:41:32: warning: comparison between 'enum <anonymous>' and 'GPIO_PinState' [-Wenum-compare]
   41 |                         if (SET==HAL_GPIO_ReadPin(GPIOC, GPIO_PIN_13)){
      |                                ^~
../Drivers/API/Src/API_debounce.c:48:33: warning: comparison between 'enum <anonymous>' and 'GPIO_PinState' [-Wenum-compare]
   48 |                         if(RESET==HAL_GPIO_ReadPin(GPIOC, GPIO_PIN_13)){
      |                                 ^~
../Drivers/API/Src/API_Uart.c: In function 'UART_Mef':
../Drivers/API/Src/API_Uart.c:114:1: warning: control reaches end of non-void function [-Wreturn-type]
  114 | }
      | ^
arm-none-eabi-gcc -o "PROYECTO_FINAL.elf" @"objects.list"   -mcpu=cortex-m4 -T"C:\Users\USUARIO\Desktop\Royer\universidad\PDM1\PROYECTO_FINAL\STM32F401RETX_FLASH.ld" --specs=nosys.specs -Wl,-Map="PROYECTO_FINAL.map" -Wl,--gc-sections -static --specs=nano.specs -mfpu=fpv4-sp-d16 -mfloat-abi=hard -mthumb -Wl,--start-group -lc -lm -Wl,--end-group
Finished building target: PROYECTO_FINAL.elf
 
arm-none-eabi-size   PROYECTO_FINAL.elf 
arm-none-eabi-objdump -h -S  PROYECTO_FINAL.elf  > "PROYECTO_FINAL.list"
   text	   data	    bss	    dec	    hex	filename
  12460	    252	   1988	  14700	   396c	PROYECTO_FINAL.elf
Finished building: default.size.stdout
 
Finished building: PROYECTO_FINAL.list
 
14:04:22 **** Incremental Build of configuration Debug for project PROYECTO_FINAL ****
make -j8 all 
arm-none-eabi-gcc "../Drivers/API/Src/API_Uart.c" -mcpu=cortex-m4 -std=gnu11 -g3 -DDEBUG -DUSE_HAL_DRIVER -DSTM32F401xE -c -I../Core/Inc -I../Drivers/STM32F4xx_HAL_Driver/Inc -I../Drivers/STM32F4xx_HAL_Driver/Inc/Legacy -I../Drivers/CMSIS/Device/ST/STM32F4xx/Include -I../Drivers/CMSIS/Include -I"C:/Users/USUARIO/Desktop/Royer/universidad/PDM1/PROYECTO_FINAL/Drivers/API" -I"C:/Users/USUARIO/Desktop/Royer/universidad/PDM1/PROYECTO_FINAL/Drivers/API/Inc" -I"C:/Users/USUARIO/Desktop/Royer/universidad/PDM1/PROYECTO_FINAL/Drivers/API/Src" -O0 -ffunction-sections -fdata-sections -Wall -fstack-usage -fcyclomatic-complexity -MMD -MP -MF"Drivers/API/Src/API_Uart.d" -MT"Drivers/API/Src/API_Uart.o" --specs=nano.specs -mfpu=fpv4-sp-d16 -mfloat-abi=hard -mthumb -o "Drivers/API/Src/API_Uart.o"
../Drivers/API/Src/API_Uart.c: In function 'UART_Status_button':
../Drivers/API/Src/API_Uart.c:134:46: error: incompatible types when assigning to type 'UARTRead_t' from type 'int'
  134 |                 set_temperature_confirmation=1;
      |                                              ^
../Drivers/API/Src/API_Uart.c: In function 'UART_Mef':
../Drivers/API/Src/API_Uart.c:115:1: warning: control reaches end of non-void function [-Wreturn-type]
  115 | }
      | ^
make: *** [Drivers/API/Src/subdir.mk:25: Drivers/API/Src/API_Uart.o] Error 1
"make -j8 all" terminated with exit code 2. Build might be incomplete.
14:04:35 **** Incremental Build of configuration Debug for project PROYECTO_FINAL ****
make -j8 all 
arm-none-eabi-gcc "../Drivers/API/Src/API_Uart.c" -mcpu=cortex-m4 -std=gnu11 -g3 -DDEBUG -DUSE_HAL_DRIVER -DSTM32F401xE -c -I../Core/Inc -I../Drivers/STM32F4xx_HAL_Driver/Inc -I../Drivers/STM32F4xx_HAL_Driver/Inc/Legacy -I../Drivers/CMSIS/Device/ST/STM32F4xx/Include -I../Drivers/CMSIS/Include -I"C:/Users/USUARIO/Desktop/Royer/universidad/PDM1/PROYECTO_FINAL/Drivers/API" -I"C:/Users/USUARIO/Desktop/Royer/universidad/PDM1/PROYECTO_FINAL/Drivers/API/Inc" -I"C:/Users/USUARIO/Desktop/Royer/universidad/PDM1/PROYECTO_FINAL/Drivers/API/Src" -O0 -ffunction-sections -fdata-sections -Wall -fstack-usage -fcyclomatic-complexity -MMD -MP -MF"Drivers/API/Src/API_Uart.d" -MT"Drivers/API/Src/API_Uart.o" --specs=nano.specs -mfpu=fpv4-sp-d16 -mfloat-abi=hard -mthumb -o "Drivers/API/Src/API_Uart.o"
../Drivers/API/Src/API_Uart.c: In function 'UART_Mef':
../Drivers/API/Src/API_Uart.c:115:1: warning: control reaches end of non-void function [-Wreturn-type]
  115 | }
      | ^
arm-none-eabi-gcc -o "PROYECTO_FINAL.elf" @"objects.list"   -mcpu=cortex-m4 -T"C:\Users\USUARIO\Desktop\Royer\universidad\PDM1\PROYECTO_FINAL\STM32F401RETX_FLASH.ld" --specs=nosys.specs -Wl,-Map="PROYECTO_FINAL.map" -Wl,--gc-sections -static --specs=nano.specs -mfpu=fpv4-sp-d16 -mfloat-abi=hard -mthumb -Wl,--start-group -lc -lm -Wl,--end-group
Finished building target: PROYECTO_FINAL.elf
 
arm-none-eabi-size   PROYECTO_FINAL.elf 
arm-none-eabi-objdump -h -S  PROYECTO_FINAL.elf  > "PROYECTO_FINAL.list"
   text	   data	    bss	    dec	    hex	filename
  12472	    252	   1988	  14712	   3978	PROYECTO_FINAL.elf
Finished building: default.size.stdout
 
Finished building: PROYECTO_FINAL.list
 
14:07:54 **** Incremental Build of configuration Debug for project PROYECTO_FINAL ****
make -j8 all 
arm-none-eabi-gcc "../Drivers/API/Src/API_Uart.c" -mcpu=cortex-m4 -std=gnu11 -g3 -DDEBUG -DUSE_HAL_DRIVER -DSTM32F401xE -c -I../Core/Inc -I../Drivers/STM32F4xx_HAL_Driver/Inc -I../Drivers/STM32F4xx_HAL_Driver/Inc/Legacy -I../Drivers/CMSIS/Device/ST/STM32F4xx/Include -I../Drivers/CMSIS/Include -I"C:/Users/USUARIO/Desktop/Royer/universidad/PDM1/PROYECTO_FINAL/Drivers/API" -I"C:/Users/USUARIO/Desktop/Royer/universidad/PDM1/PROYECTO_FINAL/Drivers/API/Inc" -I"C:/Users/USUARIO/Desktop/Royer/universidad/PDM1/PROYECTO_FINAL/Drivers/API/Src" -O0 -ffunction-sections -fdata-sections -Wall -fstack-usage -fcyclomatic-complexity -MMD -MP -MF"Drivers/API/Src/API_Uart.d" -MT"Drivers/API/Src/API_Uart.o" --specs=nano.specs -mfpu=fpv4-sp-d16 -mfloat-abi=hard -mthumb -o "Drivers/API/Src/API_Uart.o"
../Drivers/API/Src/API_Uart.c: In function 'UART_Mef':
../Drivers/API/Src/API_Uart.c:120:1: warning: control reaches end of non-void function [-Wreturn-type]
  120 | }
      | ^
arm-none-eabi-gcc -o "PROYECTO_FINAL.elf" @"objects.list"   -mcpu=cortex-m4 -T"C:\Users\USUARIO\Desktop\Royer\universidad\PDM1\PROYECTO_FINAL\STM32F401RETX_FLASH.ld" --specs=nosys.specs -Wl,-Map="PROYECTO_FINAL.map" -Wl,--gc-sections -static --specs=nano.specs -mfpu=fpv4-sp-d16 -mfloat-abi=hard -mthumb -Wl,--start-group -lc -lm -Wl,--end-group
Finished building target: PROYECTO_FINAL.elf
 
arm-none-eabi-size   PROYECTO_FINAL.elf 
arm-none-eabi-objdump -h -S  PROYECTO_FINAL.elf  > "PROYECTO_FINAL.list"
   text	   data	    bss	    dec	    hex	filename
  12460	    252	   1988	  14700	   396c	PROYECTO_FINAL.elf
Finished building: default.size.stdout
 
Finished building: PROYECTO_FINAL.list
 
14:10:29 **** Incremental Build of configuration Debug for project PROYECTO_FINAL ****
make -j8 all 
arm-none-eabi-gcc "../Drivers/API/Src/API_Uart.c" -mcpu=cortex-m4 -std=gnu11 -g3 -DDEBUG -DUSE_HAL_DRIVER -DSTM32F401xE -c -I../Core/Inc -I../Drivers/STM32F4xx_HAL_Driver/Inc -I../Drivers/STM32F4xx_HAL_Driver/Inc/Legacy -I../Drivers/CMSIS/Device/ST/STM32F4xx/Include -I../Drivers/CMSIS/Include -I"C:/Users/USUARIO/Desktop/Royer/universidad/PDM1/PROYECTO_FINAL/Drivers/API" -I"C:/Users/USUARIO/Desktop/Royer/universidad/PDM1/PROYECTO_FINAL/Drivers/API/Inc" -I"C:/Users/USUARIO/Desktop/Royer/universidad/PDM1/PROYECTO_FINAL/Drivers/API/Src" -O0 -ffunction-sections -fdata-sections -Wall -fstack-usage -fcyclomatic-complexity -MMD -MP -MF"Drivers/API/Src/API_Uart.d" -MT"Drivers/API/Src/API_Uart.o" --specs=nano.specs -mfpu=fpv4-sp-d16 -mfloat-abi=hard -mthumb -o "Drivers/API/Src/API_Uart.o"
arm-none-eabi-gcc "../Core/Src/main.c" -mcpu=cortex-m4 -std=gnu11 -g3 -DDEBUG -DUSE_HAL_DRIVER -DSTM32F401xE -c -I../Core/Inc -I../Drivers/STM32F4xx_HAL_Driver/Inc -I../Drivers/STM32F4xx_HAL_Driver/Inc/Legacy -I../Drivers/CMSIS/Device/ST/STM32F4xx/Include -I../Drivers/CMSIS/Include -I"C:/Users/USUARIO/Desktop/Royer/universidad/PDM1/PROYECTO_FINAL/Drivers/API" -I"C:/Users/USUARIO/Desktop/Royer/universidad/PDM1/PROYECTO_FINAL/Drivers/API/Inc" -I"C:/Users/USUARIO/Desktop/Royer/universidad/PDM1/PROYECTO_FINAL/Drivers/API/Src" -O0 -ffunction-sections -fdata-sections -Wall -fstack-usage -fcyclomatic-complexity -MMD -MP -MF"Core/Src/main.d" -MT"Core/Src/main.o" --specs=nano.specs -mfpu=fpv4-sp-d16 -mfloat-abi=hard -mthumb -o "Core/Src/main.o"
../Drivers/API/Src/API_Uart.c: In function 'UART_Mef':
../Drivers/API/Src/API_Uart.c:120:1: warning: control reaches end of non-void function [-Wreturn-type]
  120 | }
      | ^
../Core/Src/main.c: In function 'main':
../Core/Src/main.c:105:12: warning: unused variable 'c' [-Wunused-variable]
  105 | UARTRead_t c=UART_Mef();
      |            ^
arm-none-eabi-gcc -o "PROYECTO_FINAL.elf" @"objects.list"   -mcpu=cortex-m4 -T"C:\Users\USUARIO\Desktop\Royer\universidad\PDM1\PROYECTO_FINAL\STM32F401RETX_FLASH.ld" --specs=nosys.specs -Wl,-Map="PROYECTO_FINAL.map" -Wl,--gc-sections -static --specs=nano.specs -mfpu=fpv4-sp-d16 -mfloat-abi=hard -mthumb -Wl,--start-group -lc -lm -Wl,--end-group
Finished building target: PROYECTO_FINAL.elf
 
arm-none-eabi-size   PROYECTO_FINAL.elf 
arm-none-eabi-objdump -h -S  PROYECTO_FINAL.elf  > "PROYECTO_FINAL.list"
   text	   data	    bss	    dec	    hex	filename
  12448	    252	   1988	  14688	   3960	PROYECTO_FINAL.elf
Finished building: default.size.stdout
 
Finished building: PROYECTO_FINAL.list
 
14:11:54 **** Incremental Build of configuration Debug for project PROYECTO_FINAL ****
make -j8 all 
arm-none-eabi-gcc "../Drivers/API/Src/API_Uart.c" -mcpu=cortex-m4 -std=gnu11 -g3 -DDEBUG -DUSE_HAL_DRIVER -DSTM32F401xE -c -I../Core/Inc -I../Drivers/STM32F4xx_HAL_Driver/Inc -I../Drivers/STM32F4xx_HAL_Driver/Inc/Legacy -I../Drivers/CMSIS/Device/ST/STM32F4xx/Include -I../Drivers/CMSIS/Include -I"C:/Users/USUARIO/Desktop/Royer/universidad/PDM1/PROYECTO_FINAL/Drivers/API" -I"C:/Users/USUARIO/Desktop/Royer/universidad/PDM1/PROYECTO_FINAL/Drivers/API/Inc" -I"C:/Users/USUARIO/Desktop/Royer/universidad/PDM1/PROYECTO_FINAL/Drivers/API/Src" -O0 -ffunction-sections -fdata-sections -Wall -fstack-usage -fcyclomatic-complexity -MMD -MP -MF"Drivers/API/Src/API_Uart.d" -MT"Drivers/API/Src/API_Uart.o" --specs=nano.specs -mfpu=fpv4-sp-d16 -mfloat-abi=hard -mthumb -o "Drivers/API/Src/API_Uart.o"
../Drivers/API/Src/API_Uart.c:25:13: warning: 'mensaje_reseteo_datos' defined but not used [-Wunused-variable]
   25 | static char mensaje_reseteo_datos[]={"Reinicio de seteo \r\n"};
      |             ^~~~~~~~~~~~~~~~~~~~~
arm-none-eabi-gcc -o "PROYECTO_FINAL.elf" @"objects.list"   -mcpu=cortex-m4 -T"C:\Users\USUARIO\Desktop\Royer\universidad\PDM1\PROYECTO_FINAL\STM32F401RETX_FLASH.ld" --specs=nosys.specs -Wl,-Map="PROYECTO_FINAL.map" -Wl,--gc-sections -static --specs=nano.specs -mfpu=fpv4-sp-d16 -mfloat-abi=hard -mthumb -Wl,--start-group -lc -lm -Wl,--end-group
C:/ST/STM32CubeIDE_1.13.2/STM32CubeIDE/plugins/com.st.stm32cube.ide.mcu.externaltools.gnu-tools-for-stm32.11.3.rel1.win32_1.1.1.202309131626/tools/bin/../lib/gcc/arm-none-eabi/11.3.1/../../../../arm-none-eabi/bin/ld.exe: ./Core/Src/main.o: in function `main':
C:/Users/USUARIO/Desktop/Royer/universidad/PDM1/PROYECTO_FINAL/Debug/../Core/Src/main.c:104: undefined reference to `UART_Status_button'
collect2.exe: error: ld returned 1 exit status
make: *** [makefile:65: PROYECTO_FINAL.elf] Error 1
"make -j8 all" terminated with exit code 2. Build might be incomplete.
14:12:09 **** Incremental Build of configuration Debug for project PROYECTO_FINAL ****
make -j8 all 
arm-none-eabi-gcc "../Core/Src/main.c" -mcpu=cortex-m4 -std=gnu11 -g3 -DDEBUG -DUSE_HAL_DRIVER -DSTM32F401xE -c -I../Core/Inc -I../Drivers/STM32F4xx_HAL_Driver/Inc -I../Drivers/STM32F4xx_HAL_Driver/Inc/Legacy -I../Drivers/CMSIS/Device/ST/STM32F4xx/Include -I../Drivers/CMSIS/Include -I"C:/Users/USUARIO/Desktop/Royer/universidad/PDM1/PROYECTO_FINAL/Drivers/API" -I"C:/Users/USUARIO/Desktop/Royer/universidad/PDM1/PROYECTO_FINAL/Drivers/API/Inc" -I"C:/Users/USUARIO/Desktop/Royer/universidad/PDM1/PROYECTO_FINAL/Drivers/API/Src" -O0 -ffunction-sections -fdata-sections -Wall -fstack-usage -fcyclomatic-complexity -MMD -MP -MF"Core/Src/main.d" -MT"Core/Src/main.o" --specs=nano.specs -mfpu=fpv4-sp-d16 -mfloat-abi=hard -mthumb -o "Core/Src/main.o"
../Core/Src/main.c: In function 'main':
../Core/Src/main.c:105:12: warning: unused variable 'c' [-Wunused-variable]
  105 | UARTRead_t c=UART_Mef();
      |            ^
arm-none-eabi-gcc -o "PROYECTO_FINAL.elf" @"objects.list"   -mcpu=cortex-m4 -T"C:\Users\USUARIO\Desktop\Royer\universidad\PDM1\PROYECTO_FINAL\STM32F401RETX_FLASH.ld" --specs=nosys.specs -Wl,-Map="PROYECTO_FINAL.map" -Wl,--gc-sections -static --specs=nano.specs -mfpu=fpv4-sp-d16 -mfloat-abi=hard -mthumb -Wl,--start-group -lc -lm -Wl,--end-group
Finished building target: PROYECTO_FINAL.elf
 
arm-none-eabi-size   PROYECTO_FINAL.elf 
arm-none-eabi-objdump -h -S  PROYECTO_FINAL.elf  > "PROYECTO_FINAL.list"
   text	   data	    bss	    dec	    hex	filename
  12004	    228	   1980	  14212	   3784	PROYECTO_FINAL.elf
Finished building: default.size.stdout
 
Finished building: PROYECTO_FINAL.list
 
14:13:11 **** Incremental Build of configuration Debug for project PROYECTO_FINAL ****
make -j8 all 
arm-none-eabi-size   PROYECTO_FINAL.elf 
   text	   data	    bss	    dec	    hex	filename
  12004	    228	   1980	  14212	   3784	PROYECTO_FINAL.elf
Finished building: default.size.stdout
 
14:17:54 **** Incremental Build of configuration Debug for project PROYECTO_FINAL ****
make -j8 all 
arm-none-eabi-gcc "../Drivers/API/Src/API_Uart.c" -mcpu=cortex-m4 -std=gnu11 -g3 -DDEBUG -DUSE_HAL_DRIVER -DSTM32F401xE -c -I../Core/Inc -I../Drivers/STM32F4xx_HAL_Driver/Inc -I../Drivers/STM32F4xx_HAL_Driver/Inc/Legacy -I../Drivers/CMSIS/Device/ST/STM32F4xx/Include -I../Drivers/CMSIS/Include -I"C:/Users/USUARIO/Desktop/Royer/universidad/PDM1/PROYECTO_FINAL/Drivers/API" -I"C:/Users/USUARIO/Desktop/Royer/universidad/PDM1/PROYECTO_FINAL/Drivers/API/Inc" -I"C:/Users/USUARIO/Desktop/Royer/universidad/PDM1/PROYECTO_FINAL/Drivers/API/Src" -O0 -ffunction-sections -fdata-sections -Wall -fstack-usage -fcyclomatic-complexity -MMD -MP -MF"Drivers/API/Src/API_Uart.d" -MT"Drivers/API/Src/API_Uart.o" --specs=nano.specs -mfpu=fpv4-sp-d16 -mfloat-abi=hard -mthumb -o "Drivers/API/Src/API_Uart.o"
../Drivers/API/Src/API_Uart.c:25:13: warning: 'mensaje_reseteo_datos' defined but not used [-Wunused-variable]
   25 | static char mensaje_reseteo_datos[]={"Reinicio de seteo \r\n"};
      |             ^~~~~~~~~~~~~~~~~~~~~
arm-none-eabi-gcc -o "PROYECTO_FINAL.elf" @"objects.list"   -mcpu=cortex-m4 -T"C:\Users\USUARIO\Desktop\Royer\universidad\PDM1\PROYECTO_FINAL\STM32F401RETX_FLASH.ld" --specs=nosys.specs -Wl,-Map="PROYECTO_FINAL.map" -Wl,--gc-sections -static --specs=nano.specs -mfpu=fpv4-sp-d16 -mfloat-abi=hard -mthumb -Wl,--start-group -lc -lm -Wl,--end-group
Finished building target: PROYECTO_FINAL.elf
 
arm-none-eabi-size   PROYECTO_FINAL.elf 
arm-none-eabi-objdump -h -S  PROYECTO_FINAL.elf  > "PROYECTO_FINAL.list"
   text	   data	    bss	    dec	    hex	filename
  12004	    228	   1980	  14212	   3784	PROYECTO_FINAL.elf
Finished building: default.size.stdout
 
Finished building: PROYECTO_FINAL.list
 
14:22:54 **** Incremental Build of configuration Debug for project PROYECTO_FINAL ****
make -j8 all 
arm-none-eabi-gcc "../Drivers/API/Src/API_Uart.c" -mcpu=cortex-m4 -std=gnu11 -g3 -DDEBUG -DUSE_HAL_DRIVER -DSTM32F401xE -c -I../Core/Inc -I../Drivers/STM32F4xx_HAL_Driver/Inc -I../Drivers/STM32F4xx_HAL_Driver/Inc/Legacy -I../Drivers/CMSIS/Device/ST/STM32F4xx/Include -I../Drivers/CMSIS/Include -I"C:/Users/USUARIO/Desktop/Royer/universidad/PDM1/PROYECTO_FINAL/Drivers/API" -I"C:/Users/USUARIO/Desktop/Royer/universidad/PDM1/PROYECTO_FINAL/Drivers/API/Inc" -I"C:/Users/USUARIO/Desktop/Royer/universidad/PDM1/PROYECTO_FINAL/Drivers/API/Src" -O0 -ffunction-sections -fdata-sections -Wall -fstack-usage -fcyclomatic-complexity -MMD -MP -MF"Drivers/API/Src/API_Uart.d" -MT"Drivers/API/Src/API_Uart.o" --specs=nano.specs -mfpu=fpv4-sp-d16 -mfloat-abi=hard -mthumb -o "Drivers/API/Src/API_Uart.o"
../Drivers/API/Src/API_Uart.c:25:13: warning: 'mensaje_reseteo_datos' defined but not used [-Wunused-variable]
   25 | static char mensaje_reseteo_datos[]={"Reinicio de seteo \r\n"};
      |             ^~~~~~~~~~~~~~~~~~~~~
arm-none-eabi-gcc -o "PROYECTO_FINAL.elf" @"objects.list"   -mcpu=cortex-m4 -T"C:\Users\USUARIO\Desktop\Royer\universidad\PDM1\PROYECTO_FINAL\STM32F401RETX_FLASH.ld" --specs=nosys.specs -Wl,-Map="PROYECTO_FINAL.map" -Wl,--gc-sections -static --specs=nano.specs -mfpu=fpv4-sp-d16 -mfloat-abi=hard -mthumb -Wl,--start-group -lc -lm -Wl,--end-group
Finished building target: PROYECTO_FINAL.elf
 
arm-none-eabi-size   PROYECTO_FINAL.elf 
arm-none-eabi-objdump -h -S  PROYECTO_FINAL.elf  > "PROYECTO_FINAL.list"
   text	   data	    bss	    dec	    hex	filename
  12008	    228	   1980	  14216	   3788	PROYECTO_FINAL.elf
Finished building: default.size.stdout
 
Finished building: PROYECTO_FINAL.list
 
14:23:49 **** Incremental Build of configuration Debug for project PROYECTO_FINAL ****
make -j8 all 
arm-none-eabi-gcc "../Drivers/API/Src/API_Uart.c" -mcpu=cortex-m4 -std=gnu11 -g3 -DDEBUG -DUSE_HAL_DRIVER -DSTM32F401xE -c -I../Core/Inc -I../Drivers/STM32F4xx_HAL_Driver/Inc -I../Drivers/STM32F4xx_HAL_Driver/Inc/Legacy -I../Drivers/CMSIS/Device/ST/STM32F4xx/Include -I../Drivers/CMSIS/Include -I"C:/Users/USUARIO/Desktop/Royer/universidad/PDM1/PROYECTO_FINAL/Drivers/API" -I"C:/Users/USUARIO/Desktop/Royer/universidad/PDM1/PROYECTO_FINAL/Drivers/API/Inc" -I"C:/Users/USUARIO/Desktop/Royer/universidad/PDM1/PROYECTO_FINAL/Drivers/API/Src" -O0 -ffunction-sections -fdata-sections -Wall -fstack-usage -fcyclomatic-complexity -MMD -MP -MF"Drivers/API/Src/API_Uart.d" -MT"Drivers/API/Src/API_Uart.o" --specs=nano.specs -mfpu=fpv4-sp-d16 -mfloat-abi=hard -mthumb -o "Drivers/API/Src/API_Uart.o"
arm-none-eabi-gcc "../Core/Src/main.c" -mcpu=cortex-m4 -std=gnu11 -g3 -DDEBUG -DUSE_HAL_DRIVER -DSTM32F401xE -c -I../Core/Inc -I../Drivers/STM32F4xx_HAL_Driver/Inc -I../Drivers/STM32F4xx_HAL_Driver/Inc/Legacy -I../Drivers/CMSIS/Device/ST/STM32F4xx/Include -I../Drivers/CMSIS/Include -I"C:/Users/USUARIO/Desktop/Royer/universidad/PDM1/PROYECTO_FINAL/Drivers/API" -I"C:/Users/USUARIO/Desktop/Royer/universidad/PDM1/PROYECTO_FINAL/Drivers/API/Inc" -I"C:/Users/USUARIO/Desktop/Royer/universidad/PDM1/PROYECTO_FINAL/Drivers/API/Src" -O0 -ffunction-sections -fdata-sections -Wall -fstack-usage -fcyclomatic-complexity -MMD -MP -MF"Core/Src/main.d" -MT"Core/Src/main.o" --specs=nano.specs -mfpu=fpv4-sp-d16 -mfloat-abi=hard -mthumb -o "Core/Src/main.o"
../Core/Src/main.c: In function 'main':
../Core/Src/main.c:105:12: warning: unused variable 'c' [-Wunused-variable]
  105 | UARTRead_t c=UART_Mef();
      |            ^
arm-none-eabi-gcc -o "PROYECTO_FINAL.elf" @"objects.list"   -mcpu=cortex-m4 -T"C:\Users\USUARIO\Desktop\Royer\universidad\PDM1\PROYECTO_FINAL\STM32F401RETX_FLASH.ld" --specs=nosys.specs -Wl,-Map="PROYECTO_FINAL.map" -Wl,--gc-sections -static --specs=nano.specs -mfpu=fpv4-sp-d16 -mfloat-abi=hard -mthumb -Wl,--start-group -lc -lm -Wl,--end-group
Finished building target: PROYECTO_FINAL.elf
 
arm-none-eabi-size   PROYECTO_FINAL.elf 
arm-none-eabi-objdump -h -S  PROYECTO_FINAL.elf  > "PROYECTO_FINAL.list"
   text	   data	    bss	    dec	    hex	filename
  12468	    252	   1988	  14708	   3974	PROYECTO_FINAL.elf
Finished building: default.size.stdout
 
Finished building: PROYECTO_FINAL.list
 
