22:04:26 **** Incremental Build of configuration Debug for project TRABAJO_FINAL_SISTEMA_CALEFACCION ****
make -j8 all 
arm-none-eabi-gcc "../Drivers/API/Src/BMP280_Funtion.c" -mcpu=cortex-m4 -std=gnu11 -g3 -DDEBUG -DUSE_HAL_DRIVER -DSTM32F401xE -c -I../Core/Inc -I../Drivers/STM32F4xx_HAL_Driver/Inc -I../Drivers/STM32F4xx_HAL_Driver/Inc/Legacy -I../Drivers/CMSIS/Device/ST/STM32F4xx/Include -I../Drivers/CMSIS/Include -I"C:/Users/USUARIO/Desktop/Royer/universidad/PDM1/TRABAJO_FINAL_SISTEMA_CALEFACCION/Drivers/API/Inc" -I"C:/Users/USUARIO/Desktop/Royer/universidad/PDM1/TRABAJO_FINAL_SISTEMA_CALEFACCION/Drivers/API/Src" -O0 -ffunction-sections -fdata-sections -Wall -fstack-usage -fcyclomatic-complexity -MMD -MP -MF"Drivers/API/Src/BMP280_Funtion.d" -MT"Drivers/API/Src/BMP280_Funtion.o" --specs=nano.specs -mfpu=fpv4-sp-d16 -mfloat-abi=hard -mthumb -o "Drivers/API/Src/BMP280_Funtion.o"
arm-none-eabi-gcc "../Core/Src/main.c" -mcpu=cortex-m4 -std=gnu11 -g3 -DDEBUG -DUSE_HAL_DRIVER -DSTM32F401xE -c -I../Core/Inc -I../Drivers/STM32F4xx_HAL_Driver/Inc -I../Drivers/STM32F4xx_HAL_Driver/Inc/Legacy -I../Drivers/CMSIS/Device/ST/STM32F4xx/Include -I../Drivers/CMSIS/Include -I"C:/Users/USUARIO/Desktop/Royer/universidad/PDM1/TRABAJO_FINAL_SISTEMA_CALEFACCION/Drivers/API/Inc" -I"C:/Users/USUARIO/Desktop/Royer/universidad/PDM1/TRABAJO_FINAL_SISTEMA_CALEFACCION/Drivers/API/Src" -O0 -ffunction-sections -fdata-sections -Wall -fstack-usage -fcyclomatic-complexity -MMD -MP -MF"Core/Src/main.d" -MT"Core/Src/main.o" --specs=nano.specs -mfpu=fpv4-sp-d16 -mfloat-abi=hard -mthumb -o "Core/Src/main.o"
../Core/Src/main.c: In function 'main':
../Core/Src/main.c:115:66: warning: pointer targets in passing argument 1 of 'strlen' differ in signedness [-Wpointer-sign]
  115 |                         HAL_UART_Transmit(&huart2, Data, strlen (Data), 1000);
      |                                                                  ^~~~
      |                                                                  |
      |                                                                  uint8_t * {aka unsigned char *}
In file included from C:/Users/USUARIO/Desktop/Royer/universidad/PDM1/TRABAJO_FINAL_SISTEMA_CALEFACCION/Drivers/API/Inc/bmp280.h:17,
                 from ../Core/Src/main.c:24:
C:\ST\STM32CubeIDE_1.13.2\STM32CubeIDE\plugins\com.st.stm32cube.ide.mcu.externaltools.gnu-tools-for-stm32.11.3.rel1.win32_1.1.1.202309131626\tools\bin/../lib/gcc/arm-none-eabi/11.3.1/../../../../arm-none-eabi/include/string.h:41:18: note: expected 'const char *' but argument is of type 'uint8_t *' {aka 'unsigned char *'}
   41 | size_t   strlen (const char *);
      |                  ^~~~~~~~~~~~
../Drivers/API/Src/BMP280_Funtion.c: In function 'BMP_280_Read':
../Drivers/API/Src/BMP280_Funtion.c:24:12: error: expected identifier before numeric constant
   24 | #define P0 101325  // Pascales 52=0
      |            ^~~~~~
../Drivers/API/Src/BMP280_Funtion.c:49:44: note: in expansion of macro 'P0'
   49 |                   Dato.altura=altitud-Dato.P0;
      |                                            ^~
../Drivers/API/Src/BMP280_Funtion.c:24:12: error: expected identifier before numeric constant
   24 | #define P0 101325  // Pascales 52=0
      |            ^~~~~~
../Drivers/API/Src/BMP280_Funtion.c:50:24: note: in expansion of macro 'P0'
   50 |                   Dato.P0=Dato.altura;
      |                        ^~
make: *** [Drivers/API/Src/subdir.mk:25: Drivers/API/Src/BMP280_Funtion.o] Error 1
make: *** Waiting for unfinished jobs....
"make -j8 all" terminated with exit code 2. Build might be incomplete.
22:16:55 **** Incremental Build of configuration Debug for project TRABAJO_FINAL_SISTEMA_CALEFACCION ****
make -j8 all 
arm-none-eabi-gcc "../Drivers/API/Src/BMP280_Funtion.c" -mcpu=cortex-m4 -std=gnu11 -g3 -DDEBUG -DUSE_HAL_DRIVER -DSTM32F401xE -c -I../Core/Inc -I../Drivers/STM32F4xx_HAL_Driver/Inc -I../Drivers/STM32F4xx_HAL_Driver/Inc/Legacy -I../Drivers/CMSIS/Device/ST/STM32F4xx/Include -I../Drivers/CMSIS/Include -I"C:/Users/USUARIO/Desktop/Royer/universidad/PDM1/TRABAJO_FINAL_SISTEMA_CALEFACCION/Drivers/API/Inc" -I"C:/Users/USUARIO/Desktop/Royer/universidad/PDM1/TRABAJO_FINAL_SISTEMA_CALEFACCION/Drivers/API/Src" -O0 -ffunction-sections -fdata-sections -Wall -fstack-usage -fcyclomatic-complexity -MMD -MP -MF"Drivers/API/Src/BMP280_Funtion.d" -MT"Drivers/API/Src/BMP280_Funtion.o" --specs=nano.specs -mfpu=fpv4-sp-d16 -mfloat-abi=hard -mthumb -o "Drivers/API/Src/BMP280_Funtion.o"
../Drivers/API/Src/BMP280_Funtion.c:40:12: error: conflicting types for 'BMP_280_Read'; have 'ReadSensor(I2C_HandleTypeDef)'
   40 | ReadSensor BMP_280_Read(I2C_HandleTypeDef hi2c1){
      |            ^~~~~~~~~~~~
In file included from ../Drivers/API/Src/BMP280_Funtion.c:9:
C:/Users/USUARIO/Desktop/Royer/universidad/PDM1/TRABAJO_FINAL_SISTEMA_CALEFACCION/Drivers/API/Inc/BMP280_Funtion.h:18:12: note: previous declaration of 'BMP_280_Read' with type 'ReadSensor(I2C_HandleTypeDef,  float)'
   18 | ReadSensor BMP_280_Read(I2C_HandleTypeDef hi2c1, float p0);
      |            ^~~~~~~~~~~~
make: *** [Drivers/API/Src/subdir.mk:25: Drivers/API/Src/BMP280_Funtion.o] Error 1
"make -j8 all" terminated with exit code 2. Build might be incomplete.
22:17:16 **** Incremental Build of configuration Debug for project TRABAJO_FINAL_SISTEMA_CALEFACCION ****
make -j8 all 
arm-none-eabi-gcc "../Drivers/API/Src/BMP280_Funtion.c" -mcpu=cortex-m4 -std=gnu11 -g3 -DDEBUG -DUSE_HAL_DRIVER -DSTM32F401xE -c -I../Core/Inc -I../Drivers/STM32F4xx_HAL_Driver/Inc -I../Drivers/STM32F4xx_HAL_Driver/Inc/Legacy -I../Drivers/CMSIS/Device/ST/STM32F4xx/Include -I../Drivers/CMSIS/Include -I"C:/Users/USUARIO/Desktop/Royer/universidad/PDM1/TRABAJO_FINAL_SISTEMA_CALEFACCION/Drivers/API/Inc" -I"C:/Users/USUARIO/Desktop/Royer/universidad/PDM1/TRABAJO_FINAL_SISTEMA_CALEFACCION/Drivers/API/Src" -O0 -ffunction-sections -fdata-sections -Wall -fstack-usage -fcyclomatic-complexity -MMD -MP -MF"Drivers/API/Src/BMP280_Funtion.d" -MT"Drivers/API/Src/BMP280_Funtion.o" --specs=nano.specs -mfpu=fpv4-sp-d16 -mfloat-abi=hard -mthumb -o "Drivers/API/Src/BMP280_Funtion.o"
arm-none-eabi-gcc "../Core/Src/main.c" -mcpu=cortex-m4 -std=gnu11 -g3 -DDEBUG -DUSE_HAL_DRIVER -DSTM32F401xE -c -I../Core/Inc -I../Drivers/STM32F4xx_HAL_Driver/Inc -I../Drivers/STM32F4xx_HAL_Driver/Inc/Legacy -I../Drivers/CMSIS/Device/ST/STM32F4xx/Include -I../Drivers/CMSIS/Include -I"C:/Users/USUARIO/Desktop/Royer/universidad/PDM1/TRABAJO_FINAL_SISTEMA_CALEFACCION/Drivers/API/Inc" -I"C:/Users/USUARIO/Desktop/Royer/universidad/PDM1/TRABAJO_FINAL_SISTEMA_CALEFACCION/Drivers/API/Src" -O0 -ffunction-sections -fdata-sections -Wall -fstack-usage -fcyclomatic-complexity -MMD -MP -MF"Core/Src/main.d" -MT"Core/Src/main.o" --specs=nano.specs -mfpu=fpv4-sp-d16 -mfloat-abi=hard -mthumb -o "Core/Src/main.o"
../Core/Src/main.c: In function 'main':
../Core/Src/main.c:115:66: warning: pointer targets in passing argument 1 of 'strlen' differ in signedness [-Wpointer-sign]
  115 |                         HAL_UART_Transmit(&huart2, Data, strlen (Data), 1000);
      |                                                                  ^~~~
      |                                                                  |
      |                                                                  uint8_t * {aka unsigned char *}
In file included from C:/Users/USUARIO/Desktop/Royer/universidad/PDM1/TRABAJO_FINAL_SISTEMA_CALEFACCION/Drivers/API/Inc/bmp280.h:17,
                 from ../Core/Src/main.c:24:
C:\ST\STM32CubeIDE_1.13.2\STM32CubeIDE\plugins\com.st.stm32cube.ide.mcu.externaltools.gnu-tools-for-stm32.11.3.rel1.win32_1.1.1.202309131626\tools\bin/../lib/gcc/arm-none-eabi/11.3.1/../../../../arm-none-eabi/include/string.h:41:18: note: expected 'const char *' but argument is of type 'uint8_t *' {aka 'unsigned char *'}
   41 | size_t   strlen (const char *);
      |                  ^~~~~~~~~~~~
arm-none-eabi-gcc -o "TRABAJO_FINAL_SISTEMA_CALEFACCION.elf" @"objects.list"   -mcpu=cortex-m4 -T"C:\Users\USUARIO\Desktop\Royer\universidad\PDM1\TRABAJO_FINAL_SISTEMA_CALEFACCION\STM32F401RETX_FLASH.ld" --specs=nosys.specs -Wl,-Map="TRABAJO_FINAL_SISTEMA_CALEFACCION.map" -Wl,--gc-sections -static --specs=nano.specs -mfpu=fpv4-sp-d16 -mfloat-abi=hard -mthumb -u _printf_float -Wl,--start-group -lc -lm -Wl,--end-group
Finished building target: TRABAJO_FINAL_SISTEMA_CALEFACCION.elf
 
arm-none-eabi-size   TRABAJO_FINAL_SISTEMA_CALEFACCION.elf 
arm-none-eabi-objdump -h -S  TRABAJO_FINAL_SISTEMA_CALEFACCION.elf  > "TRABAJO_FINAL_SISTEMA_CALEFACCION.list"
   text	   data	    bss	    dec	    hex	filename
  36528	    476	   2372	  39376	   99d0	TRABAJO_FINAL_SISTEMA_CALEFACCION.elf
Finished building: default.size.stdout
 
Finished building: TRABAJO_FINAL_SISTEMA_CALEFACCION.list
 
23:02:03 **** Incremental Build of configuration Debug for project TRABAJO_FINAL_SISTEMA_CALEFACCION ****
make -j8 all 
arm-none-eabi-gcc "../Core/Src/main.c" -mcpu=cortex-m4 -std=gnu11 -g3 -DDEBUG -DUSE_HAL_DRIVER -DSTM32F401xE -c -I../Core/Inc -I../Drivers/STM32F4xx_HAL_Driver/Inc -I../Drivers/STM32F4xx_HAL_Driver/Inc/Legacy -I../Drivers/CMSIS/Device/ST/STM32F4xx/Include -I../Drivers/CMSIS/Include -I"C:/Users/USUARIO/Desktop/Royer/universidad/PDM1/TRABAJO_FINAL_SISTEMA_CALEFACCION/Drivers/API/Inc" -I"C:/Users/USUARIO/Desktop/Royer/universidad/PDM1/TRABAJO_FINAL_SISTEMA_CALEFACCION/Drivers/API/Src" -O0 -ffunction-sections -fdata-sections -Wall -fstack-usage -fcyclomatic-complexity -MMD -MP -MF"Core/Src/main.d" -MT"Core/Src/main.o" --specs=nano.specs -mfpu=fpv4-sp-d16 -mfloat-abi=hard -mthumb -o "Core/Src/main.o"
../Core/Src/main.c: In function 'main':
../Core/Src/main.c:117:82: warning: pointer targets in passing argument 1 of 'strlen' differ in signedness [-Wpointer-sign]
  117 |                                         HAL_UART_Transmit(&huart2, Data, strlen (Data), 1000);
      |                                                                                  ^~~~
      |                                                                                  |
      |                                                                                  uint8_t * {aka unsigned char *}
In file included from C:/Users/USUARIO/Desktop/Royer/universidad/PDM1/TRABAJO_FINAL_SISTEMA_CALEFACCION/Drivers/API/Inc/bmp280.h:17,
                 from ../Core/Src/main.c:24:
C:\ST\STM32CubeIDE_1.13.2\STM32CubeIDE\plugins\com.st.stm32cube.ide.mcu.externaltools.gnu-tools-for-stm32.11.3.rel1.win32_1.1.1.202309131626\tools\bin/../lib/gcc/arm-none-eabi/11.3.1/../../../../arm-none-eabi/include/string.h:41:18: note: expected 'const char *' but argument is of type 'uint8_t *' {aka 'unsigned char *'}
   41 | size_t   strlen (const char *);
      |                  ^~~~~~~~~~~~
arm-none-eabi-gcc -o "TRABAJO_FINAL_SISTEMA_CALEFACCION.elf" @"objects.list"   -mcpu=cortex-m4 -T"C:\Users\USUARIO\Desktop\Royer\universidad\PDM1\TRABAJO_FINAL_SISTEMA_CALEFACCION\STM32F401RETX_FLASH.ld" --specs=nosys.specs -Wl,-Map="TRABAJO_FINAL_SISTEMA_CALEFACCION.map" -Wl,--gc-sections -static --specs=nano.specs -mfpu=fpv4-sp-d16 -mfloat-abi=hard -mthumb -u _printf_float -Wl,--start-group -lc -lm -Wl,--end-group
Finished building target: TRABAJO_FINAL_SISTEMA_CALEFACCION.elf
 
arm-none-eabi-size   TRABAJO_FINAL_SISTEMA_CALEFACCION.elf 
arm-none-eabi-objdump -h -S  TRABAJO_FINAL_SISTEMA_CALEFACCION.elf  > "TRABAJO_FINAL_SISTEMA_CALEFACCION.list"
   text	   data	    bss	    dec	    hex	filename
  36552	    476	   2372	  39400	   99e8	TRABAJO_FINAL_SISTEMA_CALEFACCION.elf
Finished building: default.size.stdout
 
Finished building: TRABAJO_FINAL_SISTEMA_CALEFACCION.list
 
23:02:58 **** Incremental Build of configuration Debug for project TRABAJO_FINAL_SISTEMA_CALEFACCION ****
make -j8 all 
arm-none-eabi-gcc "../Core/Src/main.c" -mcpu=cortex-m4 -std=gnu11 -g3 -DDEBUG -DUSE_HAL_DRIVER -DSTM32F401xE -c -I../Core/Inc -I../Drivers/STM32F4xx_HAL_Driver/Inc -I../Drivers/STM32F4xx_HAL_Driver/Inc/Legacy -I../Drivers/CMSIS/Device/ST/STM32F4xx/Include -I../Drivers/CMSIS/Include -I"C:/Users/USUARIO/Desktop/Royer/universidad/PDM1/TRABAJO_FINAL_SISTEMA_CALEFACCION/Drivers/API/Inc" -I"C:/Users/USUARIO/Desktop/Royer/universidad/PDM1/TRABAJO_FINAL_SISTEMA_CALEFACCION/Drivers/API/Src" -O0 -ffunction-sections -fdata-sections -Wall -fstack-usage -fcyclomatic-complexity -MMD -MP -MF"Core/Src/main.d" -MT"Core/Src/main.o" --specs=nano.specs -mfpu=fpv4-sp-d16 -mfloat-abi=hard -mthumb -o "Core/Src/main.o"
../Core/Src/main.c: In function 'main':
../Core/Src/main.c:117:82: warning: pointer targets in passing argument 1 of 'strlen' differ in signedness [-Wpointer-sign]
  117 |                                         HAL_UART_Transmit(&huart2, Data, strlen (Data), 1000);
      |                                                                                  ^~~~
      |                                                                                  |
      |                                                                                  uint8_t * {aka unsigned char *}
In file included from C:/Users/USUARIO/Desktop/Royer/universidad/PDM1/TRABAJO_FINAL_SISTEMA_CALEFACCION/Drivers/API/Inc/bmp280.h:17,
                 from ../Core/Src/main.c:24:
C:\ST\STM32CubeIDE_1.13.2\STM32CubeIDE\plugins\com.st.stm32cube.ide.mcu.externaltools.gnu-tools-for-stm32.11.3.rel1.win32_1.1.1.202309131626\tools\bin/../lib/gcc/arm-none-eabi/11.3.1/../../../../arm-none-eabi/include/string.h:41:18: note: expected 'const char *' but argument is of type 'uint8_t *' {aka 'unsigned char *'}
   41 | size_t   strlen (const char *);
      |                  ^~~~~~~~~~~~
arm-none-eabi-gcc -o "TRABAJO_FINAL_SISTEMA_CALEFACCION.elf" @"objects.list"   -mcpu=cortex-m4 -T"C:\Users\USUARIO\Desktop\Royer\universidad\PDM1\TRABAJO_FINAL_SISTEMA_CALEFACCION\STM32F401RETX_FLASH.ld" --specs=nosys.specs -Wl,-Map="TRABAJO_FINAL_SISTEMA_CALEFACCION.map" -Wl,--gc-sections -static --specs=nano.specs -mfpu=fpv4-sp-d16 -mfloat-abi=hard -mthumb -u _printf_float -Wl,--start-group -lc -lm -Wl,--end-group
Finished building target: TRABAJO_FINAL_SISTEMA_CALEFACCION.elf
 
arm-none-eabi-size   TRABAJO_FINAL_SISTEMA_CALEFACCION.elf 
arm-none-eabi-objdump -h -S  TRABAJO_FINAL_SISTEMA_CALEFACCION.elf  > "TRABAJO_FINAL_SISTEMA_CALEFACCION.list"
   text	   data	    bss	    dec	    hex	filename
  36552	    476	   2372	  39400	   99e8	TRABAJO_FINAL_SISTEMA_CALEFACCION.elf
Finished building: default.size.stdout
 
Finished building: TRABAJO_FINAL_SISTEMA_CALEFACCION.list
 
23:04:24 **** Incremental Build of configuration Debug for project TRABAJO_FINAL_SISTEMA_CALEFACCION ****
make -j8 all 
arm-none-eabi-size   TRABAJO_FINAL_SISTEMA_CALEFACCION.elf 
   text	   data	    bss	    dec	    hex	filename
  36552	    476	   2372	  39400	   99e8	TRABAJO_FINAL_SISTEMA_CALEFACCION.elf
Finished building: default.size.stdout
 
23:06:10 **** Incremental Build of configuration Debug for project TRABAJO_FINAL_SISTEMA_CALEFACCION ****
make -j8 all 
arm-none-eabi-gcc "../Drivers/API/Src/BMP280_Funtion.c" -mcpu=cortex-m4 -std=gnu11 -g3 -DDEBUG -DUSE_HAL_DRIVER -DSTM32F401xE -c -I../Core/Inc -I../Drivers/STM32F4xx_HAL_Driver/Inc -I../Drivers/STM32F4xx_HAL_Driver/Inc/Legacy -I../Drivers/CMSIS/Device/ST/STM32F4xx/Include -I../Drivers/CMSIS/Include -I"C:/Users/USUARIO/Desktop/Royer/universidad/PDM1/TRABAJO_FINAL_SISTEMA_CALEFACCION/Drivers/API/Inc" -I"C:/Users/USUARIO/Desktop/Royer/universidad/PDM1/TRABAJO_FINAL_SISTEMA_CALEFACCION/Drivers/API/Src" -O0 -ffunction-sections -fdata-sections -Wall -fstack-usage -fcyclomatic-complexity -MMD -MP -MF"Drivers/API/Src/BMP280_Funtion.d" -MT"Drivers/API/Src/BMP280_Funtion.o" --specs=nano.specs -mfpu=fpv4-sp-d16 -mfloat-abi=hard -mthumb -o "Drivers/API/Src/BMP280_Funtion.o"
arm-none-eabi-gcc -o "TRABAJO_FINAL_SISTEMA_CALEFACCION.elf" @"objects.list"   -mcpu=cortex-m4 -T"C:\Users\USUARIO\Desktop\Royer\universidad\PDM1\TRABAJO_FINAL_SISTEMA_CALEFACCION\STM32F401RETX_FLASH.ld" --specs=nosys.specs -Wl,-Map="TRABAJO_FINAL_SISTEMA_CALEFACCION.map" -Wl,--gc-sections -static --specs=nano.specs -mfpu=fpv4-sp-d16 -mfloat-abi=hard -mthumb -u _printf_float -Wl,--start-group -lc -lm -Wl,--end-group
Finished building target: TRABAJO_FINAL_SISTEMA_CALEFACCION.elf
 
arm-none-eabi-size   TRABAJO_FINAL_SISTEMA_CALEFACCION.elf 
arm-none-eabi-objdump -h -S  TRABAJO_FINAL_SISTEMA_CALEFACCION.elf  > "TRABAJO_FINAL_SISTEMA_CALEFACCION.list"
   text	   data	    bss	    dec	    hex	filename
  36528	    476	   2372	  39376	   99d0	TRABAJO_FINAL_SISTEMA_CALEFACCION.elf
Finished building: default.size.stdout
 
Finished building: TRABAJO_FINAL_SISTEMA_CALEFACCION.list
 
23:07:03 **** Incremental Build of configuration Debug for project TRABAJO_FINAL_SISTEMA_CALEFACCION ****
make -j8 all 
arm-none-eabi-gcc "../Drivers/API/Src/BMP280_Funtion.c" -mcpu=cortex-m4 -std=gnu11 -g3 -DDEBUG -DUSE_HAL_DRIVER -DSTM32F401xE -c -I../Core/Inc -I../Drivers/STM32F4xx_HAL_Driver/Inc -I../Drivers/STM32F4xx_HAL_Driver/Inc/Legacy -I../Drivers/CMSIS/Device/ST/STM32F4xx/Include -I../Drivers/CMSIS/Include -I"C:/Users/USUARIO/Desktop/Royer/universidad/PDM1/TRABAJO_FINAL_SISTEMA_CALEFACCION/Drivers/API/Inc" -I"C:/Users/USUARIO/Desktop/Royer/universidad/PDM1/TRABAJO_FINAL_SISTEMA_CALEFACCION/Drivers/API/Src" -O0 -ffunction-sections -fdata-sections -Wall -fstack-usage -fcyclomatic-complexity -MMD -MP -MF"Drivers/API/Src/BMP280_Funtion.d" -MT"Drivers/API/Src/BMP280_Funtion.o" --specs=nano.specs -mfpu=fpv4-sp-d16 -mfloat-abi=hard -mthumb -o "Drivers/API/Src/BMP280_Funtion.o"
arm-none-eabi-gcc -o "TRABAJO_FINAL_SISTEMA_CALEFACCION.elf" @"objects.list"   -mcpu=cortex-m4 -T"C:\Users\USUARIO\Desktop\Royer\universidad\PDM1\TRABAJO_FINAL_SISTEMA_CALEFACCION\STM32F401RETX_FLASH.ld" --specs=nosys.specs -Wl,-Map="TRABAJO_FINAL_SISTEMA_CALEFACCION.map" -Wl,--gc-sections -static --specs=nano.specs -mfpu=fpv4-sp-d16 -mfloat-abi=hard -mthumb -u _printf_float -Wl,--start-group -lc -lm -Wl,--end-group
Finished building target: TRABAJO_FINAL_SISTEMA_CALEFACCION.elf
 
arm-none-eabi-size   TRABAJO_FINAL_SISTEMA_CALEFACCION.elf 
arm-none-eabi-objdump -h -S  TRABAJO_FINAL_SISTEMA_CALEFACCION.elf  > "TRABAJO_FINAL_SISTEMA_CALEFACCION.list"
   text	   data	    bss	    dec	    hex	filename
  36568	    476	   2372	  39416	   99f8	TRABAJO_FINAL_SISTEMA_CALEFACCION.elf
Finished building: default.size.stdout
 
Finished building: TRABAJO_FINAL_SISTEMA_CALEFACCION.list
 
23:10:19 **** Incremental Build of configuration Debug for project TRABAJO_FINAL_SISTEMA_CALEFACCION ****
make -j8 all 
arm-none-eabi-gcc "../Drivers/API/Src/BMP280_Funtion.c" -mcpu=cortex-m4 -std=gnu11 -g3 -DDEBUG -DUSE_HAL_DRIVER -DSTM32F401xE -c -I../Core/Inc -I../Drivers/STM32F4xx_HAL_Driver/Inc -I../Drivers/STM32F4xx_HAL_Driver/Inc/Legacy -I../Drivers/CMSIS/Device/ST/STM32F4xx/Include -I../Drivers/CMSIS/Include -I"C:/Users/USUARIO/Desktop/Royer/universidad/PDM1/TRABAJO_FINAL_SISTEMA_CALEFACCION/Drivers/API/Inc" -I"C:/Users/USUARIO/Desktop/Royer/universidad/PDM1/TRABAJO_FINAL_SISTEMA_CALEFACCION/Drivers/API/Src" -O0 -ffunction-sections -fdata-sections -Wall -fstack-usage -fcyclomatic-complexity -MMD -MP -MF"Drivers/API/Src/BMP280_Funtion.d" -MT"Drivers/API/Src/BMP280_Funtion.o" --specs=nano.specs -mfpu=fpv4-sp-d16 -mfloat-abi=hard -mthumb -o "Drivers/API/Src/BMP280_Funtion.o"
arm-none-eabi-gcc "../Core/Src/main.c" -mcpu=cortex-m4 -std=gnu11 -g3 -DDEBUG -DUSE_HAL_DRIVER -DSTM32F401xE -c -I../Core/Inc -I../Drivers/STM32F4xx_HAL_Driver/Inc -I../Drivers/STM32F4xx_HAL_Driver/Inc/Legacy -I../Drivers/CMSIS/Device/ST/STM32F4xx/Include -I../Drivers/CMSIS/Include -I"C:/Users/USUARIO/Desktop/Royer/universidad/PDM1/TRABAJO_FINAL_SISTEMA_CALEFACCION/Drivers/API/Inc" -I"C:/Users/USUARIO/Desktop/Royer/universidad/PDM1/TRABAJO_FINAL_SISTEMA_CALEFACCION/Drivers/API/Src" -O0 -ffunction-sections -fdata-sections -Wall -fstack-usage -fcyclomatic-complexity -MMD -MP -MF"Core/Src/main.d" -MT"Core/Src/main.o" --specs=nano.specs -mfpu=fpv4-sp-d16 -mfloat-abi=hard -mthumb -o "Core/Src/main.o"
../Core/Src/main.c: In function 'main':
../Core/Src/main.c:114:66: warning: pointer targets in passing argument 1 of 'strlen' differ in signedness [-Wpointer-sign]
  114 |                         HAL_UART_Transmit(&huart2, Data, strlen (Data), 1000);
      |                                                                  ^~~~
      |                                                                  |
      |                                                                  uint8_t * {aka unsigned char *}
In file included from C:/Users/USUARIO/Desktop/Royer/universidad/PDM1/TRABAJO_FINAL_SISTEMA_CALEFACCION/Drivers/API/Inc/bmp280.h:17,
                 from ../Core/Src/main.c:24:
C:\ST\STM32CubeIDE_1.13.2\STM32CubeIDE\plugins\com.st.stm32cube.ide.mcu.externaltools.gnu-tools-for-stm32.11.3.rel1.win32_1.1.1.202309131626\tools\bin/../lib/gcc/arm-none-eabi/11.3.1/../../../../arm-none-eabi/include/string.h:41:18: note: expected 'const char *' but argument is of type 'uint8_t *' {aka 'unsigned char *'}
   41 | size_t   strlen (const char *);
      |                  ^~~~~~~~~~~~
../Core/Src/main.c:121:82: warning: pointer targets in passing argument 1 of 'strlen' differ in signedness [-Wpointer-sign]
  121 |                                         HAL_UART_Transmit(&huart2, Data, strlen (Data), 1000);
      |                                                                                  ^~~~
      |                                                                                  |
      |                                                                                  uint8_t * {aka unsigned char *}
In file included from C:/Users/USUARIO/Desktop/Royer/universidad/PDM1/TRABAJO_FINAL_SISTEMA_CALEFACCION/Drivers/API/Inc/bmp280.h:17,
                 from ../Core/Src/main.c:24:
C:\ST\STM32CubeIDE_1.13.2\STM32CubeIDE\plugins\com.st.stm32cube.ide.mcu.externaltools.gnu-tools-for-stm32.11.3.rel1.win32_1.1.1.202309131626\tools\bin/../lib/gcc/arm-none-eabi/11.3.1/../../../../arm-none-eabi/include/string.h:41:18: note: expected 'const char *' but argument is of type 'uint8_t *' {aka 'unsigned char *'}
   41 | size_t   strlen (const char *);
      |                  ^~~~~~~~~~~~
arm-none-eabi-gcc -o "TRABAJO_FINAL_SISTEMA_CALEFACCION.elf" @"objects.list"   -mcpu=cortex-m4 -T"C:\Users\USUARIO\Desktop\Royer\universidad\PDM1\TRABAJO_FINAL_SISTEMA_CALEFACCION\STM32F401RETX_FLASH.ld" --specs=nosys.specs -Wl,-Map="TRABAJO_FINAL_SISTEMA_CALEFACCION.map" -Wl,--gc-sections -static --specs=nano.specs -mfpu=fpv4-sp-d16 -mfloat-abi=hard -mthumb -u _printf_float -Wl,--start-group -lc -lm -Wl,--end-group
Finished building target: TRABAJO_FINAL_SISTEMA_CALEFACCION.elf
 
arm-none-eabi-size   TRABAJO_FINAL_SISTEMA_CALEFACCION.elf 
arm-none-eabi-objdump -h -S  TRABAJO_FINAL_SISTEMA_CALEFACCION.elf  > "TRABAJO_FINAL_SISTEMA_CALEFACCION.list"
   text	   data	    bss	    dec	    hex	filename
  36712	    476	   2372	  39560	   9a88	TRABAJO_FINAL_SISTEMA_CALEFACCION.elf
Finished building: default.size.stdout
 
Finished building: TRABAJO_FINAL_SISTEMA_CALEFACCION.list
 
23:11:36 **** Incremental Build of configuration Debug for project TRABAJO_FINAL_SISTEMA_CALEFACCION ****
make -j8 all 
arm-none-eabi-gcc "../Drivers/API/Src/BMP280_Funtion.c" -mcpu=cortex-m4 -std=gnu11 -g3 -DDEBUG -DUSE_HAL_DRIVER -DSTM32F401xE -c -I../Core/Inc -I../Drivers/STM32F4xx_HAL_Driver/Inc -I../Drivers/STM32F4xx_HAL_Driver/Inc/Legacy -I../Drivers/CMSIS/Device/ST/STM32F4xx/Include -I../Drivers/CMSIS/Include -I"C:/Users/USUARIO/Desktop/Royer/universidad/PDM1/TRABAJO_FINAL_SISTEMA_CALEFACCION/Drivers/API/Inc" -I"C:/Users/USUARIO/Desktop/Royer/universidad/PDM1/TRABAJO_FINAL_SISTEMA_CALEFACCION/Drivers/API/Src" -O0 -ffunction-sections -fdata-sections -Wall -fstack-usage -fcyclomatic-complexity -MMD -MP -MF"Drivers/API/Src/BMP280_Funtion.d" -MT"Drivers/API/Src/BMP280_Funtion.o" --specs=nano.specs -mfpu=fpv4-sp-d16 -mfloat-abi=hard -mthumb -o "Drivers/API/Src/BMP280_Funtion.o"
arm-none-eabi-gcc -o "TRABAJO_FINAL_SISTEMA_CALEFACCION.elf" @"objects.list"   -mcpu=cortex-m4 -T"C:\Users\USUARIO\Desktop\Royer\universidad\PDM1\TRABAJO_FINAL_SISTEMA_CALEFACCION\STM32F401RETX_FLASH.ld" --specs=nosys.specs -Wl,-Map="TRABAJO_FINAL_SISTEMA_CALEFACCION.map" -Wl,--gc-sections -static --specs=nano.specs -mfpu=fpv4-sp-d16 -mfloat-abi=hard -mthumb -u _printf_float -Wl,--start-group -lc -lm -Wl,--end-group
Finished building target: TRABAJO_FINAL_SISTEMA_CALEFACCION.elf
 
arm-none-eabi-size   TRABAJO_FINAL_SISTEMA_CALEFACCION.elf 
arm-none-eabi-objdump -h -S  TRABAJO_FINAL_SISTEMA_CALEFACCION.elf  > "TRABAJO_FINAL_SISTEMA_CALEFACCION.list"
   text	   data	    bss	    dec	    hex	filename
  36712	    476	   2372	  39560	   9a88	TRABAJO_FINAL_SISTEMA_CALEFACCION.elf
Finished building: default.size.stdout
 
Finished building: TRABAJO_FINAL_SISTEMA_CALEFACCION.list
 
23:12:54 **** Incremental Build of configuration Debug for project TRABAJO_FINAL_SISTEMA_CALEFACCION ****
make -j8 all 
arm-none-eabi-gcc "../Drivers/API/Src/BMP280_Funtion.c" -mcpu=cortex-m4 -std=gnu11 -g3 -DDEBUG -DUSE_HAL_DRIVER -DSTM32F401xE -c -I../Core/Inc -I../Drivers/STM32F4xx_HAL_Driver/Inc -I../Drivers/STM32F4xx_HAL_Driver/Inc/Legacy -I../Drivers/CMSIS/Device/ST/STM32F4xx/Include -I../Drivers/CMSIS/Include -I"C:/Users/USUARIO/Desktop/Royer/universidad/PDM1/TRABAJO_FINAL_SISTEMA_CALEFACCION/Drivers/API/Inc" -I"C:/Users/USUARIO/Desktop/Royer/universidad/PDM1/TRABAJO_FINAL_SISTEMA_CALEFACCION/Drivers/API/Src" -O0 -ffunction-sections -fdata-sections -Wall -fstack-usage -fcyclomatic-complexity -MMD -MP -MF"Drivers/API/Src/BMP280_Funtion.d" -MT"Drivers/API/Src/BMP280_Funtion.o" --specs=nano.specs -mfpu=fpv4-sp-d16 -mfloat-abi=hard -mthumb -o "Drivers/API/Src/BMP280_Funtion.o"
arm-none-eabi-gcc -o "TRABAJO_FINAL_SISTEMA_CALEFACCION.elf" @"objects.list"   -mcpu=cortex-m4 -T"C:\Users\USUARIO\Desktop\Royer\universidad\PDM1\TRABAJO_FINAL_SISTEMA_CALEFACCION\STM32F401RETX_FLASH.ld" --specs=nosys.specs -Wl,-Map="TRABAJO_FINAL_SISTEMA_CALEFACCION.map" -Wl,--gc-sections -static --specs=nano.specs -mfpu=fpv4-sp-d16 -mfloat-abi=hard -mthumb -u _printf_float -Wl,--start-group -lc -lm -Wl,--end-group
Finished building target: TRABAJO_FINAL_SISTEMA_CALEFACCION.elf
 
arm-none-eabi-size   TRABAJO_FINAL_SISTEMA_CALEFACCION.elf 
arm-none-eabi-objdump -h -S  TRABAJO_FINAL_SISTEMA_CALEFACCION.elf  > "TRABAJO_FINAL_SISTEMA_CALEFACCION.list"
   text	   data	    bss	    dec	    hex	filename
  36720	    476	   2372	  39568	   9a90	TRABAJO_FINAL_SISTEMA_CALEFACCION.elf
Finished building: default.size.stdout
 
Finished building: TRABAJO_FINAL_SISTEMA_CALEFACCION.list
 
23:13:34 **** Incremental Build of configuration Debug for project TRABAJO_FINAL_SISTEMA_CALEFACCION ****
make -j8 all 
arm-none-eabi-gcc "../Drivers/API/Src/BMP280_Funtion.c" -mcpu=cortex-m4 -std=gnu11 -g3 -DDEBUG -DUSE_HAL_DRIVER -DSTM32F401xE -c -I../Core/Inc -I../Drivers/STM32F4xx_HAL_Driver/Inc -I../Drivers/STM32F4xx_HAL_Driver/Inc/Legacy -I../Drivers/CMSIS/Device/ST/STM32F4xx/Include -I../Drivers/CMSIS/Include -I"C:/Users/USUARIO/Desktop/Royer/universidad/PDM1/TRABAJO_FINAL_SISTEMA_CALEFACCION/Drivers/API/Inc" -I"C:/Users/USUARIO/Desktop/Royer/universidad/PDM1/TRABAJO_FINAL_SISTEMA_CALEFACCION/Drivers/API/Src" -O0 -ffunction-sections -fdata-sections -Wall -fstack-usage -fcyclomatic-complexity -MMD -MP -MF"Drivers/API/Src/BMP280_Funtion.d" -MT"Drivers/API/Src/BMP280_Funtion.o" --specs=nano.specs -mfpu=fpv4-sp-d16 -mfloat-abi=hard -mthumb -o "Drivers/API/Src/BMP280_Funtion.o"
arm-none-eabi-gcc -o "TRABAJO_FINAL_SISTEMA_CALEFACCION.elf" @"objects.list"   -mcpu=cortex-m4 -T"C:\Users\USUARIO\Desktop\Royer\universidad\PDM1\TRABAJO_FINAL_SISTEMA_CALEFACCION\STM32F401RETX_FLASH.ld" --specs=nosys.specs -Wl,-Map="TRABAJO_FINAL_SISTEMA_CALEFACCION.map" -Wl,--gc-sections -static --specs=nano.specs -mfpu=fpv4-sp-d16 -mfloat-abi=hard -mthumb -u _printf_float -Wl,--start-group -lc -lm -Wl,--end-group
Finished building target: TRABAJO_FINAL_SISTEMA_CALEFACCION.elf
 
arm-none-eabi-size   TRABAJO_FINAL_SISTEMA_CALEFACCION.elf 
arm-none-eabi-objdump -h -S  TRABAJO_FINAL_SISTEMA_CALEFACCION.elf  > "TRABAJO_FINAL_SISTEMA_CALEFACCION.list"
   text	   data	    bss	    dec	    hex	filename
  36712	    476	   2372	  39560	   9a88	TRABAJO_FINAL_SISTEMA_CALEFACCION.elf
Finished building: default.size.stdout
 
Finished building: TRABAJO_FINAL_SISTEMA_CALEFACCION.list
 
23:14:39 **** Incremental Build of configuration Debug for project TRABAJO_FINAL_SISTEMA_CALEFACCION ****
make -j8 all 
arm-none-eabi-gcc "../Drivers/API/Src/BMP280_Funtion.c" -mcpu=cortex-m4 -std=gnu11 -g3 -DDEBUG -DUSE_HAL_DRIVER -DSTM32F401xE -c -I../Core/Inc -I../Drivers/STM32F4xx_HAL_Driver/Inc -I../Drivers/STM32F4xx_HAL_Driver/Inc/Legacy -I../Drivers/CMSIS/Device/ST/STM32F4xx/Include -I../Drivers/CMSIS/Include -I"C:/Users/USUARIO/Desktop/Royer/universidad/PDM1/TRABAJO_FINAL_SISTEMA_CALEFACCION/Drivers/API/Inc" -I"C:/Users/USUARIO/Desktop/Royer/universidad/PDM1/TRABAJO_FINAL_SISTEMA_CALEFACCION/Drivers/API/Src" -O0 -ffunction-sections -fdata-sections -Wall -fstack-usage -fcyclomatic-complexity -MMD -MP -MF"Drivers/API/Src/BMP280_Funtion.d" -MT"Drivers/API/Src/BMP280_Funtion.o" --specs=nano.specs -mfpu=fpv4-sp-d16 -mfloat-abi=hard -mthumb -o "Drivers/API/Src/BMP280_Funtion.o"
arm-none-eabi-gcc -o "TRABAJO_FINAL_SISTEMA_CALEFACCION.elf" @"objects.list"   -mcpu=cortex-m4 -T"C:\Users\USUARIO\Desktop\Royer\universidad\PDM1\TRABAJO_FINAL_SISTEMA_CALEFACCION\STM32F401RETX_FLASH.ld" --specs=nosys.specs -Wl,-Map="TRABAJO_FINAL_SISTEMA_CALEFACCION.map" -Wl,--gc-sections -static --specs=nano.specs -mfpu=fpv4-sp-d16 -mfloat-abi=hard -mthumb -u _printf_float -Wl,--start-group -lc -lm -Wl,--end-group
Finished building target: TRABAJO_FINAL_SISTEMA_CALEFACCION.elf
 
arm-none-eabi-size   TRABAJO_FINAL_SISTEMA_CALEFACCION.elf 
arm-none-eabi-objdump -h -S  TRABAJO_FINAL_SISTEMA_CALEFACCION.elf  > "TRABAJO_FINAL_SISTEMA_CALEFACCION.list"
   text	   data	    bss	    dec	    hex	filename
  36736	    476	   2372	  39584	   9aa0	TRABAJO_FINAL_SISTEMA_CALEFACCION.elf
Finished building: default.size.stdout
 
Finished building: TRABAJO_FINAL_SISTEMA_CALEFACCION.list
 
23:16:46 **** Incremental Build of configuration Debug for project TRABAJO_FINAL_SISTEMA_CALEFACCION ****
make -j8 all 
arm-none-eabi-gcc "../Drivers/API/Src/BMP280_Funtion.c" -mcpu=cortex-m4 -std=gnu11 -g3 -DDEBUG -DUSE_HAL_DRIVER -DSTM32F401xE -c -I../Core/Inc -I../Drivers/STM32F4xx_HAL_Driver/Inc -I../Drivers/STM32F4xx_HAL_Driver/Inc/Legacy -I../Drivers/CMSIS/Device/ST/STM32F4xx/Include -I../Drivers/CMSIS/Include -I"C:/Users/USUARIO/Desktop/Royer/universidad/PDM1/TRABAJO_FINAL_SISTEMA_CALEFACCION/Drivers/API/Inc" -I"C:/Users/USUARIO/Desktop/Royer/universidad/PDM1/TRABAJO_FINAL_SISTEMA_CALEFACCION/Drivers/API/Src" -O0 -ffunction-sections -fdata-sections -Wall -fstack-usage -fcyclomatic-complexity -MMD -MP -MF"Drivers/API/Src/BMP280_Funtion.d" -MT"Drivers/API/Src/BMP280_Funtion.o" --specs=nano.specs -mfpu=fpv4-sp-d16 -mfloat-abi=hard -mthumb -o "Drivers/API/Src/BMP280_Funtion.o"
arm-none-eabi-gcc -o "TRABAJO_FINAL_SISTEMA_CALEFACCION.elf" @"objects.list"   -mcpu=cortex-m4 -T"C:\Users\USUARIO\Desktop\Royer\universidad\PDM1\TRABAJO_FINAL_SISTEMA_CALEFACCION\STM32F401RETX_FLASH.ld" --specs=nosys.specs -Wl,-Map="TRABAJO_FINAL_SISTEMA_CALEFACCION.map" -Wl,--gc-sections -static --specs=nano.specs -mfpu=fpv4-sp-d16 -mfloat-abi=hard -mthumb -u _printf_float -Wl,--start-group -lc -lm -Wl,--end-group
Finished building target: TRABAJO_FINAL_SISTEMA_CALEFACCION.elf
 
arm-none-eabi-size   TRABAJO_FINAL_SISTEMA_CALEFACCION.elf 
arm-none-eabi-objdump -h -S  TRABAJO_FINAL_SISTEMA_CALEFACCION.elf  > "TRABAJO_FINAL_SISTEMA_CALEFACCION.list"
   text	   data	    bss	    dec	    hex	filename
  36768	    476	   2372	  39616	   9ac0	TRABAJO_FINAL_SISTEMA_CALEFACCION.elf
Finished building: default.size.stdout
 
Finished building: TRABAJO_FINAL_SISTEMA_CALEFACCION.list
 
23:17:49 **** Incremental Build of configuration Debug for project TRABAJO_FINAL_SISTEMA_CALEFACCION ****
make -j8 all 
arm-none-eabi-gcc "../Core/Src/main.c" -mcpu=cortex-m4 -std=gnu11 -g3 -DDEBUG -DUSE_HAL_DRIVER -DSTM32F401xE -c -I../Core/Inc -I../Drivers/STM32F4xx_HAL_Driver/Inc -I../Drivers/STM32F4xx_HAL_Driver/Inc/Legacy -I../Drivers/CMSIS/Device/ST/STM32F4xx/Include -I../Drivers/CMSIS/Include -I"C:/Users/USUARIO/Desktop/Royer/universidad/PDM1/TRABAJO_FINAL_SISTEMA_CALEFACCION/Drivers/API/Inc" -I"C:/Users/USUARIO/Desktop/Royer/universidad/PDM1/TRABAJO_FINAL_SISTEMA_CALEFACCION/Drivers/API/Src" -O0 -ffunction-sections -fdata-sections -Wall -fstack-usage -fcyclomatic-complexity -MMD -MP -MF"Core/Src/main.d" -MT"Core/Src/main.o" --specs=nano.specs -mfpu=fpv4-sp-d16 -mfloat-abi=hard -mthumb -o "Core/Src/main.o"
../Core/Src/main.c: In function 'main':
../Core/Src/main.c:114:66: warning: pointer targets in passing argument 1 of 'strlen' differ in signedness [-Wpointer-sign]
  114 |                         HAL_UART_Transmit(&huart2, Data, strlen (Data), 1000);
      |                                                                  ^~~~
      |                                                                  |
      |                                                                  uint8_t * {aka unsigned char *}
In file included from C:/Users/USUARIO/Desktop/Royer/universidad/PDM1/TRABAJO_FINAL_SISTEMA_CALEFACCION/Drivers/API/Inc/bmp280.h:17,
                 from ../Core/Src/main.c:24:
C:\ST\STM32CubeIDE_1.13.2\STM32CubeIDE\plugins\com.st.stm32cube.ide.mcu.externaltools.gnu-tools-for-stm32.11.3.rel1.win32_1.1.1.202309131626\tools\bin/../lib/gcc/arm-none-eabi/11.3.1/../../../../arm-none-eabi/include/string.h:41:18: note: expected 'const char *' but argument is of type 'uint8_t *' {aka 'unsigned char *'}
   41 | size_t   strlen (const char *);
      |                  ^~~~~~~~~~~~
../Core/Src/main.c:121:82: warning: pointer targets in passing argument 1 of 'strlen' differ in signedness [-Wpointer-sign]
  121 |                                         HAL_UART_Transmit(&huart2, Data, strlen (Data), 1000);
      |                                                                                  ^~~~
      |                                                                                  |
      |                                                                                  uint8_t * {aka unsigned char *}
In file included from C:/Users/USUARIO/Desktop/Royer/universidad/PDM1/TRABAJO_FINAL_SISTEMA_CALEFACCION/Drivers/API/Inc/bmp280.h:17,
                 from ../Core/Src/main.c:24:
C:\ST\STM32CubeIDE_1.13.2\STM32CubeIDE\plugins\com.st.stm32cube.ide.mcu.externaltools.gnu-tools-for-stm32.11.3.rel1.win32_1.1.1.202309131626\tools\bin/../lib/gcc/arm-none-eabi/11.3.1/../../../../arm-none-eabi/include/string.h:41:18: note: expected 'const char *' but argument is of type 'uint8_t *' {aka 'unsigned char *'}
   41 | size_t   strlen (const char *);
      |                  ^~~~~~~~~~~~
arm-none-eabi-gcc -o "TRABAJO_FINAL_SISTEMA_CALEFACCION.elf" @"objects.list"   -mcpu=cortex-m4 -T"C:\Users\USUARIO\Desktop\Royer\universidad\PDM1\TRABAJO_FINAL_SISTEMA_CALEFACCION\STM32F401RETX_FLASH.ld" --specs=nosys.specs -Wl,-Map="TRABAJO_FINAL_SISTEMA_CALEFACCION.map" -Wl,--gc-sections -static --specs=nano.specs -mfpu=fpv4-sp-d16 -mfloat-abi=hard -mthumb -u _printf_float -Wl,--start-group -lc -lm -Wl,--end-group
Finished building target: TRABAJO_FINAL_SISTEMA_CALEFACCION.elf
 
arm-none-eabi-size   TRABAJO_FINAL_SISTEMA_CALEFACCION.elf 
arm-none-eabi-objdump -h -S  TRABAJO_FINAL_SISTEMA_CALEFACCION.elf  > "TRABAJO_FINAL_SISTEMA_CALEFACCION.list"
   text	   data	    bss	    dec	    hex	filename
  36776	    476	   2372	  39624	   9ac8	TRABAJO_FINAL_SISTEMA_CALEFACCION.elf
Finished building: default.size.stdout
 
Finished building: TRABAJO_FINAL_SISTEMA_CALEFACCION.list
 
