16:11:37 **** Incremental Build of configuration Debug for project Practica2 ****
make -j8 all 
arm-none-eabi-size   Practica2.elf 
   text	   data	    bss	    dec	    hex	filename
   5812	     20	   1580	   7412	   1cf4	Practica2.elf
Finished building: default.size.stdout
 
16:12:24 **** Incremental Build of configuration Debug for project Practica2 ****
make -j8 all 
arm-none-eabi-gcc "../Core/Src/main.c" -mcpu=cortex-m4 -std=gnu11 -g3 -DDEBUG -DUSE_HAL_DRIVER -DSTM32F401xE -c -I../Core/Inc -I../Drivers/STM32F4xx_HAL_Driver/Inc -I../Drivers/STM32F4xx_HAL_Driver/Inc/Legacy -I../Drivers/CMSIS/Device/ST/STM32F4xx/Include -I../Drivers/CMSIS/Include -O0 -ffunction-sections -fdata-sections -Wall -fstack-usage -fcyclomatic-complexity -MMD -MP -MF"Core/Src/main.d" -MT"Core/Src/main.o" --specs=nano.specs -mfpu=fpv4-sp-d16 -mfloat-abi=hard -mthumb -o "Core/Src/main.o"
../Core/Src/main.c: In function 'main':
../Core/Src/main.c:106:27: error: 'GPIO_Pin_5' undeclared (first use in this function); did you mean 'GPIO_PIN_5'?
  106 | HAL_GPIO_TogglePin(GPIOA, GPIO_Pin_5);
      |                           ^~~~~~~~~~
      |                           GPIO_PIN_5
../Core/Src/main.c:106:27: note: each undeclared identifier is reported only once for each function it appears in
../Core/Src/main.c: In function 'delayRead':
../Core/Src/main.c:80:1: warning: control reaches end of non-void function [-Wreturn-type]
   80 | }
      | ^
make: *** [Core/Src/subdir.mk:37: Core/Src/main.o] Error 1
"make -j8 all" terminated with exit code 2. Build might be incomplete.
16:13:07 **** Incremental Build of configuration Debug for project Practica2 ****
make -j8 all 
arm-none-eabi-gcc "../Core/Src/main.c" -mcpu=cortex-m4 -std=gnu11 -g3 -DDEBUG -DUSE_HAL_DRIVER -DSTM32F401xE -c -I../Core/Inc -I../Drivers/STM32F4xx_HAL_Driver/Inc -I../Drivers/STM32F4xx_HAL_Driver/Inc/Legacy -I../Drivers/CMSIS/Device/ST/STM32F4xx/Include -I../Drivers/CMSIS/Include -O0 -ffunction-sections -fdata-sections -Wall -fstack-usage -fcyclomatic-complexity -MMD -MP -MF"Core/Src/main.d" -MT"Core/Src/main.o" --specs=nano.specs -mfpu=fpv4-sp-d16 -mfloat-abi=hard -mthumb -o "Core/Src/main.o"
../Core/Src/main.c: In function 'main':
../Core/Src/main.c:106:27: error: 'GPIO_Pin_5' undeclared (first use in this function); did you mean 'GPIO_PIN_5'?
  106 | HAL_GPIO_TogglePin(GPIOA, GPIO_Pin_5)
      |                           ^~~~~~~~~~
      |                           GPIO_PIN_5
../Core/Src/main.c:106:27: note: each undeclared identifier is reported only once for each function it appears in
../Core/Src/main.c:106:38: error: expected ';' before '}' token
  106 | HAL_GPIO_TogglePin(GPIOA, GPIO_Pin_5)
      |                                      ^
      |                                      ;
  107 | }
      | ~                                     
../Core/Src/main.c: In function 'delayRead':
../Core/Src/main.c:80:1: warning: control reaches end of non-void function [-Wreturn-type]
   80 | }
      | ^
make: *** [Core/Src/subdir.mk:37: Core/Src/main.o] Error 1
"make -j8 all" terminated with exit code 2. Build might be incomplete.
16:14:58 **** Incremental Build of configuration Debug for project Practica2 ****
make -j8 all 
arm-none-eabi-gcc "../Core/Src/main.c" -mcpu=cortex-m4 -std=gnu11 -g3 -DDEBUG -DUSE_HAL_DRIVER -DSTM32F401xE -c -I../Core/Inc -I../Drivers/STM32F4xx_HAL_Driver/Inc -I../Drivers/STM32F4xx_HAL_Driver/Inc/Legacy -I../Drivers/CMSIS/Device/ST/STM32F4xx/Include -I../Drivers/CMSIS/Include -O0 -ffunction-sections -fdata-sections -Wall -fstack-usage -fcyclomatic-complexity -MMD -MP -MF"Core/Src/main.d" -MT"Core/Src/main.o" --specs=nano.specs -mfpu=fpv4-sp-d16 -mfloat-abi=hard -mthumb -o "Core/Src/main.o"
../Core/Src/main.c: In function 'delayRead':
../Core/Src/main.c:80:1: warning: control reaches end of non-void function [-Wreturn-type]
   80 | }
      | ^
arm-none-eabi-gcc -o "Practica2.elf" @"objects.list"   -mcpu=cortex-m4 -T"C:\Users\USUARIO\Desktop\Royer\universidad\PDM1\Practica2\STM32F401RETX_FLASH.ld" --specs=nosys.specs -Wl,-Map="Practica2.map" -Wl,--gc-sections -static --specs=nano.specs -mfpu=fpv4-sp-d16 -mfloat-abi=hard -mthumb -Wl,--start-group -lc -lm -Wl,--end-group
Finished building target: Practica2.elf
 
arm-none-eabi-size   Practica2.elf 
arm-none-eabi-objdump -h -S  Practica2.elf  > "Practica2.list"
   text	   data	    bss	    dec	    hex	filename
   5880	     20	   1580	   7480	   1d38	Practica2.elf
Finished building: default.size.stdout
 
Finished building: Practica2.list
 
16:15:26 **** Incremental Build of configuration Debug for project Practica2 ****
make -j8 all 
arm-none-eabi-gcc "../Core/Src/main.c" -mcpu=cortex-m4 -std=gnu11 -g3 -DDEBUG -DUSE_HAL_DRIVER -DSTM32F401xE -c -I../Core/Inc -I../Drivers/STM32F4xx_HAL_Driver/Inc -I../Drivers/STM32F4xx_HAL_Driver/Inc/Legacy -I../Drivers/CMSIS/Device/ST/STM32F4xx/Include -I../Drivers/CMSIS/Include -O0 -ffunction-sections -fdata-sections -Wall -fstack-usage -fcyclomatic-complexity -MMD -MP -MF"Core/Src/main.d" -MT"Core/Src/main.o" --specs=nano.specs -mfpu=fpv4-sp-d16 -mfloat-abi=hard -mthumb -o "Core/Src/main.o"
../Core/Src/main.c: In function 'delayRead':
../Core/Src/main.c:80:1: warning: control reaches end of non-void function [-Wreturn-type]
   80 | }
      | ^
arm-none-eabi-gcc -o "Practica2.elf" @"objects.list"   -mcpu=cortex-m4 -T"C:\Users\USUARIO\Desktop\Royer\universidad\PDM1\Practica2\STM32F401RETX_FLASH.ld" --specs=nosys.specs -Wl,-Map="Practica2.map" -Wl,--gc-sections -static --specs=nano.specs -mfpu=fpv4-sp-d16 -mfloat-abi=hard -mthumb -Wl,--start-group -lc -lm -Wl,--end-group
Finished building target: Practica2.elf
 
arm-none-eabi-size   Practica2.elf 
arm-none-eabi-objdump -h -S  Practica2.elf  > "Practica2.list"
   text	   data	    bss	    dec	    hex	filename
   5880	     20	   1580	   7480	   1d38	Practica2.elf
Finished building: default.size.stdout
 
Finished building: Practica2.list
 
16:15:56 **** Incremental Build of configuration Debug for project Practica2 ****
make -j8 all 
arm-none-eabi-gcc "../Core/Src/main.c" -mcpu=cortex-m4 -std=gnu11 -g3 -DDEBUG -DUSE_HAL_DRIVER -DSTM32F401xE -c -I../Core/Inc -I../Drivers/STM32F4xx_HAL_Driver/Inc -I../Drivers/STM32F4xx_HAL_Driver/Inc/Legacy -I../Drivers/CMSIS/Device/ST/STM32F4xx/Include -I../Drivers/CMSIS/Include -O0 -ffunction-sections -fdata-sections -Wall -fstack-usage -fcyclomatic-complexity -MMD -MP -MF"Core/Src/main.d" -MT"Core/Src/main.o" --specs=nano.specs -mfpu=fpv4-sp-d16 -mfloat-abi=hard -mthumb -o "Core/Src/main.o"
../Core/Src/main.c: In function 'delayRead':
../Core/Src/main.c:80:1: warning: control reaches end of non-void function [-Wreturn-type]
   80 | }
      | ^
arm-none-eabi-gcc -o "Practica2.elf" @"objects.list"   -mcpu=cortex-m4 -T"C:\Users\USUARIO\Desktop\Royer\universidad\PDM1\Practica2\STM32F401RETX_FLASH.ld" --specs=nosys.specs -Wl,-Map="Practica2.map" -Wl,--gc-sections -static --specs=nano.specs -mfpu=fpv4-sp-d16 -mfloat-abi=hard -mthumb -Wl,--start-group -lc -lm -Wl,--end-group
Finished building target: Practica2.elf
 
arm-none-eabi-size   Practica2.elf 
arm-none-eabi-objdump -h -S  Practica2.elf  > "Practica2.list"
   text	   data	    bss	    dec	    hex	filename
   5804	     20	   1580	   7404	   1cec	Practica2.elf
Finished building: default.size.stdout
 
Finished building: Practica2.list
 
16:16:46 **** Incremental Build of configuration Debug for project Practica2 ****
make -j8 all 
arm-none-eabi-gcc "../Core/Src/main.c" -mcpu=cortex-m4 -std=gnu11 -g3 -DDEBUG -DUSE_HAL_DRIVER -DSTM32F401xE -c -I../Core/Inc -I../Drivers/STM32F4xx_HAL_Driver/Inc -I../Drivers/STM32F4xx_HAL_Driver/Inc/Legacy -I../Drivers/CMSIS/Device/ST/STM32F4xx/Include -I../Drivers/CMSIS/Include -O0 -ffunction-sections -fdata-sections -Wall -fstack-usage -fcyclomatic-complexity -MMD -MP -MF"Core/Src/main.d" -MT"Core/Src/main.o" --specs=nano.specs -mfpu=fpv4-sp-d16 -mfloat-abi=hard -mthumb -o "Core/Src/main.o"
../Core/Src/main.c: In function 'delayRead':
../Core/Src/main.c:80:1: warning: control reaches end of non-void function [-Wreturn-type]
   80 | }
      | ^
arm-none-eabi-gcc -o "Practica2.elf" @"objects.list"   -mcpu=cortex-m4 -T"C:\Users\USUARIO\Desktop\Royer\universidad\PDM1\Practica2\STM32F401RETX_FLASH.ld" --specs=nosys.specs -Wl,-Map="Practica2.map" -Wl,--gc-sections -static --specs=nano.specs -mfpu=fpv4-sp-d16 -mfloat-abi=hard -mthumb -Wl,--start-group -lc -lm -Wl,--end-group
Finished building target: Practica2.elf
 
arm-none-eabi-size   Practica2.elf 
arm-none-eabi-objdump -h -S  Practica2.elf  > "Practica2.list"
   text	   data	    bss	    dec	    hex	filename
   5804	     20	   1580	   7404	   1cec	Practica2.elf
Finished building: default.size.stdout
 
Finished building: Practica2.list
 
16:17:38 **** Incremental Build of configuration Debug for project Practica2 ****
make -j8 all 
arm-none-eabi-gcc "../Core/Src/main.c" -mcpu=cortex-m4 -std=gnu11 -g3 -DDEBUG -DUSE_HAL_DRIVER -DSTM32F401xE -c -I../Core/Inc -I../Drivers/STM32F4xx_HAL_Driver/Inc -I../Drivers/STM32F4xx_HAL_Driver/Inc/Legacy -I../Drivers/CMSIS/Device/ST/STM32F4xx/Include -I../Drivers/CMSIS/Include -O0 -ffunction-sections -fdata-sections -Wall -fstack-usage -fcyclomatic-complexity -MMD -MP -MF"Core/Src/main.d" -MT"Core/Src/main.o" --specs=nano.specs -mfpu=fpv4-sp-d16 -mfloat-abi=hard -mthumb -o "Core/Src/main.o"
../Core/Src/main.c: In function 'delayRead':
../Core/Src/main.c:80:1: warning: control reaches end of non-void function [-Wreturn-type]
   80 | }
      | ^
arm-none-eabi-gcc -o "Practica2.elf" @"objects.list"   -mcpu=cortex-m4 -T"C:\Users\USUARIO\Desktop\Royer\universidad\PDM1\Practica2\STM32F401RETX_FLASH.ld" --specs=nosys.specs -Wl,-Map="Practica2.map" -Wl,--gc-sections -static --specs=nano.specs -mfpu=fpv4-sp-d16 -mfloat-abi=hard -mthumb -Wl,--start-group -lc -lm -Wl,--end-group
Finished building target: Practica2.elf
 
arm-none-eabi-size   Practica2.elf 
arm-none-eabi-objdump -h -S  Practica2.elf  > "Practica2.list"
   text	   data	    bss	    dec	    hex	filename
   5804	     20	   1580	   7404	   1cec	Practica2.elf
Finished building: default.size.stdout
 
Finished building: Practica2.list
 
16:18:43 **** Incremental Build of configuration Debug for project Practica2 ****
make -j8 all 
arm-none-eabi-gcc "../Core/Src/main.c" -mcpu=cortex-m4 -std=gnu11 -g3 -DDEBUG -DUSE_HAL_DRIVER -DSTM32F401xE -c -I../Core/Inc -I../Drivers/STM32F4xx_HAL_Driver/Inc -I../Drivers/STM32F4xx_HAL_Driver/Inc/Legacy -I../Drivers/CMSIS/Device/ST/STM32F4xx/Include -I../Drivers/CMSIS/Include -O0 -ffunction-sections -fdata-sections -Wall -fstack-usage -fcyclomatic-complexity -MMD -MP -MF"Core/Src/main.d" -MT"Core/Src/main.o" --specs=nano.specs -mfpu=fpv4-sp-d16 -mfloat-abi=hard -mthumb -o "Core/Src/main.o"
../Core/Src/main.c: In function 'delayRead':
../Core/Src/main.c:76:1: warning: control reaches end of non-void function [-Wreturn-type]
   76 | }
      | ^
arm-none-eabi-gcc -o "Practica2.elf" @"objects.list"   -mcpu=cortex-m4 -T"C:\Users\USUARIO\Desktop\Royer\universidad\PDM1\Practica2\STM32F401RETX_FLASH.ld" --specs=nosys.specs -Wl,-Map="Practica2.map" -Wl,--gc-sections -static --specs=nano.specs -mfpu=fpv4-sp-d16 -mfloat-abi=hard -mthumb -Wl,--start-group -lc -lm -Wl,--end-group
Finished building target: Practica2.elf
 
arm-none-eabi-size   Practica2.elf 
arm-none-eabi-objdump -h -S  Practica2.elf  > "Practica2.list"
   text	   data	    bss	    dec	    hex	filename
   5820	     20	   1572	   7412	   1cf4	Practica2.elf
Finished building: default.size.stdout
 
Finished building: Practica2.list
 
16:21:05 **** Incremental Build of configuration Debug for project Practica2 ****
make -j8 all 
arm-none-eabi-gcc "../Core/Src/main.c" -mcpu=cortex-m4 -std=gnu11 -g3 -DDEBUG -DUSE_HAL_DRIVER -DSTM32F401xE -c -I../Core/Inc -I../Drivers/STM32F4xx_HAL_Driver/Inc -I../Drivers/STM32F4xx_HAL_Driver/Inc/Legacy -I../Drivers/CMSIS/Device/ST/STM32F4xx/Include -I../Drivers/CMSIS/Include -O0 -ffunction-sections -fdata-sections -Wall -fstack-usage -fcyclomatic-complexity -MMD -MP -MF"Core/Src/main.d" -MT"Core/Src/main.o" --specs=nano.specs -mfpu=fpv4-sp-d16 -mfloat-abi=hard -mthumb -o "Core/Src/main.o"
../Core/Src/main.c: In function 'delayRead':
../Core/Src/main.c:76:1: warning: control reaches end of non-void function [-Wreturn-type]
   76 | }
      | ^
arm-none-eabi-gcc -o "Practica2.elf" @"objects.list"   -mcpu=cortex-m4 -T"C:\Users\USUARIO\Desktop\Royer\universidad\PDM1\Practica2\STM32F401RETX_FLASH.ld" --specs=nosys.specs -Wl,-Map="Practica2.map" -Wl,--gc-sections -static --specs=nano.specs -mfpu=fpv4-sp-d16 -mfloat-abi=hard -mthumb -Wl,--start-group -lc -lm -Wl,--end-group
Finished building target: Practica2.elf
 
arm-none-eabi-size   Practica2.elf 
arm-none-eabi-objdump -h -S  Practica2.elf  > "Practica2.list"
   text	   data	    bss	    dec	    hex	filename
   5852	     20	   1572	   7444	   1d14	Practica2.elf
Finished building: default.size.stdout
 
Finished building: Practica2.list
 
16:21:58 **** Incremental Build of configuration Debug for project Practica2 ****
make -j8 all 
arm-none-eabi-gcc "../Core/Src/main.c" -mcpu=cortex-m4 -std=gnu11 -g3 -DDEBUG -DUSE_HAL_DRIVER -DSTM32F401xE -c -I../Core/Inc -I../Drivers/STM32F4xx_HAL_Driver/Inc -I../Drivers/STM32F4xx_HAL_Driver/Inc/Legacy -I../Drivers/CMSIS/Device/ST/STM32F4xx/Include -I../Drivers/CMSIS/Include -O0 -ffunction-sections -fdata-sections -Wall -fstack-usage -fcyclomatic-complexity -MMD -MP -MF"Core/Src/main.d" -MT"Core/Src/main.o" --specs=nano.specs -mfpu=fpv4-sp-d16 -mfloat-abi=hard -mthumb -o "Core/Src/main.o"
../Core/Src/main.c: In function 'delayRead':
../Core/Src/main.c:76:1: warning: control reaches end of non-void function [-Wreturn-type]
   76 | }
      | ^
arm-none-eabi-gcc -o "Practica2.elf" @"objects.list"   -mcpu=cortex-m4 -T"C:\Users\USUARIO\Desktop\Royer\universidad\PDM1\Practica2\STM32F401RETX_FLASH.ld" --specs=nosys.specs -Wl,-Map="Practica2.map" -Wl,--gc-sections -static --specs=nano.specs -mfpu=fpv4-sp-d16 -mfloat-abi=hard -mthumb -Wl,--start-group -lc -lm -Wl,--end-group
Finished building target: Practica2.elf
 
arm-none-eabi-size   Practica2.elf 
arm-none-eabi-objdump -h -S  Practica2.elf  > "Practica2.list"
   text	   data	    bss	    dec	    hex	filename
   5780	     20	   1572	   7372	   1ccc	Practica2.elf
Finished building: default.size.stdout
 
Finished building: Practica2.list
 
16:22:16 **** Incremental Build of configuration Debug for project Practica2 ****
make -j8 all 
arm-none-eabi-gcc "../Core/Src/main.c" -mcpu=cortex-m4 -std=gnu11 -g3 -DDEBUG -DUSE_HAL_DRIVER -DSTM32F401xE -c -I../Core/Inc -I../Drivers/STM32F4xx_HAL_Driver/Inc -I../Drivers/STM32F4xx_HAL_Driver/Inc/Legacy -I../Drivers/CMSIS/Device/ST/STM32F4xx/Include -I../Drivers/CMSIS/Include -O0 -ffunction-sections -fdata-sections -Wall -fstack-usage -fcyclomatic-complexity -MMD -MP -MF"Core/Src/main.d" -MT"Core/Src/main.o" --specs=nano.specs -mfpu=fpv4-sp-d16 -mfloat-abi=hard -mthumb -o "Core/Src/main.o"
../Core/Src/main.c: In function 'delayRead':
../Core/Src/main.c:76:1: warning: control reaches end of non-void function [-Wreturn-type]
   76 | }
      | ^
arm-none-eabi-gcc -o "Practica2.elf" @"objects.list"   -mcpu=cortex-m4 -T"C:\Users\USUARIO\Desktop\Royer\universidad\PDM1\Practica2\STM32F401RETX_FLASH.ld" --specs=nosys.specs -Wl,-Map="Practica2.map" -Wl,--gc-sections -static --specs=nano.specs -mfpu=fpv4-sp-d16 -mfloat-abi=hard -mthumb -Wl,--start-group -lc -lm -Wl,--end-group
Finished building target: Practica2.elf
 
arm-none-eabi-size   Practica2.elf 
arm-none-eabi-objdump -h -S  Practica2.elf  > "Practica2.list"
   text	   data	    bss	    dec	    hex	filename
   5852	     20	   1572	   7444	   1d14	Practica2.elf
Finished building: default.size.stdout
 
Finished building: Practica2.list
 
16:32:29 **** Incremental Build of configuration Debug for project Practica2 ****
make -j8 all 
arm-none-eabi-gcc "../Core/Src/main.c" -mcpu=cortex-m4 -std=gnu11 -g3 -DDEBUG -DUSE_HAL_DRIVER -DSTM32F401xE -c -I../Core/Inc -I../Drivers/STM32F4xx_HAL_Driver/Inc -I../Drivers/STM32F4xx_HAL_Driver/Inc/Legacy -I../Drivers/CMSIS/Device/ST/STM32F4xx/Include -I../Drivers/CMSIS/Include -O0 -ffunction-sections -fdata-sections -Wall -fstack-usage -fcyclomatic-complexity -MMD -MP -MF"Core/Src/main.d" -MT"Core/Src/main.o" --specs=nano.specs -mfpu=fpv4-sp-d16 -mfloat-abi=hard -mthumb -o "Core/Src/main.o"
../Core/Src/main.c: In function 'delayRead':
../Core/Src/main.c:76:1: warning: control reaches end of non-void function [-Wreturn-type]
   76 | }
      | ^
arm-none-eabi-gcc -o "Practica2.elf" @"objects.list"   -mcpu=cortex-m4 -T"C:\Users\USUARIO\Desktop\Royer\universidad\PDM1\Practica2\STM32F401RETX_FLASH.ld" --specs=nosys.specs -Wl,-Map="Practica2.map" -Wl,--gc-sections -static --specs=nano.specs -mfpu=fpv4-sp-d16 -mfloat-abi=hard -mthumb -Wl,--start-group -lc -lm -Wl,--end-group
Finished building target: Practica2.elf
 
arm-none-eabi-size   Practica2.elf 
arm-none-eabi-objdump -h -S  Practica2.elf  > "Practica2.list"
   text	   data	    bss	    dec	    hex	filename
   5836	     20	   1572	   7428	   1d04	Practica2.elf
Finished building: default.size.stdout
 
Finished building: Practica2.list
 
16:44:24 **** Incremental Build of configuration Debug for project Practica2 ****
make -j8 all 
arm-none-eabi-gcc "../Core/Src/main.c" -mcpu=cortex-m4 -std=gnu11 -g3 -DDEBUG -DUSE_HAL_DRIVER -DSTM32F401xE -c -I../Core/Inc -I../Drivers/STM32F4xx_HAL_Driver/Inc -I../Drivers/STM32F4xx_HAL_Driver/Inc/Legacy -I../Drivers/CMSIS/Device/ST/STM32F4xx/Include -I../Drivers/CMSIS/Include -O0 -ffunction-sections -fdata-sections -Wall -fstack-usage -fcyclomatic-complexity -MMD -MP -MF"Core/Src/main.d" -MT"Core/Src/main.o" --specs=nano.specs -mfpu=fpv4-sp-d16 -mfloat-abi=hard -mthumb -o "Core/Src/main.o"
arm-none-eabi-gcc -o "Practica2.elf" @"objects.list"   -mcpu=cortex-m4 -T"C:\Users\USUARIO\Desktop\Royer\universidad\PDM1\Practica2\STM32F401RETX_FLASH.ld" --specs=nosys.specs -Wl,-Map="Practica2.map" -Wl,--gc-sections -static --specs=nano.specs -mfpu=fpv4-sp-d16 -mfloat-abi=hard -mthumb -Wl,--start-group -lc -lm -Wl,--end-group
Finished building target: Practica2.elf
 
arm-none-eabi-size   Practica2.elf 
arm-none-eabi-objdump -h -S  Practica2.elf  > "Practica2.list"
   text	   data	    bss	    dec	    hex	filename
   5836	     20	   1572	   7428	   1d04	Practica2.elf
Finished building: default.size.stdout
 
Finished building: Practica2.list
 
16:44:52 **** Incremental Build of configuration Debug for project Practica2 ****
make -j8 all 
arm-none-eabi-gcc "../Core/Src/main.c" -mcpu=cortex-m4 -std=gnu11 -g3 -DDEBUG -DUSE_HAL_DRIVER -DSTM32F401xE -c -I../Core/Inc -I../Drivers/STM32F4xx_HAL_Driver/Inc -I../Drivers/STM32F4xx_HAL_Driver/Inc/Legacy -I../Drivers/CMSIS/Device/ST/STM32F4xx/Include -I../Drivers/CMSIS/Include -O0 -ffunction-sections -fdata-sections -Wall -fstack-usage -fcyclomatic-complexity -MMD -MP -MF"Core/Src/main.d" -MT"Core/Src/main.o" --specs=nano.specs -mfpu=fpv4-sp-d16 -mfloat-abi=hard -mthumb -o "Core/Src/main.o"
arm-none-eabi-gcc -o "Practica2.elf" @"objects.list"   -mcpu=cortex-m4 -T"C:\Users\USUARIO\Desktop\Royer\universidad\PDM1\Practica2\STM32F401RETX_FLASH.ld" --specs=nosys.specs -Wl,-Map="Practica2.map" -Wl,--gc-sections -static --specs=nano.specs -mfpu=fpv4-sp-d16 -mfloat-abi=hard -mthumb -Wl,--start-group -lc -lm -Wl,--end-group
Finished building target: Practica2.elf
 
arm-none-eabi-size   Practica2.elf 
arm-none-eabi-objdump -h -S  Practica2.elf  > "Practica2.list"
   text	   data	    bss	    dec	    hex	filename
   5840	     20	   1572	   7432	   1d08	Practica2.elf
Finished building: default.size.stdout
 
Finished building: Practica2.list
 
16:45:49 **** Incremental Build of configuration Debug for project Practica2 ****
make -j8 all 
arm-none-eabi-gcc "../Core/Src/main.c" -mcpu=cortex-m4 -std=gnu11 -g3 -DDEBUG -DUSE_HAL_DRIVER -DSTM32F401xE -c -I../Core/Inc -I../Drivers/STM32F4xx_HAL_Driver/Inc -I../Drivers/STM32F4xx_HAL_Driver/Inc/Legacy -I../Drivers/CMSIS/Device/ST/STM32F4xx/Include -I../Drivers/CMSIS/Include -O0 -ffunction-sections -fdata-sections -Wall -fstack-usage -fcyclomatic-complexity -MMD -MP -MF"Core/Src/main.d" -MT"Core/Src/main.o" --specs=nano.specs -mfpu=fpv4-sp-d16 -mfloat-abi=hard -mthumb -o "Core/Src/main.o"
arm-none-eabi-gcc -o "Practica2.elf" @"objects.list"   -mcpu=cortex-m4 -T"C:\Users\USUARIO\Desktop\Royer\universidad\PDM1\Practica2\STM32F401RETX_FLASH.ld" --specs=nosys.specs -Wl,-Map="Practica2.map" -Wl,--gc-sections -static --specs=nano.specs -mfpu=fpv4-sp-d16 -mfloat-abi=hard -mthumb -Wl,--start-group -lc -lm -Wl,--end-group
Finished building target: Practica2.elf
 
arm-none-eabi-size   Practica2.elf 
arm-none-eabi-objdump -h -S  Practica2.elf  > "Practica2.list"
   text	   data	    bss	    dec	    hex	filename
   5836	     20	   1572	   7428	   1d04	Practica2.elf
Finished building: default.size.stdout
 
Finished building: Practica2.list
 
16:51:01 **** Incremental Build of configuration Debug for project Practica2 ****
make -j8 all 
arm-none-eabi-gcc "../Core/Src/main.c" -mcpu=cortex-m4 -std=gnu11 -g3 -DDEBUG -DUSE_HAL_DRIVER -DSTM32F401xE -c -I../Core/Inc -I../Drivers/STM32F4xx_HAL_Driver/Inc -I../Drivers/STM32F4xx_HAL_Driver/Inc/Legacy -I../Drivers/CMSIS/Device/ST/STM32F4xx/Include -I../Drivers/CMSIS/Include -O0 -ffunction-sections -fdata-sections -Wall -fstack-usage -fcyclomatic-complexity -MMD -MP -MF"Core/Src/main.d" -MT"Core/Src/main.o" --specs=nano.specs -mfpu=fpv4-sp-d16 -mfloat-abi=hard -mthumb -o "Core/Src/main.o"
../Core/Src/main.c: In function 'main':
../Core/Src/main.c:132:34: error: 'GPIO_PIN' undeclared (first use in this function); did you mean 'GPIO_PIN_3'?
  132 |         HAL_GPIO_WritePin(GPIOA, GPIO_PIN, SET);
      |                                  ^~~~~~~~
      |                                  GPIO_PIN_3
../Core/Src/main.c:132:34: note: each undeclared identifier is reported only once for each function it appears in
make: *** [Core/Src/subdir.mk:37: Core/Src/main.o] Error 1
"make -j8 all" terminated with exit code 2. Build might be incomplete.
16:51:14 **** Incremental Build of configuration Debug for project Practica2 ****
make -j8 all 
arm-none-eabi-gcc "../Core/Src/main.c" -mcpu=cortex-m4 -std=gnu11 -g3 -DDEBUG -DUSE_HAL_DRIVER -DSTM32F401xE -c -I../Core/Inc -I../Drivers/STM32F4xx_HAL_Driver/Inc -I../Drivers/STM32F4xx_HAL_Driver/Inc/Legacy -I../Drivers/CMSIS/Device/ST/STM32F4xx/Include -I../Drivers/CMSIS/Include -O0 -ffunction-sections -fdata-sections -Wall -fstack-usage -fcyclomatic-complexity -MMD -MP -MF"Core/Src/main.d" -MT"Core/Src/main.o" --specs=nano.specs -mfpu=fpv4-sp-d16 -mfloat-abi=hard -mthumb -o "Core/Src/main.o"
arm-none-eabi-gcc -o "Practica2.elf" @"objects.list"   -mcpu=cortex-m4 -T"C:\Users\USUARIO\Desktop\Royer\universidad\PDM1\Practica2\STM32F401RETX_FLASH.ld" --specs=nosys.specs -Wl,-Map="Practica2.map" -Wl,--gc-sections -static --specs=nano.specs -mfpu=fpv4-sp-d16 -mfloat-abi=hard -mthumb -Wl,--start-group -lc -lm -Wl,--end-group
Finished building target: Practica2.elf
 
arm-none-eabi-size   Practica2.elf 
arm-none-eabi-objdump -h -S  Practica2.elf  > "Practica2.list"
   text	   data	    bss	    dec	    hex	filename
   5784	     20	   1572	   7376	   1cd0	Practica2.elf
Finished building: default.size.stdout
 
Finished building: Practica2.list
 
16:51:51 **** Incremental Build of configuration Debug for project Practica2 ****
make -j8 all 
arm-none-eabi-gcc "../Core/Src/main.c" -mcpu=cortex-m4 -std=gnu11 -g3 -DDEBUG -DUSE_HAL_DRIVER -DSTM32F401xE -c -I../Core/Inc -I../Drivers/STM32F4xx_HAL_Driver/Inc -I../Drivers/STM32F4xx_HAL_Driver/Inc/Legacy -I../Drivers/CMSIS/Device/ST/STM32F4xx/Include -I../Drivers/CMSIS/Include -O0 -ffunction-sections -fdata-sections -Wall -fstack-usage -fcyclomatic-complexity -MMD -MP -MF"Core/Src/main.d" -MT"Core/Src/main.o" --specs=nano.specs -mfpu=fpv4-sp-d16 -mfloat-abi=hard -mthumb -o "Core/Src/main.o"
arm-none-eabi-gcc -o "Practica2.elf" @"objects.list"   -mcpu=cortex-m4 -T"C:\Users\USUARIO\Desktop\Royer\universidad\PDM1\Practica2\STM32F401RETX_FLASH.ld" --specs=nosys.specs -Wl,-Map="Practica2.map" -Wl,--gc-sections -static --specs=nano.specs -mfpu=fpv4-sp-d16 -mfloat-abi=hard -mthumb -Wl,--start-group -lc -lm -Wl,--end-group
Finished building target: Practica2.elf
 
arm-none-eabi-size   Practica2.elf 
arm-none-eabi-objdump -h -S  Practica2.elf  > "Practica2.list"
   text	   data	    bss	    dec	    hex	filename
   5796	     20	   1572	   7388	   1cdc	Practica2.elf
Finished building: default.size.stdout
 
Finished building: Practica2.list
 
16:52:20 **** Incremental Build of configuration Debug for project Practica2 ****
make -j8 all 
arm-none-eabi-gcc "../Core/Src/main.c" -mcpu=cortex-m4 -std=gnu11 -g3 -DDEBUG -DUSE_HAL_DRIVER -DSTM32F401xE -c -I../Core/Inc -I../Drivers/STM32F4xx_HAL_Driver/Inc -I../Drivers/STM32F4xx_HAL_Driver/Inc/Legacy -I../Drivers/CMSIS/Device/ST/STM32F4xx/Include -I../Drivers/CMSIS/Include -O0 -ffunction-sections -fdata-sections -Wall -fstack-usage -fcyclomatic-complexity -MMD -MP -MF"Core/Src/main.d" -MT"Core/Src/main.o" --specs=nano.specs -mfpu=fpv4-sp-d16 -mfloat-abi=hard -mthumb -o "Core/Src/main.o"
arm-none-eabi-gcc -o "Practica2.elf" @"objects.list"   -mcpu=cortex-m4 -T"C:\Users\USUARIO\Desktop\Royer\universidad\PDM1\Practica2\STM32F401RETX_FLASH.ld" --specs=nosys.specs -Wl,-Map="Practica2.map" -Wl,--gc-sections -static --specs=nano.specs -mfpu=fpv4-sp-d16 -mfloat-abi=hard -mthumb -Wl,--start-group -lc -lm -Wl,--end-group
Finished building target: Practica2.elf
 
arm-none-eabi-size   Practica2.elf 
arm-none-eabi-objdump -h -S  Practica2.elf  > "Practica2.list"
   text	   data	    bss	    dec	    hex	filename
   5796	     20	   1572	   7388	   1cdc	Practica2.elf
Finished building: default.size.stdout
 
Finished building: Practica2.list
 
16:52:54 **** Incremental Build of configuration Debug for project Practica2 ****
make -j8 all 
arm-none-eabi-gcc "../Core/Src/main.c" -mcpu=cortex-m4 -std=gnu11 -g3 -DDEBUG -DUSE_HAL_DRIVER -DSTM32F401xE -c -I../Core/Inc -I../Drivers/STM32F4xx_HAL_Driver/Inc -I../Drivers/STM32F4xx_HAL_Driver/Inc/Legacy -I../Drivers/CMSIS/Device/ST/STM32F4xx/Include -I../Drivers/CMSIS/Include -O0 -ffunction-sections -fdata-sections -Wall -fstack-usage -fcyclomatic-complexity -MMD -MP -MF"Core/Src/main.d" -MT"Core/Src/main.o" --specs=nano.specs -mfpu=fpv4-sp-d16 -mfloat-abi=hard -mthumb -o "Core/Src/main.o"
arm-none-eabi-gcc -o "Practica2.elf" @"objects.list"   -mcpu=cortex-m4 -T"C:\Users\USUARIO\Desktop\Royer\universidad\PDM1\Practica2\STM32F401RETX_FLASH.ld" --specs=nosys.specs -Wl,-Map="Practica2.map" -Wl,--gc-sections -static --specs=nano.specs -mfpu=fpv4-sp-d16 -mfloat-abi=hard -mthumb -Wl,--start-group -lc -lm -Wl,--end-group
Finished building target: Practica2.elf
 
arm-none-eabi-size   Practica2.elf 
arm-none-eabi-objdump -h -S  Practica2.elf  > "Practica2.list"
   text	   data	    bss	    dec	    hex	filename
   5876	     20	   1572	   7468	   1d2c	Practica2.elf
Finished building: default.size.stdout
 
Finished building: Practica2.list
 
16:55:22 **** Incremental Build of configuration Debug for project Practica2 ****
make -j8 all 
arm-none-eabi-gcc "../Core/Src/main.c" -mcpu=cortex-m4 -std=gnu11 -g3 -DDEBUG -DUSE_HAL_DRIVER -DSTM32F401xE -c -I../Core/Inc -I../Drivers/STM32F4xx_HAL_Driver/Inc -I../Drivers/STM32F4xx_HAL_Driver/Inc/Legacy -I../Drivers/CMSIS/Device/ST/STM32F4xx/Include -I../Drivers/CMSIS/Include -O0 -ffunction-sections -fdata-sections -Wall -fstack-usage -fcyclomatic-complexity -MMD -MP -MF"Core/Src/main.d" -MT"Core/Src/main.o" --specs=nano.specs -mfpu=fpv4-sp-d16 -mfloat-abi=hard -mthumb -o "Core/Src/main.o"
arm-none-eabi-gcc -o "Practica2.elf" @"objects.list"   -mcpu=cortex-m4 -T"C:\Users\USUARIO\Desktop\Royer\universidad\PDM1\Practica2\STM32F401RETX_FLASH.ld" --specs=nosys.specs -Wl,-Map="Practica2.map" -Wl,--gc-sections -static --specs=nano.specs -mfpu=fpv4-sp-d16 -mfloat-abi=hard -mthumb -Wl,--start-group -lc -lm -Wl,--end-group
Finished building target: Practica2.elf
 
arm-none-eabi-size   Practica2.elf 
arm-none-eabi-objdump -h -S  Practica2.elf  > "Practica2.list"
   text	   data	    bss	    dec	    hex	filename
   5808	     20	   1572	   7400	   1ce8	Practica2.elf
Finished building: default.size.stdout
 
Finished building: Practica2.list
 
16:55:42 **** Incremental Build of configuration Debug for project Practica2 ****
make -j8 all 
arm-none-eabi-gcc "../Core/Src/main.c" -mcpu=cortex-m4 -std=gnu11 -g3 -DDEBUG -DUSE_HAL_DRIVER -DSTM32F401xE -c -I../Core/Inc -I../Drivers/STM32F4xx_HAL_Driver/Inc -I../Drivers/STM32F4xx_HAL_Driver/Inc/Legacy -I../Drivers/CMSIS/Device/ST/STM32F4xx/Include -I../Drivers/CMSIS/Include -O0 -ffunction-sections -fdata-sections -Wall -fstack-usage -fcyclomatic-complexity -MMD -MP -MF"Core/Src/main.d" -MT"Core/Src/main.o" --specs=nano.specs -mfpu=fpv4-sp-d16 -mfloat-abi=hard -mthumb -o "Core/Src/main.o"
arm-none-eabi-gcc -o "Practica2.elf" @"objects.list"   -mcpu=cortex-m4 -T"C:\Users\USUARIO\Desktop\Royer\universidad\PDM1\Practica2\STM32F401RETX_FLASH.ld" --specs=nosys.specs -Wl,-Map="Practica2.map" -Wl,--gc-sections -static --specs=nano.specs -mfpu=fpv4-sp-d16 -mfloat-abi=hard -mthumb -Wl,--start-group -lc -lm -Wl,--end-group
Finished building target: Practica2.elf
 
arm-none-eabi-size   Practica2.elf 
arm-none-eabi-objdump -h -S  Practica2.elf  > "Practica2.list"
   text	   data	    bss	    dec	    hex	filename
   5824	     20	   1572	   7416	   1cf8	Practica2.elf
Finished building: default.size.stdout
 
Finished building: Practica2.list
 
16:56:16 **** Incremental Build of configuration Debug for project Practica2 ****
make -j8 all 
arm-none-eabi-gcc "../Core/Src/main.c" -mcpu=cortex-m4 -std=gnu11 -g3 -DDEBUG -DUSE_HAL_DRIVER -DSTM32F401xE -c -I../Core/Inc -I../Drivers/STM32F4xx_HAL_Driver/Inc -I../Drivers/STM32F4xx_HAL_Driver/Inc/Legacy -I../Drivers/CMSIS/Device/ST/STM32F4xx/Include -I../Drivers/CMSIS/Include -O0 -ffunction-sections -fdata-sections -Wall -fstack-usage -fcyclomatic-complexity -MMD -MP -MF"Core/Src/main.d" -MT"Core/Src/main.o" --specs=nano.specs -mfpu=fpv4-sp-d16 -mfloat-abi=hard -mthumb -o "Core/Src/main.o"
arm-none-eabi-gcc -o "Practica2.elf" @"objects.list"   -mcpu=cortex-m4 -T"C:\Users\USUARIO\Desktop\Royer\universidad\PDM1\Practica2\STM32F401RETX_FLASH.ld" --specs=nosys.specs -Wl,-Map="Practica2.map" -Wl,--gc-sections -static --specs=nano.specs -mfpu=fpv4-sp-d16 -mfloat-abi=hard -mthumb -Wl,--start-group -lc -lm -Wl,--end-group
Finished building target: Practica2.elf
 
arm-none-eabi-size   Practica2.elf 
arm-none-eabi-objdump -h -S  Practica2.elf  > "Practica2.list"
   text	   data	    bss	    dec	    hex	filename
   5824	     20	   1572	   7416	   1cf8	Practica2.elf
Finished building: default.size.stdout
 
Finished building: Practica2.list
 
16:56:58 **** Incremental Build of configuration Debug for project Practica2 ****
make -j8 all 
arm-none-eabi-gcc "../Core/Src/main.c" -mcpu=cortex-m4 -std=gnu11 -g3 -DDEBUG -DUSE_HAL_DRIVER -DSTM32F401xE -c -I../Core/Inc -I../Drivers/STM32F4xx_HAL_Driver/Inc -I../Drivers/STM32F4xx_HAL_Driver/Inc/Legacy -I../Drivers/CMSIS/Device/ST/STM32F4xx/Include -I../Drivers/CMSIS/Include -O0 -ffunction-sections -fdata-sections -Wall -fstack-usage -fcyclomatic-complexity -MMD -MP -MF"Core/Src/main.d" -MT"Core/Src/main.o" --specs=nano.specs -mfpu=fpv4-sp-d16 -mfloat-abi=hard -mthumb -o "Core/Src/main.o"
arm-none-eabi-gcc -o "Practica2.elf" @"objects.list"   -mcpu=cortex-m4 -T"C:\Users\USUARIO\Desktop\Royer\universidad\PDM1\Practica2\STM32F401RETX_FLASH.ld" --specs=nosys.specs -Wl,-Map="Practica2.map" -Wl,--gc-sections -static --specs=nano.specs -mfpu=fpv4-sp-d16 -mfloat-abi=hard -mthumb -Wl,--start-group -lc -lm -Wl,--end-group
Finished building target: Practica2.elf
 
arm-none-eabi-size   Practica2.elf 
arm-none-eabi-objdump -h -S  Practica2.elf  > "Practica2.list"
   text	   data	    bss	    dec	    hex	filename
   5824	     20	   1572	   7416	   1cf8	Practica2.elf
Finished building: default.size.stdout
 
Finished building: Practica2.list
 
17:00:07 **** Incremental Build of configuration Debug for project Practica2 ****
make -j8 all 
arm-none-eabi-gcc "../Core/Src/main.c" -mcpu=cortex-m4 -std=gnu11 -g3 -DDEBUG -DUSE_HAL_DRIVER -DSTM32F401xE -c -I../Core/Inc -I../Drivers/STM32F4xx_HAL_Driver/Inc -I../Drivers/STM32F4xx_HAL_Driver/Inc/Legacy -I../Drivers/CMSIS/Device/ST/STM32F4xx/Include -I../Drivers/CMSIS/Include -O0 -ffunction-sections -fdata-sections -Wall -fstack-usage -fcyclomatic-complexity -MMD -MP -MF"Core/Src/main.d" -MT"Core/Src/main.o" --specs=nano.specs -mfpu=fpv4-sp-d16 -mfloat-abi=hard -mthumb -o "Core/Src/main.o"
arm-none-eabi-gcc -o "Practica2.elf" @"objects.list"   -mcpu=cortex-m4 -T"C:\Users\USUARIO\Desktop\Royer\universidad\PDM1\Practica2\STM32F401RETX_FLASH.ld" --specs=nosys.specs -Wl,-Map="Practica2.map" -Wl,--gc-sections -static --specs=nano.specs -mfpu=fpv4-sp-d16 -mfloat-abi=hard -mthumb -Wl,--start-group -lc -lm -Wl,--end-group
Finished building target: Practica2.elf
 
arm-none-eabi-size   Practica2.elf 
arm-none-eabi-objdump -h -S  Practica2.elf  > "Practica2.list"
   text	   data	    bss	    dec	    hex	filename
   5824	     20	   1572	   7416	   1cf8	Practica2.elf
Finished building: default.size.stdout
 
Finished building: Practica2.list
 
17:14:36 **** Incremental Build of configuration Debug for project Practica2 ****
make -j8 all 
arm-none-eabi-gcc "../Core/Src/main.c" -mcpu=cortex-m4 -std=gnu11 -g3 -DDEBUG -DUSE_HAL_DRIVER -DSTM32F401xE -c -I../Core/Inc -I../Drivers/STM32F4xx_HAL_Driver/Inc -I../Drivers/STM32F4xx_HAL_Driver/Inc/Legacy -I../Drivers/CMSIS/Device/ST/STM32F4xx/Include -I../Drivers/CMSIS/Include -O0 -ffunction-sections -fdata-sections -Wall -fstack-usage -fcyclomatic-complexity -MMD -MP -MF"Core/Src/main.d" -MT"Core/Src/main.o" --specs=nano.specs -mfpu=fpv4-sp-d16 -mfloat-abi=hard -mthumb -o "Core/Src/main.o"
../Core/Src/main.c: In function 'main':
../Core/Src/main.c:131:25: error: 'Retardo1' undeclared (first use in this function); did you mean 'Retardo'?
  131 |           if(delayRead(&Retardo1))
      |                         ^~~~~~~~
      |                         Retardo
../Core/Src/main.c:131:25: note: each undeclared identifier is reported only once for each function it appears in
make: *** [Core/Src/subdir.mk:37: Core/Src/main.o] Error 1
"make -j8 all" terminated with exit code 2. Build might be incomplete.
17:14:43 **** Incremental Build of configuration Debug for project Practica2 ****
make -j8 all 
arm-none-eabi-gcc "../Core/Src/main.c" -mcpu=cortex-m4 -std=gnu11 -g3 -DDEBUG -DUSE_HAL_DRIVER -DSTM32F401xE -c -I../Core/Inc -I../Drivers/STM32F4xx_HAL_Driver/Inc -I../Drivers/STM32F4xx_HAL_Driver/Inc/Legacy -I../Drivers/CMSIS/Device/ST/STM32F4xx/Include -I../Drivers/CMSIS/Include -O0 -ffunction-sections -fdata-sections -Wall -fstack-usage -fcyclomatic-complexity -MMD -MP -MF"Core/Src/main.d" -MT"Core/Src/main.o" --specs=nano.specs -mfpu=fpv4-sp-d16 -mfloat-abi=hard -mthumb -o "Core/Src/main.o"
../Core/Src/main.c: In function 'main':
../Core/Src/main.c:134:20: error: 'Retardo1' undeclared (first use in this function); did you mean 'Retardo'?
  134 |         delayInit(&Retardo1,timeHigh);
      |                    ^~~~~~~~
      |                    Retardo
../Core/Src/main.c:134:20: note: each undeclared identifier is reported only once for each function it appears in
make: *** [Core/Src/subdir.mk:37: Core/Src/main.o] Error 1
"make -j8 all" terminated with exit code 2. Build might be incomplete.
17:14:55 **** Incremental Build of configuration Debug for project Practica2 ****
make -j8 all 
arm-none-eabi-gcc "../Core/Src/main.c" -mcpu=cortex-m4 -std=gnu11 -g3 -DDEBUG -DUSE_HAL_DRIVER -DSTM32F401xE -c -I../Core/Inc -I../Drivers/STM32F4xx_HAL_Driver/Inc -I../Drivers/STM32F4xx_HAL_Driver/Inc/Legacy -I../Drivers/CMSIS/Device/ST/STM32F4xx/Include -I../Drivers/CMSIS/Include -O0 -ffunction-sections -fdata-sections -Wall -fstack-usage -fcyclomatic-complexity -MMD -MP -MF"Core/Src/main.d" -MT"Core/Src/main.o" --specs=nano.specs -mfpu=fpv4-sp-d16 -mfloat-abi=hard -mthumb -o "Core/Src/main.o"
../Core/Src/main.c: In function 'main':
../Core/Src/main.c:138:30: error: 'Retardo1' undeclared (first use in this function); did you mean 'Retardo'?
  138 |                   delayInit(&Retardo1,timeLow);
      |                              ^~~~~~~~
      |                              Retardo
../Core/Src/main.c:138:30: note: each undeclared identifier is reported only once for each function it appears in
make: *** [Core/Src/subdir.mk:37: Core/Src/main.o] Error 1
"make -j8 all" terminated with exit code 2. Build might be incomplete.
17:15:02 **** Incremental Build of configuration Debug for project Practica2 ****
make -j8 all 
arm-none-eabi-gcc "../Core/Src/main.c" -mcpu=cortex-m4 -std=gnu11 -g3 -DDEBUG -DUSE_HAL_DRIVER -DSTM32F401xE -c -I../Core/Inc -I../Drivers/STM32F4xx_HAL_Driver/Inc -I../Drivers/STM32F4xx_HAL_Driver/Inc/Legacy -I../Drivers/CMSIS/Device/ST/STM32F4xx/Include -I../Drivers/CMSIS/Include -O0 -ffunction-sections -fdata-sections -Wall -fstack-usage -fcyclomatic-complexity -MMD -MP -MF"Core/Src/main.d" -MT"Core/Src/main.o" --specs=nano.specs -mfpu=fpv4-sp-d16 -mfloat-abi=hard -mthumb -o "Core/Src/main.o"
arm-none-eabi-gcc -o "Practica2.elf" @"objects.list"   -mcpu=cortex-m4 -T"C:\Users\USUARIO\Desktop\Royer\universidad\PDM1\Practica2\STM32F401RETX_FLASH.ld" --specs=nosys.specs -Wl,-Map="Practica2.map" -Wl,--gc-sections -static --specs=nano.specs -mfpu=fpv4-sp-d16 -mfloat-abi=hard -mthumb -Wl,--start-group -lc -lm -Wl,--end-group
Finished building target: Practica2.elf
 
arm-none-eabi-size   Practica2.elf 
arm-none-eabi-objdump -h -S  Practica2.elf  > "Practica2.list"
   text	   data	    bss	    dec	    hex	filename
   5868	     20	   1572	   7460	   1d24	Practica2.elf
Finished building: default.size.stdout
 
Finished building: Practica2.list
 
17:18:01 **** Incremental Build of configuration Debug for project Practica2 ****
make -j8 all 
arm-none-eabi-gcc "../Core/Src/main.c" -mcpu=cortex-m4 -std=gnu11 -g3 -DDEBUG -DUSE_HAL_DRIVER -DSTM32F401xE -c -I../Core/Inc -I../Drivers/STM32F4xx_HAL_Driver/Inc -I../Drivers/STM32F4xx_HAL_Driver/Inc/Legacy -I../Drivers/CMSIS/Device/ST/STM32F4xx/Include -I../Drivers/CMSIS/Include -O0 -ffunction-sections -fdata-sections -Wall -fstack-usage -fcyclomatic-complexity -MMD -MP -MF"Core/Src/main.d" -MT"Core/Src/main.o" --specs=nano.specs -mfpu=fpv4-sp-d16 -mfloat-abi=hard -mthumb -o "Core/Src/main.o"
../Core/Src/main.c: In function 'main':
../Core/Src/main.c:100:8: warning: unused variable 'timeLow' [-Wunused-variable]
  100 | tick_t timeLow=500;
      |        ^~~~~~~
arm-none-eabi-gcc -o "Practica2.elf" @"objects.list"   -mcpu=cortex-m4 -T"C:\Users\USUARIO\Desktop\Royer\universidad\PDM1\Practica2\STM32F401RETX_FLASH.ld" --specs=nosys.specs -Wl,-Map="Practica2.map" -Wl,--gc-sections -static --specs=nano.specs -mfpu=fpv4-sp-d16 -mfloat-abi=hard -mthumb -Wl,--start-group -lc -lm -Wl,--end-group
Finished building target: Practica2.elf
 
arm-none-eabi-size   Practica2.elf 
arm-none-eabi-objdump -h -S  Practica2.elf  > "Practica2.list"
   text	   data	    bss	    dec	    hex	filename
   5844	     20	   1572	   7436	   1d0c	Practica2.elf
Finished building: default.size.stdout
 
Finished building: Practica2.list
 
17:23:11 **** Incremental Build of configuration Debug for project Practica2 ****
make -j8 all 
arm-none-eabi-gcc "../Core/Src/main.c" -mcpu=cortex-m4 -std=gnu11 -g3 -DDEBUG -DUSE_HAL_DRIVER -DSTM32F401xE -c -I../Core/Inc -I../Drivers/STM32F4xx_HAL_Driver/Inc -I../Drivers/STM32F4xx_HAL_Driver/Inc/Legacy -I../Drivers/CMSIS/Device/ST/STM32F4xx/Include -I../Drivers/CMSIS/Include -O0 -ffunction-sections -fdata-sections -Wall -fstack-usage -fcyclomatic-complexity -MMD -MP -MF"Core/Src/main.d" -MT"Core/Src/main.o" --specs=nano.specs -mfpu=fpv4-sp-d16 -mfloat-abi=hard -mthumb -o "Core/Src/main.o"
arm-none-eabi-gcc -o "Practica2.elf" @"objects.list"   -mcpu=cortex-m4 -T"C:\Users\USUARIO\Desktop\Royer\universidad\PDM1\Practica2\STM32F401RETX_FLASH.ld" --specs=nosys.specs -Wl,-Map="Practica2.map" -Wl,--gc-sections -static --specs=nano.specs -mfpu=fpv4-sp-d16 -mfloat-abi=hard -mthumb -Wl,--start-group -lc -lm -Wl,--end-group
Finished building target: Practica2.elf
 
arm-none-eabi-size   Practica2.elf 
arm-none-eabi-objdump -h -S  Practica2.elf  > "Practica2.list"
   text	   data	    bss	    dec	    hex	filename
   5832	     20	   1572	   7424	   1d00	Practica2.elf
Finished building: default.size.stdout
 
Finished building: Practica2.list
 
