01:50:53 **** Incremental Build of configuration Debug for project PRACT4 ****
make -j8 all 
arm-none-eabi-gcc "../Core/Src/main.c" -mcpu=cortex-m4 -std=gnu11 -g3 -DDEBUG -DUSE_HAL_DRIVER -DSTM32F401xE -c -I../Core/Inc -I../Drivers/STM32F4xx_HAL_Driver/Inc -I../Drivers/STM32F4xx_HAL_Driver/Inc/Legacy -I../Drivers/CMSIS/Device/ST/STM32F4xx/Include -I../Drivers/CMSIS/Include -I"C:/Users/USUARIO/Desktop/Royer/universidad/PDM1/PRACT4/Drivers/API/Inc" -I"C:/Users/USUARIO/Desktop/Royer/universidad/PDM1/PRACT4/Drivers/API/Src" -I"C:/Users/USUARIO/Desktop/Royer/universidad/PDM1/PRACT4/Drivers/API" -O0 -ffunction-sections -fdata-sections -Wall -fstack-usage -fcyclomatic-complexity -MMD -MP -MF"Core/Src/main.d" -MT"Core/Src/main.o" --specs=nano.specs -mfpu=fpv4-sp-d16 -mfloat-abi=hard -mthumb -o "Core/Src/main.o"
arm-none-eabi-gcc -o "PRACT4.elf" @"objects.list"   -mcpu=cortex-m4 -T"C:\Users\USUARIO\Desktop\Royer\universidad\PDM1\PRACT4\STM32F401RETX_FLASH.ld" --specs=nosys.specs -Wl,-Map="PRACT4.map" -Wl,--gc-sections -static --specs=nano.specs -mfpu=fpv4-sp-d16 -mfloat-abi=hard -mthumb -Wl,--start-group -lc -lm -Wl,--end-group
Finished building target: PRACT4.elf
 
arm-none-eabi-size   PRACT4.elf 
arm-none-eabi-objdump -h -S  PRACT4.elf  > "PRACT4.list"
   text	   data	    bss	    dec	    hex	filename
   6344	     32	   1616	   7992	   1f38	PRACT4.elf
Finished building: default.size.stdout
 
Finished building: PRACT4.list
 
01:50:58 **** Incremental Build of configuration Debug for project PRACT4 ****
make -j8 all 
arm-none-eabi-size   PRACT4.elf 
   text	   data	    bss	    dec	    hex	filename
   6344	     32	   1616	   7992	   1f38	PRACT4.elf
Finished building: default.size.stdout
 
