21:01:10 **** Incremental Build of configuration Debug for project Practica1 ****
make -j8 all 
arm-none-eabi-gcc "../Core/Src/main.c" -mcpu=cortex-m4 -std=gnu11 -g3 -DDEBUG -DUSE_HAL_DRIVER -DSTM32F401xE -c -I../Core/Inc -I../Drivers/STM32F4xx_HAL_Driver/Inc -I../Drivers/STM32F4xx_HAL_Driver/Inc/Legacy -I../Drivers/CMSIS/Device/ST/STM32F4xx/Include -I../Drivers/CMSIS/Include -O0 -ffunction-sections -fdata-sections -Wall -fstack-usage -fcyclomatic-complexity -MMD -MP -MF"Core/Src/main.d" -MT"Core/Src/main.o" --specs=nano.specs -mfpu=fpv4-sp-d16 -mfloat-abi=hard -mthumb -o "Core/Src/main.o"
arm-none-eabi-gcc -o "Practica1.elf" @"objects.list"   -mcpu=cortex-m4 -T"C:\Users\USUARIO\Desktop\Royer\universidad\PDM1\Practica1\STM32F401RETX_FLASH.ld" --specs=nosys.specs -Wl,-Map="Practica1.map" -Wl,--gc-sections -static --specs=nano.specs -mfpu=fpv4-sp-d16 -mfloat-abi=hard -mthumb -Wl,--start-group -lc -lm -Wl,--end-group
Finished building target: Practica1.elf
 
arm-none-eabi-size   Practica1.elf 
arm-none-eabi-objdump -h -S  Practica1.elf  > "Practica1.list"
   text	   data	    bss	    dec	    hex	filename
   5808	     20	   1572	   7400	   1ce8	Practica1.elf
Finished building: default.size.stdout
 
Finished building: Practica1.list
 

21:01:11 Build Finished. 0 errors, 0 warnings. (took 814ms)

