14:34:33 **** Incremental Build of configuration Debug for project Presion ****
make -j8 all 
arm-none-eabi-gcc "../Core/Src/main.c" -mcpu=cortex-m4 -std=gnu11 -g3 -DDEBUG -DUSE_HAL_DRIVER -DSTM32F401xE -c -I../Core/Inc -I../Drivers/STM32F4xx_HAL_Driver/Inc -I../Drivers/STM32F4xx_HAL_Driver/Inc/Legacy -I../Drivers/CMSIS/Device/ST/STM32F4xx/Include -I../Drivers/CMSIS/Include -I"C:/Users/USUARIO/Desktop/Royer/universidad/PDM1/Presion/Drivers/API/Src" -I"C:/Users/USUARIO/Desktop/Royer/universidad/PDM1/Presion/Drivers/API/Inc" -I"C:/Users/USUARIO/Desktop/Royer/universidad/PDM1/Presion/Drivers/API" -O0 -ffunction-sections -fdata-sections -Wall -fstack-usage -fcyclomatic-complexity -MMD -MP -MF"Core/Src/main.d" -MT"Core/Src/main.o" --specs=nano.specs -mfpu=fpv4-sp-d16 -mfloat-abi=hard -mthumb -o "Core/Src/main.o"
arm-none-eabi-gcc -o "Presion.elf" @"objects.list"   -mcpu=cortex-m4 -T"C:\Users\USUARIO\Desktop\Royer\universidad\PDM1\Presion\STM32F401RETX_FLASH.ld" --specs=nosys.specs -Wl,-Map="Presion.map" -Wl,--gc-sections -static --specs=nano.specs -mfpu=fpv4-sp-d16 -mfloat-abi=hard -mthumb -u _printf_float -Wl,--start-group -lc -lm -Wl,--end-group
Finished building target: Presion.elf
 
arm-none-eabi-size   Presion.elf 
arm-none-eabi-objdump -h -S  Presion.elf  > "Presion.list"
   text	   data	    bss	    dec	    hex	filename
  31192	    476	   2380	  34048	   8500	Presion.elf
Finished building: default.size.stdout
 
Finished building: Presion.list
 

14:34:35 Build Finished. 0 errors, 0 warnings. (took 1s.382ms)

