19:11:02 **** Incremental Build of configuration Debug for project SENSOR ****
make -j8 all 
arm-none-eabi-gcc "../Core/Src/bmp2.c" -mcpu=cortex-m4 -std=gnu11 -g3 -DDEBUG -DUSE_HAL_DRIVER -DSTM32F401xE -c -I../Core/Inc -I../Drivers/STM32F4xx_HAL_Driver/Inc -I../Drivers/STM32F4xx_HAL_Driver/Inc/Legacy -I../Drivers/CMSIS/Device/ST/STM32F4xx/Include -I../Drivers/CMSIS/Include -I"C:/Users/USUARIO/Desktop/Royer/universidad/PDM1/SENSOR/Core/Src" -O0 -ffunction-sections -fdata-sections -Wall -fstack-usage -fcyclomatic-complexity -MMD -MP -MF"Core/Src/bmp2.d" -MT"Core/Src/bmp2.o" --specs=nano.specs -mfpu=fpv4-sp-d16 -mfloat-abi=hard -mthumb -o "Core/Src/bmp2.o"
arm-none-eabi-gcc -o "SENSOR.elf" @"objects.list"   -mcpu=cortex-m4 -T"C:\Users\USUARIO\Desktop\Royer\universidad\PDM1\SENSOR\STM32F401RETX_FLASH.ld" --specs=nosys.specs -Wl,-Map="SENSOR.map" -Wl,--gc-sections -static --specs=nano.specs -mfpu=fpv4-sp-d16 -mfloat-abi=hard -mthumb -Wl,--start-group -lc -lm -Wl,--end-group
Finished building target: SENSOR.elf
 
arm-none-eabi-size   SENSOR.elf 
arm-none-eabi-objdump -h -S  SENSOR.elf  > "SENSOR.list"
   text	   data	    bss	    dec	    hex	filename
  12208	     20	   1724	  13952	   3680	SENSOR.elf
Finished building: default.size.stdout
 
Finished building: SENSOR.list
 

19:11:02 Build Finished. 0 errors, 0 warnings. (took 841ms)

