03:48:54 **** Incremental Build of configuration Debug for project TP_FINAL_ALTURA ****
make -j8 all 
arm-none-eabi-gcc "../Drivers/API/Src/MEF.c" -mcpu=cortex-m4 -std=gnu11 -g3 -DDEBUG -DUSE_HAL_DRIVER -DSTM32F401xE -c -I../Core/Inc -I../Drivers/STM32F4xx_HAL_Driver/Inc -I../Drivers/STM32F4xx_HAL_Driver/Inc/Legacy -I../Drivers/CMSIS/Device/ST/STM32F4xx/Include -I../Drivers/CMSIS/Include -I"C:/Users/USUARIO/Desktop/Royer/universidad/PDM1/PDM/TP_FINAL_ALTURA/Drivers/API" -I"C:/Users/USUARIO/Desktop/Royer/universidad/PDM1/PDM/TP_FINAL_ALTURA/Drivers/API/Inc" -I"C:/Users/USUARIO/Desktop/Royer/universidad/PDM1/PDM/TP_FINAL_ALTURA/Drivers/API/Src" -O0 -ffunction-sections -fdata-sections -Wall -fstack-usage -fcyclomatic-complexity -MMD -MP -MF"Drivers/API/Src/MEF.d" -MT"Drivers/API/Src/MEF.o" --specs=nano.specs -mfpu=fpv4-sp-d16 -mfloat-abi=hard -mthumb -o "Drivers/API/Src/MEF.o"
../Drivers/API/Src/MEF.c:17:13: warning: 'mensaje' defined but not used [-Wunused-variable]
   17 | static char mensaje;
      |             ^~~~~~~
arm-none-eabi-gcc -o "TP_FINAL_ALTURA.elf" @"objects.list"   -mcpu=cortex-m4 -T"C:\Users\USUARIO\Desktop\Royer\universidad\PDM1\PDM\TP_FINAL_ALTURA\STM32F401RETX_FLASH.ld" --specs=nosys.specs -Wl,-Map="TP_FINAL_ALTURA.map" -Wl,--gc-sections -static --specs=nano.specs -mfpu=fpv4-sp-d16 -mfloat-abi=hard -mthumb -u _printf_float -Wl,--start-group -lc -lm -Wl,--end-group
Finished building target: TP_FINAL_ALTURA.elf
 
arm-none-eabi-size  TP_FINAL_ALTURA.elf 
arm-none-eabi-objdump -h -S TP_FINAL_ALTURA.elf  > "TP_FINAL_ALTURA.list"
   text	   data	    bss	    dec	    hex	filename
  37816	    476	   2420	  40712	   9f08	TP_FINAL_ALTURA.elf
Finished building: default.size.stdout
 
Finished building: TP_FINAL_ALTURA.list
 

03:48:57 Build Finished. 0 errors, 1 warnings. (took 2s.57ms)

