09:14:18 **** Incremental Build of configuration Debug for project TRABAJO_FINAL_SISTEMA_CALEFACCION ****
make -j8 all 
arm-none-eabi-gcc "../Core/Src/main.c" -mcpu=cortex-m4 -std=gnu11 -g3 -DDEBUG -DUSE_HAL_DRIVER -DSTM32F401xE -c -I../Core/Inc -I../Drivers/STM32F4xx_HAL_Driver/Inc -I../Drivers/STM32F4xx_HAL_Driver/Inc/Legacy -I../Drivers/CMSIS/Device/ST/STM32F4xx/Include -I../Drivers/CMSIS/Include -I"C:/Users/USUARIO/Desktop/Royer/universidad/PDM1/TRABAJO_FINAL_SISTEMA_CALEFACCION/Drivers/API/Inc" -I"C:/Users/USUARIO/Desktop/Royer/universidad/PDM1/TRABAJO_FINAL_SISTEMA_CALEFACCION/Drivers/API/Src" -O0 -ffunction-sections -fdata-sections -Wall -fstack-usage -fcyclomatic-complexity -MMD -MP -MF"Core/Src/main.d" -MT"Core/Src/main.o" --specs=nano.specs -mfpu=fpv4-sp-d16 -mfloat-abi=hard -mthumb -o "Core/Src/main.o"
arm-none-eabi-gcc -o "TRABAJO_FINAL_SISTEMA_CALEFACCION.elf" @"objects.list"   -mcpu=cortex-m4 -T"C:\Users\USUARIO\Desktop\Royer\universidad\PDM1\TRABAJO_FINAL_SISTEMA_CALEFACCION\STM32F401RETX_FLASH.ld" --specs=nosys.specs -Wl,-Map="TRABAJO_FINAL_SISTEMA_CALEFACCION.map" -Wl,--gc-sections -static --specs=nano.specs -mfpu=fpv4-sp-d16 -mfloat-abi=hard -mthumb -u _printf_float -Wl,--start-group -lc -lm -Wl,--end-group
Finished building target: TRABAJO_FINAL_SISTEMA_CALEFACCION.elf
 
arm-none-eabi-size   TRABAJO_FINAL_SISTEMA_CALEFACCION.elf 
arm-none-eabi-objdump -h -S  TRABAJO_FINAL_SISTEMA_CALEFACCION.elf  > "TRABAJO_FINAL_SISTEMA_CALEFACCION.list"
   text	   data	    bss	    dec	    hex	filename
  36728	    476	   2388	  39592	   9aa8	TRABAJO_FINAL_SISTEMA_CALEFACCION.elf
Finished building: default.size.stdout
 
Finished building: TRABAJO_FINAL_SISTEMA_CALEFACCION.list
 

09:14:20 Build Finished. 0 errors, 0 warnings. (took 1s.522ms)

