14:00:12 **** Incremental Build of configuration Debug for project TRABAJO_FINAL_SISTEMA_CALEFACCION ****
make -j8 all 
arm-none-eabi-gcc "../Drivers/API/Src/API_UART.c" -mcpu=cortex-m4 -std=gnu11 -g3 -DDEBUG -DUSE_HAL_DRIVER -DSTM32F401xE -c -I../Core/Inc -I../Drivers/STM32F4xx_HAL_Driver/Inc -I../Drivers/STM32F4xx_HAL_Driver/Inc/Legacy -I../Drivers/CMSIS/Device/ST/STM32F4xx/Include -I../Drivers/CMSIS/Include -I"C:/Users/USUARIO/Desktop/Royer/universidad/PDM1/TRABAJO_FINAL_SISTEMA_CALEFACCION/Drivers/API/Inc" -I"C:/Users/USUARIO/Desktop/Royer/universidad/PDM1/TRABAJO_FINAL_SISTEMA_CALEFACCION/Drivers/API/Src" -O0 -ffunction-sections -fdata-sections -Wall -fstack-usage -fcyclomatic-complexity -MMD -MP -MF"Drivers/API/Src/API_UART.d" -MT"Drivers/API/Src/API_UART.o" --specs=nano.specs -mfpu=fpv4-sp-d16 -mfloat-abi=hard -mthumb -o "Drivers/API/Src/API_UART.o"
../Drivers/API/Src/API_UART.c: In function 'UART_TrasmitSensor':
../Drivers/API/Src/API_UART.c:27:49: warning: pointer targets in passing argument 1 of 'strlen' differ in signedness [-Wpointer-sign]
   27 |         HAL_UART_Transmit(&huart2, Data, strlen(Data), Delay_Max_UART);
      |                                                 ^~~~
      |                                                 |
      |                                                 uint8_t * {aka unsigned char *}
In file included from ../Drivers/API/Src/API_UART.c:12:
C:\ST\STM32CubeIDE_1.13.2\STM32CubeIDE\plugins\com.st.stm32cube.ide.mcu.externaltools.gnu-tools-for-stm32.11.3.rel1.win32_1.1.1.202309131626\tools\bin/../lib/gcc/arm-none-eabi/11.3.1/../../../../arm-none-eabi/include/string.h:41:18: note: expected 'const char *' but argument is of type 'uint8_t *' {aka 'unsigned char *'}
   41 | size_t   strlen (const char *);
      |                  ^~~~~~~~~~~~
arm-none-eabi-gcc -o "TRABAJO_FINAL_SISTEMA_CALEFACCION.elf" @"objects.list"   -mcpu=cortex-m4 -T"C:\Users\USUARIO\Desktop\Royer\universidad\PDM1\TRABAJO_FINAL_SISTEMA_CALEFACCION\STM32F401RETX_FLASH.ld" --specs=nosys.specs -Wl,-Map="TRABAJO_FINAL_SISTEMA_CALEFACCION.map" -Wl,--gc-sections -static --specs=nano.specs -mfpu=fpv4-sp-d16 -mfloat-abi=hard -mthumb -u _printf_float -Wl,--start-group -lc -lm -Wl,--end-group
Finished building target: TRABAJO_FINAL_SISTEMA_CALEFACCION.elf
 
arm-none-eabi-size   TRABAJO_FINAL_SISTEMA_CALEFACCION.elf 
arm-none-eabi-objdump -h -S  TRABAJO_FINAL_SISTEMA_CALEFACCION.elf  > "TRABAJO_FINAL_SISTEMA_CALEFACCION.list"
   text	   data	    bss	    dec	    hex	filename
  31308	    476	   2140	  33924	   8484	TRABAJO_FINAL_SISTEMA_CALEFACCION.elf
Finished building: default.size.stdout
 
Finished building: TRABAJO_FINAL_SISTEMA_CALEFACCION.list
 

14:00:13 Build Finished. 0 errors, 1 warnings. (took 969ms)

